2025/05/22 22:12:03 Starting cygwin install, version 2.930
2025/05/22 22:12:03 User has backup/restore rights
2025/05/22 22:12:03 User has symlink creation right
2025/05/22 22:12:03 io_stream_cygfile: fopen(/etc/setup/setup.rc) failed 2 No such file or directory
2025/05/22 22:12:03 Current Directory: E:\U\Assignment\CS202\Project\Uart\cygwin
2025/05/22 22:12:05 mbox : Are you sure you want to exit setup? Any current download or installation will be aborted.
2025/05/22 22:12:06 io_stream_cygfile: fopen(/etc/setup/setup.rc) failed 2 No such file or directory
2025/05/22 22:12:06 Ending cygwin install
2025/05/22 22:24:15 Starting cygwin install, version 2.930
2025/05/22 22:24:15 User has backup/restore rights
2025/05/22 22:24:15 User has symlink creation right
2025/05/22 22:24:15 Current Directory: E:\U\Assignment\CS202\Project\Uart\cygwin
2025/05/22 22:24:16 mbox : Are you sure you want to exit setup? Any current download or installation will be aborted.
2025/05/22 22:24:18 Ending cygwin install
2025/05/22 22:24:21 Starting cygwin install, version 2.930
2025/05/22 22:24:21 User has backup/restore rights
2025/05/22 22:24:21 User has symlink creation right
2025/05/22 22:24:21 Current Directory: E:\U\Assignment\CS202\Project\Uart\cygwin
2025/05/22 22:24:24 mbox : Are you sure you want to exit setup? Any current download or installation will be aborted.
2025/05/22 22:24:25 Ending cygwin install
