INFO: [VRFC 10-2263] Analyzing Verilog file "C:/Users/48946/Documents/GitHub/Computer-Organization-Project/pipelineCPU/pipelineCPU.srcs/sources_1/ip/pgram/sim/pgram.v" into library xil_defaultlib
INFO: [VRFC 10-311] analyzing module pgram
INFO: [VRFC 10-2263] Analyzing Verilog file "C:/Users/48946/Documents/GitHub/Computer-Organization-Project/pipelineCPU/pipelineCPU.srcs/sources_1/ip/pgrom/sim/pgrom.v" into library xil_defaultlib
INFO: [VRFC 10-311] analyzing module pgrom
INFO: [VRFC 10-2263] Analyzing Verilog file "C:/Users/48946/Documents/GitHub/Computer-Organization-Project/pipelineCPU/pipelineCPU.srcs/sources_1/new/ClockDivider.v" into library xil_defaultlib
INFO: [VRFC 10-311] analyzing module ClockDivider
INFO: [VRFC 10-2263] Analyzing Verilog file "C:/Users/48946/Documents/GitHub/Computer-Organization-Project/pipelineCPU/pipelineCPU.srcs/sources_1/new/EXE.v" into library xil_defaultlib
INFO: [VRFC 10-311] analyzing module EXE
INFO: [VRFC 10-2263] Analyzing Verilog file "C:/Users/48946/Documents/GitHub/Computer-Organization-Project/pipelineCPU/pipelineCPU.srcs/sources_1/new/FW.v" into library xil_defaultlib
INFO: [VRFC 10-311] analyzing module FW
INFO: [VRFC 10-2263] Analyzing Verilog file "C:/Users/48946/Documents/GitHub/Computer-Organization-Project/pipelineCPU/pipelineCPU.srcs/sources_1/new/HarzardDetection.v" into library xil_defaultlib
INFO: [VRFC 10-311] analyzing module HarzardDetection
INFO: [VRFC 10-2263] Analyzing Verilog file "C:/Users/48946/Documents/GitHub/Computer-Organization-Project/pipelineCPU/pipelineCPU.srcs/sources_1/new/IF.v" into library xil_defaultlib
INFO: [VRFC 10-311] analyzing module IF
INFO: [VRFC 10-2263] Analyzing Verilog file "C:/Users/48946/Documents/GitHub/Computer-Organization-Project/pipelineCPU/pipelineCPU.srcs/sources_1/new/InputModule.v" into library xil_defaultlib
INFO: [VRFC 10-311] analyzing module InputModule
INFO: [VRFC 10-2263] Analyzing Verilog file "C:/Users/48946/Documents/GitHub/Computer-Organization-Project/pipelineCPU/pipelineCPU.srcs/sources_1/new/MEM.v" into library xil_defaultlib
INFO: [VRFC 10-311] analyzing module MEM
INFO: [VRFC 10-2263] Analyzing Verilog file "C:/Users/48946/Documents/GitHub/Computer-Organization-Project/pipelineCPU/pipelineCPU.srcs/sources_1/new/OutputModule.v" into library xil_defaultlib
INFO: [VRFC 10-311] analyzing module OutputModule
INFO: [VRFC 10-2263] Analyzing Verilog file "C:/Users/48946/Documents/GitHub/Computer-Organization-Project/pipelineCPU/pipelineCPU.srcs/sources_1/new/SegDisplay.v" into library xil_defaultlib
INFO: [VRFC 10-311] analyzing module SegDisplay
INFO: [VRFC 10-2263] Analyzing Verilog file "C:/Users/48946/Documents/GitHub/Computer-Organization-Project/pipelineCPU/pipelineCPU.srcs/sources_1/new/SegGenerator.v" into library xil_defaultlib
INFO: [VRFC 10-311] analyzing module SegGenerator
INFO: [VRFC 10-2263] Analyzing SystemVerilog file "C:/Users/48946/Documents/GitHub/Computer-Organization-Project/pipelineCPU/pipelineCPU.srcs/sources_1/new/ID.v" into library xil_defaultlib
INFO: [VRFC 10-311] analyzing module ID
INFO: [VRFC 10-2263] Analyzing SystemVerilog file "C:/Users/48946/Documents/GitHub/Computer-Organization-Project/pipelineCPU/pipelineCPU.srcs/sources_1/new/UartReg.v" into library xil_defaultlib
INFO: [VRFC 10-311] analyzing module UartReg
INFO: [VRFC 10-311] analyzing module uart32_8
INFO: [VRFC 10-2263] Analyzing SystemVerilog file "C:/Users/48946/Documents/GitHub/Computer-Organization-Project/pipelineCPU/pipelineCPU.srcs/sources_1/new/UartRx.v" into library xil_defaultlib
INFO: [VRFC 10-311] analyzing module UartRx
INFO: [VRFC 10-2263] Analyzing SystemVerilog file "C:/Users/48946/Documents/GitHub/Computer-Organization-Project/pipelineCPU/pipelineCPU.srcs/sources_1/new/UartTop.v" into library xil_defaultlib
INFO: [VRFC 10-311] analyzing module UartTop
INFO: [VRFC 10-2263] Analyzing SystemVerilog file "C:/Users/48946/Documents/GitHub/Computer-Organization-Project/pipelineCPU/pipelineCPU.srcs/sources_1/new/UartTx.v" into library xil_defaultlib
INFO: [VRFC 10-311] analyzing module UartTx
INFO: [VRFC 10-2263] Analyzing SystemVerilog file "C:/Users/48946/Documents/GitHub/Computer-Organization-Project/pipelineCPU/pipelineCPU.srcs/sources_1/new/WB.v" into library xil_defaultlib
INFO: [VRFC 10-311] analyzing module WB
INFO: [VRFC 10-2263] Analyzing SystemVerilog file "C:/Users/48946/Documents/GitHub/Computer-Organization-Project/pipelineCPU/pipelineCPU.srcs/sources_1/new/top_module.v" into library xil_defaultlib
INFO: [VRFC 10-311] analyzing module top_module
INFO: [VRFC 10-2263] Analyzing Verilog file "C:/Users/48946/Documents/GitHub/Computer-Organization-Project/pipelineCPU/pipelineCPU.srcs/sim_1/new/tb_pipeline.v" into library xil_defaultlib
INFO: [VRFC 10-311] analyzing module tb_pipeline
INFO: [VRFC 10-2263] Analyzing Verilog file "C:/Users/48946/Documents/GitHub/Computer-Organization-Project/pipelineCPU/pipelineCPU.sim/sim_1/behav/xsim/glbl.v" into library xil_defaultlib
INFO: [VRFC 10-311] analyzing module glbl
