Copyright 1986-2017 Xilinx, Inc. All Rights Reserved.
---------------------------------------------------------------------------------------
| Tool Version : Vivado v.2017.4 (win64) Build 2086221 Fri Dec 15 20:55:39 MST 2017
| Date         : Fri May 23 01:48:54 2025
| Host         : Dupreeh running 64-bit major release  (build 9200)
| Command      : report_control_sets -verbose -file top_module_control_sets_placed.rpt
| Design       : top_module
| Device       : xc7a35t
---------------------------------------------------------------------------------------

Control Set Information

Table of Contents
-----------------
1. Summary
2. Flip-Flop Distribution
3. Detailed Control Set Information

1. Summary
----------

+----------------------------------------------------------+-------+
|                          Status                          | Count |
+----------------------------------------------------------+-------+
| Number of unique control sets                            |   167 |
| Unused register locations in slices containing registers |   466 |
+----------------------------------------------------------+-------+


2. Flip-Flop Distribution
-------------------------

+--------------+-----------------------+------------------------+-----------------+--------------+
| Clock Enable | Synchronous Set/Reset | Asynchronous Set/Reset | Total Registers | Total Slices |
+--------------+-----------------------+------------------------+-----------------+--------------+
| No           | No                    | No                     |             201 |          104 |
| No           | No                    | Yes                    |              99 |           35 |
| No           | Yes                   | No                     |              42 |           13 |
| Yes          | No                    | No                     |              13 |            4 |
| Yes          | No                    | Yes                    |            1272 |          814 |
| Yes          | Yes                   | No                     |              35 |           12 |
+--------------+-----------------------+------------------------+-----------------+--------------+


3. Detailed Control Set Information
-----------------------------------

+----------------------------------------+------------------------------------------------------------------------------------------------------------------------+---------------------------------------------------------------------------------------------------------------------------------+------------------+----------------+
|              Clock Signal              |                                                      Enable Signal                                                     |                                                         Set/Reset Signal                                                        | Slice Load Count | Bel Load Count |
+----------------------------------------+------------------------------------------------------------------------------------------------------------------------+---------------------------------------------------------------------------------------------------------------------------------+------------------+----------------+
|  uut_debounce_divider/clk_de           | uut_input/cp_done_stable_i_1_n_3                                                                                       | uut_decoder/regs_reg[19][31]_0                                                                                                  |                1 |              1 |
|  clk_BUFG                              | uut_if/regs_reg[20][31][0]                                                                                             | uut_decoder/regs[1][28]_i_1_n_3                                                                                                 |                1 |              1 |
|  clk_BUFG                              | uut_if/regs_reg[20][31][0]                                                                                             | uut_decoder/regs[1][30]_i_1_n_3                                                                                                 |                1 |              1 |
|  uut_bmpg/inst/upg_inst/rdStat_BUFG    | uut_bmpg/inst/upg_inst/upg_wen_o2_out                                                                                  | upg_rst                                                                                                                         |                1 |              1 |
|  clk_in1_BUFG                          |                                                                                                                        | uut_decoder/regs_reg[9][1]_0                                                                                                    |                1 |              1 |
|  uut_output/uut_clk_display/CLK        |                                                                                                                        | uut_clk_divider/cnt_reg[0]_0                                                                                                    |                1 |              1 |
|  n_0_1458_BUFG                         |                                                                                                                        |                                                                                                                                 |                1 |              1 |
|  clk_in1_BUFG                          |                                                                                                                        | uut_decoder/regs_reg[19][31]_0                                                                                                  |                1 |              1 |
|  clk_in1_BUFG                          | fpga_rst_IBUF                                                                                                          | start_pg_IBUF                                                                                                                   |                1 |              1 |
|  uut_clk_wiz/inst/clk_out2             | uut_bmpg/inst/upg_inst/upg_done_o_i_1_n_0                                                                              | upg_rst                                                                                                                         |                1 |              1 |
|  clk_BUFG                              | uut_if/regs_reg[20][31][0]                                                                                             | uut_clk_divider/cnt_reg[0]_0                                                                                                    |                1 |              1 |
|  uut_debounce_divider/clk_de           | uut_input/done_stable_i_1_n_3                                                                                          | uut_decoder/regs_reg[19][31]_0                                                                                                  |                1 |              1 |
|  uut_bmpg/inst/upg_inst/rdStat_BUFG    |                                                                                                                        | upg_rst                                                                                                                         |                1 |              2 |
|  clk_BUFG                              | uut_if/regs_reg[23][31][0]                                                                                             | uut_decoder/regs[1][30]_i_1_n_3                                                                                                 |                2 |              2 |
|  clk_BUFG                              | uut_if/regs_reg[20][31][0]                                                                                             | uut_decoder/regs[1][31]_i_2_n_3                                                                                                 |                2 |              2 |
|  uut_clk_divider/regs_reg[30][15]_BUFG |                                                                                                                        |                                                                                                                                 |                2 |              2 |
|  clk_BUFG                              | uut_if/regs_reg[22][31][0]                                                                                             | uut_decoder/regs[1][31]_i_2_n_3                                                                                                 |                1 |              2 |
|  clk_BUFG                              | uut_if/regs_reg[22][31][0]                                                                                             | uut_decoder/regs[1][30]_i_1_n_3                                                                                                 |                2 |              2 |
|  clk_BUFG                              | uut_if/regs_reg[23][31][0]                                                                                             | uut_decoder/regs[1][31]_i_2_n_3                                                                                                 |                2 |              2 |
|  clk_BUFG                              | uut_if/regs_reg[21][31][0]                                                                                             | uut_decoder/regs[1][30]_i_1_n_3                                                                                                 |                2 |              2 |
|  clk_BUFG                              | uut_if/regs_reg[21][31][0]                                                                                             | uut_decoder/regs[1][31]_i_2_n_3                                                                                                 |                2 |              2 |
|  uut_clk_divider/clka_BUFG             |                                                                                                                        |                                                                                                                                 |                1 |              2 |
|  uut_output/uut_clk_display/CLK        |                                                                                                                        | uut_decoder/regs_reg[9][1]_0                                                                                                    |                2 |              3 |
|  clk_BUFG                              | uut_if/regs_reg[22][31][0]                                                                                             | uut_decoder/regs_reg[23][27]_0                                                                                                  |                3 |              3 |
|  uut_clk_wiz/inst/clk_out2             | uut_bmpg/inst/upg_inst/s_axi_wdata                                                                                     |                                                                                                                                 |                1 |              3 |
|  clk_BUFG                              | uut_if/regs_reg[23][31][0]                                                                                             | uut_decoder/regs_reg[23][27]_0                                                                                                  |                3 |              3 |
|  clk_BUFG                              | uut_if/regs_reg[21][31][0]                                                                                             | uut_decoder/regs_reg[23][27]_0                                                                                                  |                3 |              3 |
|  clk_BUFG                              | uut_if/regs_reg[20][31][0]                                                                                             | uut_decoder/regs_reg[23][27]_0                                                                                                  |                3 |              3 |
|  uut_clk_wiz/inst/clk_out2             | uut_bmpg/inst/upg_inst/s_axi_wdata                                                                                     | uut_bmpg/inst/upg_inst/s_axi_wdata[6]_i_1_n_0                                                                                   |                3 |              4 |
|  uut_clk_wiz/inst/clk_out2             | uut_bmpg/inst/upg_inst/axi_uart_inst/U0/UARTLITE_CORE_I/BAUD_RATE_I/en_16x_Baud                                        |                                                                                                                                 |                2 |              4 |
|  uut_debounce_divider/clk_de           | uut_input/cp_done_counter                                                                                              | uut_input/cp_done_counter[3]_i_1_n_3                                                                                            |                1 |              4 |
|  uut_debounce_divider/clk_de           | uut_input/done_counter                                                                                                 | uut_input/done_counter[3]_i_1_n_3                                                                                               |                2 |              4 |
|  uut_clk_wiz/inst/clk_out2             | uut_bmpg/inst/upg_inst/axi_uart_inst/U0/AXI_LITE_IPIF_I/I_SLAVE_ATTACHMENT/start2                                      | uut_bmpg/inst/upg_inst/axi_uart_inst/U0/AXI_LITE_IPIF_I/I_SLAVE_ATTACHMENT/I_DECODER/cs_ce_clr                                  |                1 |              4 |
|  clk_BUFG                              |                                                                                                                        | uut_decoder/regs_reg[19][31]_0                                                                                                  |                1 |              4 |
|  uut_clk_wiz/inst/clk_out2             |                                                                                                                        | uut_bmpg/inst/upg_inst/axi_uart_inst/U0/UARTLITE_CORE_I/UARTLITE_RX_I/SRL_FIFO_I/I_SRL_FIFO_RBU_F/CNTR_INCR_DECR_ADDN_F_I/SS[0] |                2 |              6 |
|  uut_clk_wiz/inst/clk_out2             |                                                                                                                        | uut_bmpg/inst/upg_inst/axi_uart_inst/U0/UARTLITE_CORE_I/UARTLITE_TX_I/SRL_FIFO_I/I_SRL_FIFO_RBU_F/CNTR_INCR_DECR_ADDN_F_I/SS[0] |                2 |              6 |
|  clk_BUFG                              | uut_if/regs_reg[5][31][0]                                                                                              | uut_decoder/regs[1][30]_i_1_n_3                                                                                                 |                6 |              7 |
|  clk_BUFG                              | uut_if/regs_reg[3][31][0]                                                                                              | uut_decoder/regs[1][31]_i_2_n_3                                                                                                 |                6 |              7 |
|  clk_BUFG                              | uut_if/regs_reg[6][31][0]                                                                                              | uut_decoder/regs[1][30]_i_1_n_3                                                                                                 |                6 |              7 |
|  uut_clk_wiz/inst/clk_out2             | uut_bmpg/inst/upg_inst/axi_uart_inst/U0/AXI_LITE_IPIF_I/I_SLAVE_ATTACHMENT/I_DECODER/fifo_wr                           |                                                                                                                                 |                1 |              7 |
|  clk_BUFG                              | uut_if/regs_reg[4][31][0]                                                                                              | uut_decoder/regs[1][31]_i_2_n_3                                                                                                 |                5 |              7 |
|  clk_BUFG                              | uut_if/regs_reg[7][31][0]                                                                                              | uut_decoder/regs[1][30]_i_1_n_3                                                                                                 |                6 |              7 |
|  clk_BUFG                              | uut_if/regs_reg[1][31][0]                                                                                              | uut_decoder/regs[1][31]_i_2_n_3                                                                                                 |                5 |              7 |
|  uut_output/uut_seg_gen/E[0]           |                                                                                                                        |                                                                                                                                 |                3 |              7 |
|  uut_output/uut_seg_gen/seg2[1][0]     |                                                                                                                        |                                                                                                                                 |                4 |              7 |
|  clk_BUFG                              | uut_if/regs_reg[2][31][0]                                                                                              | uut_decoder/regs[1][31]_i_2_n_3                                                                                                 |                4 |              7 |
|  uut_clk_wiz/inst/clk_out2             | uut_bmpg/inst/upg_inst/msg_indx[7]_i_1_n_0                                                                             | upg_rst                                                                                                                         |                3 |              8 |
|  uut_bmpg/inst/upg_inst/rdStat_BUFG    | uut_bmpg/inst/upg_inst/s_axi_aresetn0                                                                                  | upg_rst                                                                                                                         |                5 |              8 |
|  clk_BUFG                              | uut_if/regs_reg[29][31][0]                                                                                             | uut_decoder/regs[1][31]_i_2_n_3                                                                                                 |                5 |              8 |
|  clk_BUFG                              | uut_if/regs_reg[29][31][0]                                                                                             | uut_decoder/regs[1][28]_i_1_n_3                                                                                                 |                7 |              8 |
|  clk_BUFG                              | uut_if/regs_reg[29][31][0]                                                                                             | uut_decoder/regs[1][12]_i_1_n_3                                                                                                 |                3 |              8 |
|  uut_clk_wiz/inst/clk_out2             |                                                                                                                        | uut_bmpg/inst/upg_inst/axi_uart_inst/U0/AXI_LITE_IPIF_I/I_SLAVE_ATTACHMENT/rst                                                  |                3 |              8 |
|  clk_BUFG                              | uut_if/regs_reg[29][31][0]                                                                                             | uut_decoder/regs[1][30]_i_1_n_3                                                                                                 |                8 |              8 |
|  uut_clk_wiz/inst/clk_out2             | uut_bmpg/inst/upg_inst/axi_uart_inst/U0/UARTLITE_CORE_I/UARTLITE_RX_I/SRL_FIFO_I/I_SRL_FIFO_RBU_F/DYNSHREG_F_I/fifo_wr |                                                                                                                                 |                1 |              8 |
|  clk_BUFG                              | uut_if/regs_reg[27][31][0]                                                                                             | uut_decoder/regs[1][12]_i_1_n_3                                                                                                 |                4 |              8 |
|  uut_clk_wiz/inst/clk_out2             | uut_bmpg/inst/upg_inst/uart_rdat                                                                                       |                                                                                                                                 |                2 |              8 |
|  clk_BUFG                              | uut_if/regs_reg[8][31][0]                                                                                              | uut_decoder/regs_reg[15][27]_0                                                                                                  |                4 |              8 |
|  uut_clk_wiz/inst/clk_out2             | uut_bmpg/inst/upg_inst/axi_uart_inst/U0/AXI_LITE_IPIF_I/I_SLAVE_ATTACHMENT/s_axi_rdata_i                               | uut_bmpg/inst/upg_inst/axi_uart_inst/U0/AXI_LITE_IPIF_I/I_SLAVE_ATTACHMENT/rst                                                  |                2 |              8 |
|  clk_BUFG                              | uut_if/regs_reg[27][31][0]                                                                                             | uut_decoder/regs[1][31]_i_2_n_3                                                                                                 |                5 |              8 |
|  clk_BUFG                              | uut_if/regs_reg[27][31][0]                                                                                             | uut_decoder/regs[1][28]_i_1_n_3                                                                                                 |                7 |              8 |
|  clk_BUFG                              | uut_if/E[0]                                                                                                            | uut_decoder/regs_reg[15][27]_0                                                                                                  |                5 |              8 |
|  clk_BUFG                              | uut_if/regs_reg[27][31][0]                                                                                             | uut_decoder/regs[1][30]_i_1_n_3                                                                                                 |                8 |              8 |
|  clk_BUFG                              | uut_if/regs_reg[26][31][0]                                                                                             | uut_decoder/regs[1][31]_i_2_n_3                                                                                                 |                5 |              8 |
|  clk_BUFG                              | uut_if/regs_reg[21][31][0]                                                                                             | uut_decoder/regs_reg[19][31]_0                                                                                                  |                6 |              8 |
|  clk_BUFG                              | uut_if/regs_reg[25][31][0]                                                                                             | uut_decoder/regs[1][30]_i_1_n_3                                                                                                 |                8 |              8 |
|  clk_BUFG                              | uut_if/regs_reg[26][31][0]                                                                                             | uut_decoder/regs[1][28]_i_1_n_3                                                                                                 |                7 |              8 |
|  clk_BUFG                              | uut_if/regs_reg[1][31][0]                                                                                              | uut_decoder/regs[1][30]_i_1_n_3                                                                                                 |                6 |              8 |
|  clk_BUFG                              | uut_if/regs_reg[16][31][0]                                                                                             | uut_decoder/regs[16][14]_i_1_n_3                                                                                                |                4 |              8 |
|  clk_BUFG                              | uut_if/regs_reg[16][31][0]                                                                                             | uut_decoder/regs_reg[23][27]_0                                                                                                  |                7 |              8 |
|  clk_BUFG                              | uut_if/regs_reg[26][31][0]                                                                                             | uut_decoder/regs[1][30]_i_1_n_3                                                                                                 |                8 |              8 |
|  clk_BUFG                              | uut_if/regs_reg[17][31][0]                                                                                             | uut_decoder/regs_reg[23][27]_0                                                                                                  |                5 |              8 |
|  clk_BUFG                              | uut_if/regs_reg[28][31][0]                                                                                             | uut_decoder/regs[1][31]_i_2_n_3                                                                                                 |                5 |              8 |
|  clk_BUFG                              | uut_if/regs_reg[25][31][0]                                                                                             | uut_decoder/regs[1][28]_i_1_n_3                                                                                                 |                7 |              8 |
|  clk_BUFG                              | uut_if/regs_reg[19][31][0]                                                                                             | uut_decoder/regs_reg[23][27]_0                                                                                                  |                7 |              8 |
|  clk_BUFG                              | uut_if/regs_reg[19][31][0]                                                                                             | uut_decoder/regs[16][14]_i_1_n_3                                                                                                |                2 |              8 |
|  clk_BUFG                              | uut_if/regs_reg[18][31][0]                                                                                             | uut_decoder/regs_reg[23][27]_0                                                                                                  |                7 |              8 |
|  clk_BUFG                              | uut_if/regs_reg[18][31][0]                                                                                             | uut_decoder/regs[16][14]_i_1_n_3                                                                                                |                3 |              8 |
|  clk_BUFG                              | uut_if/regs_reg[26][31][0]                                                                                             | uut_decoder/regs[1][12]_i_1_n_3                                                                                                 |                4 |              8 |
|  clk_BUFG                              | uut_if/regs_reg[25][31][0]                                                                                             | uut_decoder/regs[1][12]_i_1_n_3                                                                                                 |                4 |              8 |
|  clk_BUFG                              | uut_if/regs_reg[20][31][0]                                                                                             | uut_decoder/regs_reg[19][31]_0                                                                                                  |                6 |              8 |
|  clk_BUFG                              | uut_if/regs_reg[30][31][0]                                                                                             | uut_decoder/regs[1][30]_i_1_n_3                                                                                                 |                8 |              8 |
|  clk_BUFG                              | uut_if/regs_reg[28][31][0]                                                                                             | uut_decoder/regs[1][28]_i_1_n_3                                                                                                 |                7 |              8 |
|  clk_BUFG                              | uut_if/regs_reg[23][31][0]                                                                                             | uut_decoder/regs_reg[19][31]_0                                                                                                  |                7 |              8 |
|  clk_BUFG                              | uut_if/regs_reg[24][31][0]                                                                                             | uut_decoder/regs[1][30]_i_1_n_3                                                                                                 |                8 |              8 |
|  clk_BUFG                              | uut_if/regs_reg[24][31][0]                                                                                             | uut_decoder/regs[1][12]_i_1_n_3                                                                                                 |                4 |              8 |
|  clk_BUFG                              | uut_if/regs_reg[24][31][0]                                                                                             | uut_decoder/regs[1][28]_i_1_n_3                                                                                                 |                7 |              8 |
|  clk_BUFG                              | uut_if/regs_reg[24][31][0]                                                                                             | uut_decoder/regs[1][31]_i_2_n_3                                                                                                 |                6 |              8 |
|  clk_BUFG                              | uut_if/regs_reg[2][31][0]                                                                                              | uut_decoder/regs[1][30]_i_1_n_3                                                                                                 |                6 |              8 |
|  clk_BUFG                              | uut_if/regs_reg[2][31][0]                                                                                              | uut_decoder/regs[1][28]_i_1_n_3                                                                                                 |                7 |              8 |
|  clk_BUFG                              | uut_if/regs_reg[30][31][0]                                                                                             | uut_decoder/regs[1][12]_i_1_n_3                                                                                                 |                6 |              8 |
|  clk_BUFG                              | uut_if/regs_reg[30][31][0]                                                                                             | uut_decoder/regs[1][28]_i_1_n_3                                                                                                 |                8 |              8 |
|  clk_BUFG                              | uut_if/regs_reg[30][31][0]                                                                                             | uut_decoder/regs[1][31]_i_2_n_3                                                                                                 |                5 |              8 |
|  clk_BUFG                              | uut_if/regs_reg[28][31][0]                                                                                             | uut_decoder/regs[1][12]_i_1_n_3                                                                                                 |                4 |              8 |
|  clk_BUFG                              | uut_if/regs_reg[28][31][0]                                                                                             | uut_decoder/regs[1][30]_i_1_n_3                                                                                                 |                8 |              8 |
|  clk_BUFG                              | uut_if/regs_reg[22][31][0]                                                                                             | uut_decoder/regs_reg[19][31]_0                                                                                                  |                6 |              8 |
|  clk_BUFG                              | uut_if/regs_reg[4][31][0]                                                                                              | uut_decoder/regs[1][30]_i_1_n_3                                                                                                 |                7 |              8 |
|  clk_BUFG                              | uut_if/regs_reg[4][31][0]                                                                                              | uut_decoder/regs[1][28]_i_1_n_3                                                                                                 |                8 |              8 |
|  clk_BUFG                              | uut_if/regs_reg[5][31][0]                                                                                              | uut_decoder/regs[1][31]_i_2_n_3                                                                                                 |                5 |              8 |
|  clk_BUFG                              | uut_if/regs_reg[7][31][0]                                                                                              | uut_decoder/regs[1][12]_i_1_n_3                                                                                                 |                7 |              8 |
|  clk_BUFG                              | uut_if/regs_reg[7][31][0]                                                                                              | uut_decoder/regs[1][31]_i_2_n_3                                                                                                 |                5 |              8 |
|  clk_BUFG                              | uut_if/regs_reg[25][31][0]                                                                                             | uut_decoder/regs[1][31]_i_2_n_3                                                                                                 |                6 |              8 |
|  clk_BUFG                              | uut_if/regs_reg[6][31][0]                                                                                              | uut_decoder/regs[1][12]_i_1_n_3                                                                                                 |                6 |              8 |
|  clk_BUFG                              | uut_if/regs_reg[6][31][0]                                                                                              | uut_decoder/regs[1][31]_i_2_n_3                                                                                                 |                5 |              8 |
|  clk_BUFG                              | uut_if/regs_reg[5][31][0]                                                                                              | uut_decoder/regs[1][12]_i_1_n_3                                                                                                 |                5 |              8 |
|  clk_BUFG                              | uut_if/regs_reg[31][31][0]                                                                                             | uut_decoder/regs[1][30]_i_1_n_3                                                                                                 |                8 |              8 |
|  clk_BUFG                              | uut_if/regs_reg[31][31][0]                                                                                             | uut_decoder/regs[1][12]_i_1_n_3                                                                                                 |                6 |              8 |
|  clk_BUFG                              | uut_if/regs_reg[31][31][0]                                                                                             | uut_decoder/regs[1][28]_i_1_n_3                                                                                                 |                7 |              8 |
|  clk_BUFG                              | uut_if/regs_reg[31][31][0]                                                                                             | uut_decoder/regs[1][31]_i_2_n_3                                                                                                 |                6 |              8 |
|  clk_BUFG                              | uut_if/regs_reg[3][31][0]                                                                                              | uut_decoder/regs[1][30]_i_1_n_3                                                                                                 |                7 |              8 |
|  clk_BUFG                              | uut_if/regs_reg[3][31][0]                                                                                              | uut_decoder/regs[1][28]_i_1_n_3                                                                                                 |                7 |              8 |
|  clk_BUFG                              | uut_if/regs_reg[1][31][0]                                                                                              | uut_decoder/regs[1][28]_i_1_n_3                                                                                                 |                6 |              8 |
|  clk_BUFG                              | uut_if/regs_reg[4][31][0]                                                                                              | uut_decoder/regs[1][12]_i_1_n_3                                                                                                 |                4 |              9 |
|  clk_BUFG                              | uut_if/regs_reg[11][31][0]                                                                                             | uut_decoder/regs_reg[15][27]_0                                                                                                  |                6 |              9 |
|  clk_BUFG                              | uut_if/regs_reg[6][31][0]                                                                                              | uut_decoder/regs[1][28]_i_1_n_3                                                                                                 |                9 |              9 |
|  clk_BUFG                              | uut_if/regs_reg[12][31][0]                                                                                             | uut_decoder/regs_reg[15][27]_0                                                                                                  |                5 |              9 |
|  clk_BUFG                              | uut_if/regs_reg[13][31][0]                                                                                             | uut_decoder/regs_reg[15][27]_0                                                                                                  |                4 |              9 |
|  clk_BUFG                              | uut_if/regs_reg[5][31][0]                                                                                              | uut_decoder/regs[1][28]_i_1_n_3                                                                                                 |                7 |              9 |
|  clk_BUFG                              | uut_if/regs_reg[14][31][0]                                                                                             | uut_decoder/regs_reg[15][27]_0                                                                                                  |                5 |              9 |
|  clk_BUFG                              | uut_if/regs_reg[15][31][0]                                                                                             | uut_decoder/regs_reg[15][27]_0                                                                                                  |                5 |              9 |
|  clk_BUFG                              | uut_if/regs_reg[3][31][0]                                                                                              | uut_decoder/regs[1][12]_i_1_n_3                                                                                                 |                4 |              9 |
|  clk_BUFG                              | uut_if/regs_reg[7][31][0]                                                                                              | uut_decoder/regs[1][28]_i_1_n_3                                                                                                 |                9 |              9 |
|  uut_bmpg/inst/upg_inst/rdStat_BUFG    | uut_bmpg/inst/upg_inst/byte_len[7]_i_1_n_0                                                                             | upg_rst                                                                                                                         |                2 |              9 |
|  clk_BUFG                              | uut_if/regs_reg[2][31][0]                                                                                              | uut_decoder/regs[1][12]_i_1_n_3                                                                                                 |                3 |              9 |
|  clk_BUFG                              | uut_if/regs_reg[1][31][0]                                                                                              | uut_decoder/regs[1][12]_i_1_n_3                                                                                                 |                4 |              9 |
|  clk_BUFG                              | uut_if/regs_reg[9][31][0]                                                                                              | uut_decoder/regs_reg[15][27]_0                                                                                                  |                6 |              9 |
|  clk_BUFG                              | uut_if/regs_reg[17][31][0]                                                                                             | uut_decoder/regs[16][14]_i_1_n_3                                                                                                |                3 |             10 |
|  uut_clk_wiz/inst/clk_out2             | uut_bmpg/inst/upg_inst/axi_uart_inst/U0/UARTLITE_CORE_I/BAUD_RATE_I/en_16x_Baud                                        | upg_rst                                                                                                                         |                2 |             10 |
|  clk_BUFG                              | uut_if/regs_reg[9][31][0]                                                                                              | uut_decoder/regs[10][30]_i_2_n_3                                                                                                |               10 |             11 |
|  clk_BUFG                              | uut_if/regs_reg[11][31][0]                                                                                             | uut_decoder/regs_reg[9][1]_0                                                                                                    |                7 |             11 |
|  clk_BUFG                              | uut_if/regs_reg[14][31][0]                                                                                             | uut_decoder/regs_reg[9][1]_0                                                                                                    |                8 |             11 |
|  clk_BUFG                              | uut_if/regs_reg[13][31][0]                                                                                             | uut_decoder/regs_reg[9][1]_0                                                                                                    |                8 |             11 |
|  clk_BUFG                              | uut_if/regs_reg[15][31][0]                                                                                             | uut_decoder/regs_reg[9][1]_0                                                                                                    |                8 |             11 |
|  clk_BUFG                              | uut_if/regs_reg[12][31][0]                                                                                             | uut_decoder/regs_reg[9][1]_0                                                                                                    |                8 |             11 |
|  clk_BUFG                              | uut_if/regs_reg[15][31][0]                                                                                             | uut_decoder/regs[10][30]_i_2_n_3                                                                                                |               10 |             12 |
|  clk_BUFG                              | uut_if/regs_reg[11][31][0]                                                                                             | uut_decoder/regs[10][30]_i_2_n_3                                                                                                |               11 |             12 |
|  clk_BUFG                              | uut_if/regs_reg[12][31][0]                                                                                             | uut_decoder/regs[10][30]_i_2_n_3                                                                                                |               10 |             12 |
|  clk_BUFG                              | uut_if/E[0]                                                                                                            | uut_decoder/regs[10][30]_i_2_n_3                                                                                                |                9 |             12 |
|  clk_BUFG                              | uut_if/regs_reg[9][31][0]                                                                                              | uut_decoder/regs_reg[9][1]_0                                                                                                    |                9 |             12 |
|  clk_BUFG                              | uut_if/E[0]                                                                                                            | uut_decoder/regs_reg[9][1]_0                                                                                                    |                7 |             12 |
|  clk_BUFG                              | uut_if/regs_reg[8][31][0]                                                                                              | uut_decoder/regs_reg[9][1]_0                                                                                                    |                8 |             12 |
|  clk_BUFG                              | uut_if/regs_reg[8][31][0]                                                                                              | uut_decoder/regs[10][30]_i_2_n_3                                                                                                |               10 |             12 |
|  clk_BUFG                              | uut_if/regs_reg[13][31][0]                                                                                             | uut_decoder/regs[10][30]_i_2_n_3                                                                                                |               10 |             12 |
|  clk_BUFG                              | uut_if/regs_reg[14][31][0]                                                                                             | uut_decoder/regs[10][30]_i_2_n_3                                                                                                |                8 |             12 |
|  clk_BUFG                              | uut_if/regs_reg[17][31][0]                                                                                             | uut_decoder/regs_reg[19][31]_0                                                                                                  |               12 |             14 |
|  clk_BUFG                              | uut_if/regs_reg[20][31][0]                                                                                             | uut_decoder/regs[16][14]_i_1_n_3                                                                                                |               11 |             16 |
|  clk_BUFG                              | uut_if/regs_reg[16][31][0]                                                                                             | uut_decoder/regs_reg[19][31]_0                                                                                                  |               11 |             16 |
|  uut_clk_wiz/inst/clk_out2             | uut_bmpg/inst/upg_inst/wwait_cnt[15]_i_1_n_0                                                                           | upg_rst                                                                                                                         |                5 |             16 |
|  uut_clk_wiz/inst/clk_out2             | uut_bmpg/inst/upg_inst/rwait_cnt[15]_i_1_n_0                                                                           | upg_rst                                                                                                                         |                4 |             16 |
|  clk_BUFG                              | uut_if/regs_reg[18][31][0]                                                                                             | uut_decoder/regs_reg[19][31]_0                                                                                                  |               10 |             16 |
|  clk_BUFG                              | uut_if/regs_reg[19][31][0]                                                                                             | uut_decoder/regs_reg[19][31]_0                                                                                                  |               11 |             16 |
|  clk_BUFG                              | uut_if/regs_reg[21][31][0]                                                                                             | uut_decoder/regs[16][14]_i_1_n_3                                                                                                |               10 |             17 |
|  clk_BUFG                              | uut_if/regs_reg[22][31][0]                                                                                             | uut_decoder/regs[16][14]_i_1_n_3                                                                                                |               12 |             17 |
|  clk_BUFG                              | uut_if/regs_reg[23][31][0]                                                                                             | uut_decoder/regs[16][14]_i_1_n_3                                                                                                |               13 |             17 |
|  uut_clk_wiz/inst/clk_out2             |                                                                                                                        |                                                                                                                                 |                9 |             20 |
|  clk_in1_BUFG                          |                                                                                                                        | uut_decoder/regs_reg[15][27]_0                                                                                                  |                7 |             25 |
|  clk_in1_BUFG                          |                                                                                                                        | uut_decoder/regs_reg[23][27]_0                                                                                                  |                7 |             25 |
|  clk_in1_BUFG                          |                                                                                                                        | uut_clk_divider/cnt_reg[0]_0                                                                                                    |                8 |             26 |
| ~clk_BUFG                              | uut_if/en_pc                                                                                                           | uut_decoder/regs_reg[23][27]_0                                                                                                  |                8 |             32 |
|  n_2_6715_BUFG                         |                                                                                                                        |                                                                                                                                 |               24 |             32 |
|  clk_BUFG                              |                                                                                                                        |                                                                                                                                 |               11 |             32 |
|  n_1_1706_BUFG                         |                                                                                                                        |                                                                                                                                 |               16 |             32 |
|  uut_clk_wiz/inst/clk_out2             |                                                                                                                        | upg_rst                                                                                                                         |               12 |             33 |
|  uut_bmpg/inst/upg_inst/rdStat_BUFG    | uut_bmpg/inst/upg_inst/byte_num                                                                                        | upg_rst                                                                                                                         |               10 |             36 |
|  uut_bmpg/inst/upg_inst/rdStat_BUFG    | uut_bmpg/inst/upg_inst/upg_adr_o[14]_i_1_n_0                                                                           | upg_rst                                                                                                                         |               18 |             46 |
|  uut_bmpg/inst/upg_inst/rdStat_BUFG    | uut_bmpg/inst/upg_inst/wr_byte_num_done                                                                                | upg_rst                                                                                                                         |               12 |             49 |
|  uut_bmpg/inst/upg_inst/rdStat_BUFG    | uut_bmpg/inst/upg_inst/byte_cnt                                                                                        | upg_rst                                                                                                                         |               17 |             56 |
|  en_output_BUFG                        |                                                                                                                        |                                                                                                                                 |               33 |             66 |
+----------------------------------------+------------------------------------------------------------------------------------------------------------------------+---------------------------------------------------------------------------------------------------------------------------------+------------------+----------------+


+--------+-----------------------+
| Fanout | Number of ControlSets |
+--------+-----------------------+
| 1      |                    12 |
| 2      |                    10 |
| 3      |                     6 |
| 4      |                     6 |
| 6      |                     2 |
| 7      |                    10 |
| 8      |                    65 |
| 9      |                    14 |
| 10     |                     2 |
| 11     |                     6 |
| 12     |                    10 |
| 14     |                     1 |
| 16+    |                    23 |
+--------+-----------------------+


