#-----------------------------------------------------------
# Vivado v2017.4 (64-bit)
# SW Build 2086221 on Fri Dec 15 20:55:39 MST 2017
# IP Build 2085800 on Fri Dec 15 22:25:07 MST 2017
# Start of session at: Thu May  1 16:06:25 2025
# Process ID: 6568
# Current directory: D:/GitHub/Computer-Organization-Project/CPU
# Command line: vivado.exe -gui_launcher_event rodinguilauncherevent12100 D:\GitHub\Computer-Organization-Project\CPU\CPU.xpr
# Log file: D:/GitHub/Computer-Organization-Project/CPU/vivado.log
# Journal file: D:/GitHub/Computer-Organization-Project/CPU\vivado.jou
#-----------------------------------------------------------
start_gui
open_project D:/GitHub/Computer-Organization-Project/CPU/CPU.xpr
INFO: [Project 1-313] Project file moved from 'D:/Clone/Computer-Organization-Project/CPU' since last save.
Scanning sources...
Finished scanning sources
INFO: [IP_Flow 19-234] Refreshing IP repositories
INFO: [IP_Flow 19-1704] No user IP repositories specified
INFO: [IP_Flow 19-2313] Loaded Vivado IP repository 'D:/Xilinx/Vivado/2017.4/data/ip'.
update_compile_order -fileset sources_1
exit
INFO: [Common 17-206] Exiting Vivado at Thu May  1 23:40:27 2025...
