#-----------------------------------------------------------
# Vivado v2017.4 (64-bit)
# SW Build 2086221 on Fri Dec 15 20:55:39 MST 2017
# IP Build 2085800 on Fri Dec 15 22:25:07 MST 2017
# Start of session at: Wed May 14 10:31:34 2025
# Process ID: 5036
# Current directory: D:/GitHub/Computer-Organization-Project/CPU
# Command line: vivado.exe -gui_launcher_event rodinguilauncherevent11228 D:\GitHub\Computer-Organization-Project\CPU\CPU.xpr
# Log file: D:/GitHub/Computer-Organization-Project/CPU/vivado.log
# Journal file: D:/GitHub/Computer-Organization-Project/CPU\vivado.jou
#-----------------------------------------------------------
start_gui
open_project D:/GitHub/Computer-Organization-Project/CPU/CPU.xpr
INFO: [Project 1-313] Project file moved from 'D:/Clone/Computer-Organization-Project/CPU' since last save.
Scanning sources...
Finished scanning sources
INFO: [IP_Flow 19-234] Refreshing IP repositories
INFO: [IP_Flow 19-1704] No user IP repositories specified
INFO: [IP_Flow 19-2313] Loaded Vivado IP repository 'D:/Xilinx/Vivado/2017.4/data/ip'.
open_project: Time (s): cpu = 00:00:07 ; elapsed = 00:00:06 . Memory (MB): peak = 802.781 ; gain = 85.723
update_compile_order -fileset sources_1
generate_target Simulation [get_files D:/GitHub/Computer-Organization-Project/CPU/CPU.srcs/sources_1/ip/prgram/prgram.xci]
INFO: [IP_Flow 19-1686] Generating 'Simulation' target for IP 'prgram'...
export_ip_user_files -of_objects [get_files D:/GitHub/Computer-Organization-Project/CPU/CPU.srcs/sources_1/ip/prgram/prgram.xci] -no_script -sync -force -quiet
export_simulation -of_objects [get_files D:/GitHub/Computer-Organization-Project/CPU/CPU.srcs/sources_1/ip/prgram/prgram.xci] -directory D:/GitHub/Computer-Organization-Project/CPU/CPU.ip_user_files/sim_scripts -ip_user_files_dir D:/GitHub/Computer-Organization-Project/CPU/CPU.ip_user_files -ipstatic_source_dir D:/GitHub/Computer-Organization-Project/CPU/CPU.ip_user_files/ipstatic -lib_map_path [list {modelsim=D:/GitHub/Computer-Organization-Project/CPU/CPU.cache/compile_simlib/modelsim} {questa=D:/GitHub/Computer-Organization-Project/CPU/CPU.cache/compile_simlib/questa} {riviera=D:/GitHub/Computer-Organization-Project/CPU/CPU.cache/compile_simlib/riviera} {activehdl=D:/GitHub/Computer-Organization-Project/CPU/CPU.cache/compile_simlib/activehdl}] -use_ip_compiled_libs -force -quiet
generate_target Simulation [get_files D:/GitHub/Computer-Organization-Project/CPU/CPU.srcs/sources_1/ip/prgrom/prgrom.xci]
INFO: [IP_Flow 19-1686] Generating 'Simulation' target for IP 'prgrom'...
export_ip_user_files -of_objects [get_files D:/GitHub/Computer-Organization-Project/CPU/CPU.srcs/sources_1/ip/prgrom/prgrom.xci] -no_script -sync -force -quiet
export_simulation -of_objects [get_files D:/GitHub/Computer-Organization-Project/CPU/CPU.srcs/sources_1/ip/prgrom/prgrom.xci] -directory D:/GitHub/Computer-Organization-Project/CPU/CPU.ip_user_files/sim_scripts -ip_user_files_dir D:/GitHub/Computer-Organization-Project/CPU/CPU.ip_user_files -ipstatic_source_dir D:/GitHub/Computer-Organization-Project/CPU/CPU.ip_user_files/ipstatic -lib_map_path [list {modelsim=D:/GitHub/Computer-Organization-Project/CPU/CPU.cache/compile_simlib/modelsim} {questa=D:/GitHub/Computer-Organization-Project/CPU/CPU.cache/compile_simlib/questa} {riviera=D:/GitHub/Computer-Organization-Project/CPU/CPU.cache/compile_simlib/riviera} {activehdl=D:/GitHub/Computer-Organization-Project/CPU/CPU.cache/compile_simlib/activehdl}] -use_ip_compiled_libs -force -quiet
launch_simulation
INFO: [Vivado 12-5698] Checking validity of IPs in the design for the 'XSim' simulator...
INFO: [Vivado 12-5682] Launching behavioral simulation in 'D:/GitHub/Computer-Organization-Project/CPU/CPU.sim/sim_1/behav/xsim'
INFO: [Vivado 12-4795] Using compiled simulation libraries for IPs
INFO: [SIM-utils-51] Simulation object is 'sim_1'
INFO: [USF-XSim-7] Finding pre-compiled libraries...
INFO: [USF-XSim-11] File 'D:/Xilinx/Vivado/2017.4/data/xsim/ip/xsim_ip.ini' copied to run dir:'D:/GitHub/Computer-Organization-Project/CPU/CPU.sim/sim_1/behav/xsim'
INFO: [SIM-utils-54] Inspecting design source files for 'tb_cpu' in fileset 'sim_1'...
INFO: [SIM-utils-43] Exported 'D:/GitHub/Computer-Organization-Project/CPU/CPU.sim/sim_1/behav/xsim/prgram.mif'
INFO: [SIM-utils-43] Exported 'D:/GitHub/Computer-Organization-Project/CPU/CPU.sim/sim_1/behav/xsim/test6RAM.coe'
INFO: [SIM-utils-43] Exported 'D:/GitHub/Computer-Organization-Project/CPU/CPU.sim/sim_1/behav/xsim/prgrom.mif'
INFO: [SIM-utils-43] Exported 'D:/GitHub/Computer-Organization-Project/CPU/CPU.sim/sim_1/behav/xsim/RUnitTestROM.coe'
INFO: [SIM-utils-43] Exported 'D:/GitHub/Computer-Organization-Project/CPU/CPU.sim/sim_1/behav/xsim/prgrom32.coe'
INFO: [SIM-utils-43] Exported 'D:/GitHub/Computer-Organization-Project/CPU/CPU.sim/sim_1/behav/xsim/dmem32.coe'
INFO: [SIM-utils-43] Exported 'D:/GitHub/Computer-Organization-Project/CPU/CPU.sim/sim_1/behav/xsim/test1ROM.coe'
INFO: [SIM-utils-43] Exported 'D:/GitHub/Computer-Organization-Project/CPU/CPU.sim/sim_1/behav/xsim/test1RAM.coe'
INFO: [SIM-utils-43] Exported 'D:/GitHub/Computer-Organization-Project/CPU/CPU.sim/sim_1/behav/xsim/test2ROM.coe'
INFO: [SIM-utils-43] Exported 'D:/GitHub/Computer-Organization-Project/CPU/CPU.sim/sim_1/behav/xsim/test4ROM.coe'
INFO: [SIM-utils-43] Exported 'D:/GitHub/Computer-Organization-Project/CPU/CPU.sim/sim_1/behav/xsim/test5ROM.coe'
INFO: [SIM-utils-43] Exported 'D:/GitHub/Computer-Organization-Project/CPU/CPU.sim/sim_1/behav/xsim/test5RAM.coe'
INFO: [SIM-utils-43] Exported 'D:/GitHub/Computer-Organization-Project/CPU/CPU.sim/sim_1/behav/xsim/test6ROM.coe'
INFO: [SIM-utils-43] Exported 'D:/GitHub/Computer-Organization-Project/CPU/CPU.sim/sim_1/behav/xsim/test9ROM.coe'
INFO: [SIM-utils-43] Exported 'D:/GitHub/Computer-Organization-Project/CPU/CPU.sim/sim_1/behav/xsim/test12ROM.coe'
INFO: [SIM-utils-43] Exported 'D:/GitHub/Computer-Organization-Project/CPU/CPU.sim/sim_1/behav/xsim/BaseTest2ROM.coe'
INFO: [USF-XSim-97] Finding global include files...
INFO: [USF-XSim-98] Fetching design files from 'sim_1'...
INFO: [USF-XSim-2] XSim::Compile design
INFO: [USF-XSim-61] Executing 'COMPILE and ANALYZE' step in 'D:/GitHub/Computer-Organization-Project/CPU/CPU.sim/sim_1/behav/xsim'
"xvlog --incr --relax -prj tb_cpu_vlog.prj"
INFO: [VRFC 10-2263] Analyzing Verilog file "D:/GitHub/Computer-Organization-Project/CPU/CPU.srcs/sources_1/ip/prgram/sim/prgram.v" into library xil_defaultlib
INFO: [VRFC 10-311] analyzing module prgram
INFO: [VRFC 10-2263] Analyzing Verilog file "D:/GitHub/Computer-Organization-Project/CPU/CPU.srcs/sources_1/ip/prgrom/sim/prgrom.v" into library xil_defaultlib
INFO: [VRFC 10-311] analyzing module prgrom
INFO: [VRFC 10-2263] Analyzing Verilog file "D:/GitHub/Computer-Organization-Project/CPU/CPU.srcs/sources_1/new/ALU.v" into library xil_defaultlib
INFO: [VRFC 10-311] analyzing module ALU
INFO: [VRFC 10-2263] Analyzing Verilog file "D:/GitHub/Computer-Organization-Project/CPU/CPU.srcs/sources_1/new/ClockDivider.v" into library xil_defaultlib
INFO: [VRFC 10-311] analyzing module ClockDivider
INFO: [VRFC 10-2263] Analyzing Verilog file "D:/GitHub/Computer-Organization-Project/CPU/CPU.srcs/sources_1/new/Controller.v" into library xil_defaultlib
INFO: [VRFC 10-311] analyzing module Controller
INFO: [VRFC 10-2263] Analyzing Verilog file "D:/GitHub/Computer-Organization-Project/CPU/CPU.srcs/sources_1/new/DMem.v" into library xil_defaultlib
INFO: [VRFC 10-311] analyzing module DMem
INFO: [VRFC 10-2263] Analyzing Verilog file "D:/GitHub/Computer-Organization-Project/CPU/CPU.srcs/sources_1/new/Decoder.v" into library xil_defaultlib
INFO: [VRFC 10-311] analyzing module Decoder
INFO: [VRFC 10-2263] Analyzing Verilog file "D:/GitHub/Computer-Organization-Project/CPU/CPU.srcs/sources_1/new/IFetch.v" into library xil_defaultlib
INFO: [VRFC 10-311] analyzing module IFetch
INFO: [VRFC 10-2263] Analyzing Verilog file "D:/GitHub/Computer-Organization-Project/CPU/CPU.srcs/sources_1/new/InputModule.v" into library xil_defaultlib
INFO: [VRFC 10-311] analyzing module InputModule
INFO: [VRFC 10-2263] Analyzing Verilog file "D:/GitHub/Computer-Organization-Project/CPU/CPU.srcs/sources_1/new/OutputModule.v" into library xil_defaultlib
INFO: [VRFC 10-311] analyzing module OutputModule
INFO: [VRFC 10-2263] Analyzing Verilog file "D:/GitHub/Computer-Organization-Project/CPU/CPU.srcs/sources_1/new/SegDisplay.v" into library xil_defaultlib
INFO: [VRFC 10-311] analyzing module SegDisplay
INFO: [VRFC 10-2263] Analyzing Verilog file "D:/GitHub/Computer-Organization-Project/CPU/CPU.srcs/sources_1/new/SegGenerator.v" into library xil_defaultlib
INFO: [VRFC 10-311] analyzing module SegGenerator
INFO: [VRFC 10-2263] Analyzing Verilog file "D:/GitHub/Computer-Organization-Project/CPU/CPU.srcs/sources_1/new/WriteBackMUX.v" into library xil_defaultlib
INFO: [VRFC 10-311] analyzing module WriteBackMUX
INFO: [VRFC 10-2263] Analyzing Verilog file "D:/GitHub/Computer-Organization-Project/CPU/CPU.srcs/sim_1/new/tb_IFetch.v" into library xil_defaultlib
INFO: [VRFC 10-311] analyzing module prgrom
WARNING: [VRFC 10-1195] overwriting previous definition of module prgrom [D:/GitHub/Computer-Organization-Project/CPU/CPU.srcs/sim_1/new/tb_IFetch.v:4]
INFO: [VRFC 10-311] analyzing module tb_IFetch
INFO: [VRFC 10-2263] Analyzing Verilog file "D:/GitHub/Computer-Organization-Project/CPU/CPU.srcs/sources_1/new/top_module.v" into library xil_defaultlib
INFO: [VRFC 10-311] analyzing module top_module
INFO: [VRFC 10-2263] Analyzing Verilog file "D:/GitHub/Computer-Organization-Project/CPU/CPU.srcs/sim_1/new/tb_cpu.v" into library xil_defaultlib
INFO: [VRFC 10-311] analyzing module tb_cpu
INFO: [VRFC 10-2263] Analyzing Verilog file "D:/GitHub/Computer-Organization-Project/CPU/CPU.sim/sim_1/behav/xsim/glbl.v" into library xil_defaultlib
INFO: [VRFC 10-311] analyzing module glbl
INFO: [USF-XSim-69] 'compile' step finished in '1' seconds
INFO: [USF-XSim-3] XSim::Elaborate design
INFO: [USF-XSim-61] Executing 'ELABORATE' step in 'D:/GitHub/Computer-Organization-Project/CPU/CPU.sim/sim_1/behav/xsim'
Vivado Simulator 2017.4
Copyright 1986-1999, 2001-2016 Xilinx, Inc. All Rights Reserved.
Running: D:/Xilinx/Vivado/2017.4/bin/unwrapped/win64.o/xelab.exe -wto 1c99ea6a430e47fbaf72bbfceaf43014 --incr --debug typical --relax --mt 2 -L blk_mem_gen_v8_4_1 -L xil_defaultlib -L unisims_ver -L unimacro_ver -L secureip -L xpm --snapshot tb_cpu_behav xil_defaultlib.tb_cpu xil_defaultlib.glbl -log elaborate.log 
Using 2 slave threads.
Starting static elaboration
WARNING: [VRFC 10-278] actual bit length 32 differs from formal bit length 4 for port wea [D:/GitHub/Computer-Organization-Project/CPU/CPU.srcs/sources_1/new/DMem.v:45]
WARNING: [VRFC 10-1783] select index 62 into current_contents is out of bounds [/wrk/2017.4/nightly/2017_12_15_2086221/packages/customer/vivado/data/ip/xilinx/blk_mem_gen_v8_4/simulation/blk_mem_gen_v8_4.v:2420]
Completed static elaboration
Starting simulation data flow analysis
Completed simulation data flow analysis
Time Resolution for simulation is 1ps
Compiling module xil_defaultlib.ClockDivider
Compiling module xil_defaultlib.prgrom
Compiling module xil_defaultlib.IFetch
Compiling module xil_defaultlib.Decoder
Compiling module xil_defaultlib.ALU
Compiling module xil_defaultlib.Controller
Compiling module blk_mem_gen_v8_4_1.blk_mem_gen_v8_4_1_output_stage(...
Compiling module blk_mem_gen_v8_4_1.blk_mem_gen_v8_4_1_softecc_outpu...
Compiling module blk_mem_gen_v8_4_1.blk_mem_gen_v8_4_1_mem_module(C_...
Compiling module blk_mem_gen_v8_4_1.blk_mem_gen_v8_4_1(C_FAMILY="art...
Compiling module xil_defaultlib.prgram
Compiling module xil_defaultlib.DMem
Compiling module xil_defaultlib.WriteBackMUX
Compiling module xil_defaultlib.InputModule
Compiling module xil_defaultlib.SegGenerator
Compiling module xil_defaultlib.SegDisplay
Compiling module xil_defaultlib.OutputModule
Compiling module xil_defaultlib.top_module
Compiling module xil_defaultlib.tb_cpu
Compiling module xil_defaultlib.glbl
Built simulation snapshot tb_cpu_behav

****** Webtalk v2017.4 (64-bit)
  **** SW Build 2086221 on Fri Dec 15 20:55:39 MST 2017
  **** IP Build 2085800 on Fri Dec 15 22:25:07 MST 2017
    ** Copyright 1986-2017 Xilinx, Inc. All Rights Reserved.

source D:/GitHub/Computer-Organization-Project/CPU/CPU.sim/sim_1/behav/xsim/xsim.dir/tb_cpu_behav/webtalk/xsim_webtalk.tcl -notrace
INFO: [Common 17-206] Exiting Webtalk at Wed May 14 10:33:56 2025...
INFO: [USF-XSim-69] 'elaborate' step finished in '5' seconds
INFO: [USF-XSim-4] XSim::Simulate design
INFO: [USF-XSim-61] Executing 'SIMULATE' step in 'D:/GitHub/Computer-Organization-Project/CPU/CPU.sim/sim_1/behav/xsim'
INFO: [USF-XSim-98] *** Running xsim
   with args "tb_cpu_behav -key {Behavioral:sim_1:Functional:tb_cpu} -tclbatch {tb_cpu.tcl} -log {simulate.log}"
INFO: [USF-XSim-8] Loading simulator feature
Vivado Simulator 2017.4
Time resolution is 1 ps
source tb_cpu.tcl
# set curr_wave [current_wave_config]
# if { [string length $curr_wave] == 0 } {
#   if { [llength [get_objects]] > 0} {
#     add_wave /
#     set_property needs_save false [current_wave_config]
#   } else {
#      send_msg_id Add_Wave-1 WARNING "No top level signals found. Simulator will start without a wave window. If you want to open a wave window go to 'File->New Waveform Configuration' or type 'create_wave_config' in the TCL console."
#   }
# }
# run 1000ns
 Block Memory Generator module loading initial data...
 Block Memory Generator data initialization complete.
Block Memory Generator module tb_cpu.uut_tm.uut_dmem.udram.inst.native_mem_module.blk_mem_gen_v8_4_1_inst is using a behavioral model for simulation which will not precisely model memory collision behavior.
INFO: [USF-XSim-96] XSim completed. Design snapshot 'tb_cpu_behav' loaded.
INFO: [USF-XSim-97] XSim simulation ran for 1000ns
launch_simulation: Time (s): cpu = 00:00:03 ; elapsed = 00:00:08 . Memory (MB): peak = 845.879 ; gain = 9.734
set_property top tb_Controller [get_filesets sim_1]
set_property top_lib xil_defaultlib [get_filesets sim_1]
update_compile_order -fileset sim_1
launch_simulation
INFO: [Vivado 12-5698] Checking validity of IPs in the design for the 'XSim' simulator...
INFO: [Vivado 12-5682] Launching behavioral simulation in 'D:/GitHub/Computer-Organization-Project/CPU/CPU.sim/sim_1/behav/xsim'
INFO: [Vivado 12-4795] Using compiled simulation libraries for IPs
INFO: [SIM-utils-51] Simulation object is 'sim_1'
INFO: [USF-XSim-7] Finding pre-compiled libraries...
INFO: [USF-XSim-11] File 'D:/Xilinx/Vivado/2017.4/data/xsim/ip/xsim_ip.ini' copied to run dir:'D:/GitHub/Computer-Organization-Project/CPU/CPU.sim/sim_1/behav/xsim'
INFO: [SIM-utils-54] Inspecting design source files for 'tb_Controller' in fileset 'sim_1'...
INFO: [SIM-utils-43] Exported 'D:/GitHub/Computer-Organization-Project/CPU/CPU.sim/sim_1/behav/xsim/prgram.mif'
INFO: [SIM-utils-43] Exported 'D:/GitHub/Computer-Organization-Project/CPU/CPU.sim/sim_1/behav/xsim/test6RAM.coe'
INFO: [SIM-utils-43] Exported 'D:/GitHub/Computer-Organization-Project/CPU/CPU.sim/sim_1/behav/xsim/prgrom.mif'
INFO: [SIM-utils-43] Exported 'D:/GitHub/Computer-Organization-Project/CPU/CPU.sim/sim_1/behav/xsim/RUnitTestROM.coe'
INFO: [SIM-utils-43] Exported 'D:/GitHub/Computer-Organization-Project/CPU/CPU.sim/sim_1/behav/xsim/prgrom32.coe'
INFO: [SIM-utils-43] Exported 'D:/GitHub/Computer-Organization-Project/CPU/CPU.sim/sim_1/behav/xsim/dmem32.coe'
INFO: [SIM-utils-43] Exported 'D:/GitHub/Computer-Organization-Project/CPU/CPU.sim/sim_1/behav/xsim/test1ROM.coe'
INFO: [SIM-utils-43] Exported 'D:/GitHub/Computer-Organization-Project/CPU/CPU.sim/sim_1/behav/xsim/test1RAM.coe'
INFO: [SIM-utils-43] Exported 'D:/GitHub/Computer-Organization-Project/CPU/CPU.sim/sim_1/behav/xsim/test2ROM.coe'
INFO: [SIM-utils-43] Exported 'D:/GitHub/Computer-Organization-Project/CPU/CPU.sim/sim_1/behav/xsim/test4ROM.coe'
INFO: [SIM-utils-43] Exported 'D:/GitHub/Computer-Organization-Project/CPU/CPU.sim/sim_1/behav/xsim/test5ROM.coe'
INFO: [SIM-utils-43] Exported 'D:/GitHub/Computer-Organization-Project/CPU/CPU.sim/sim_1/behav/xsim/test5RAM.coe'
INFO: [SIM-utils-43] Exported 'D:/GitHub/Computer-Organization-Project/CPU/CPU.sim/sim_1/behav/xsim/test6ROM.coe'
INFO: [SIM-utils-43] Exported 'D:/GitHub/Computer-Organization-Project/CPU/CPU.sim/sim_1/behav/xsim/test9ROM.coe'
INFO: [SIM-utils-43] Exported 'D:/GitHub/Computer-Organization-Project/CPU/CPU.sim/sim_1/behav/xsim/test12ROM.coe'
INFO: [SIM-utils-43] Exported 'D:/GitHub/Computer-Organization-Project/CPU/CPU.sim/sim_1/behav/xsim/BaseTest2ROM.coe'
INFO: [USF-XSim-97] Finding global include files...
INFO: [USF-XSim-98] Fetching design files from 'sim_1'...
INFO: [USF-XSim-2] XSim::Compile design
INFO: [USF-XSim-61] Executing 'COMPILE and ANALYZE' step in 'D:/GitHub/Computer-Organization-Project/CPU/CPU.sim/sim_1/behav/xsim'
"xvlog --incr --relax -prj tb_Controller_vlog.prj"
INFO: [VRFC 10-2263] Analyzing Verilog file "D:/GitHub/Computer-Organization-Project/CPU/CPU.srcs/sim_1/new/tb_Controller.v" into library xil_defaultlib
INFO: [VRFC 10-311] analyzing module tb_Controller
INFO: [USF-XSim-69] 'compile' step finished in '1' seconds
INFO: [USF-XSim-3] XSim::Elaborate design
INFO: [USF-XSim-61] Executing 'ELABORATE' step in 'D:/GitHub/Computer-Organization-Project/CPU/CPU.sim/sim_1/behav/xsim'
Vivado Simulator 2017.4
Copyright 1986-1999, 2001-2016 Xilinx, Inc. All Rights Reserved.
Running: D:/Xilinx/Vivado/2017.4/bin/unwrapped/win64.o/xelab.exe -wto 1c99ea6a430e47fbaf72bbfceaf43014 --incr --debug typical --relax --mt 2 -L xil_defaultlib -L unisims_ver -L unimacro_ver -L secureip -L xpm --snapshot tb_Controller_behav xil_defaultlib.tb_Controller xil_defaultlib.glbl -log elaborate.log 
Using 2 slave threads.
Starting static elaboration
WARNING: [VRFC 10-696] first argument of $fatal is invalid, expecting 0, 1 or 2 [D:/GitHub/Computer-Organization-Project/CPU/CPU.srcs/sim_1/new/tb_Controller.v:57]
WARNING: [VRFC 10-696] first argument of $fatal is invalid, expecting 0, 1 or 2 [D:/GitHub/Computer-Organization-Project/CPU/CPU.srcs/sim_1/new/tb_Controller.v:62]
WARNING: [VRFC 10-696] first argument of $fatal is invalid, expecting 0, 1 or 2 [D:/GitHub/Computer-Organization-Project/CPU/CPU.srcs/sim_1/new/tb_Controller.v:68]
WARNING: [VRFC 10-696] first argument of $fatal is invalid, expecting 0, 1 or 2 [D:/GitHub/Computer-Organization-Project/CPU/CPU.srcs/sim_1/new/tb_Controller.v:73]
WARNING: [VRFC 10-696] first argument of $fatal is invalid, expecting 0, 1 or 2 [D:/GitHub/Computer-Organization-Project/CPU/CPU.srcs/sim_1/new/tb_Controller.v:79]
WARNING: [VRFC 10-696] first argument of $fatal is invalid, expecting 0, 1 or 2 [D:/GitHub/Computer-Organization-Project/CPU/CPU.srcs/sim_1/new/tb_Controller.v:84]
WARNING: [VRFC 10-696] first argument of $fatal is invalid, expecting 0, 1 or 2 [D:/GitHub/Computer-Organization-Project/CPU/CPU.srcs/sim_1/new/tb_Controller.v:89]
WARNING: [VRFC 10-696] first argument of $fatal is invalid, expecting 0, 1 or 2 [D:/GitHub/Computer-Organization-Project/CPU/CPU.srcs/sim_1/new/tb_Controller.v:94]
WARNING: [VRFC 10-696] first argument of $fatal is invalid, expecting 0, 1 or 2 [D:/GitHub/Computer-Organization-Project/CPU/CPU.srcs/sim_1/new/tb_Controller.v:99]
WARNING: [VRFC 10-696] first argument of $fatal is invalid, expecting 0, 1 or 2 [D:/GitHub/Computer-Organization-Project/CPU/CPU.srcs/sim_1/new/tb_Controller.v:104]
WARNING: [VRFC 10-696] first argument of $fatal is invalid, expecting 0, 1 or 2 [D:/GitHub/Computer-Organization-Project/CPU/CPU.srcs/sim_1/new/tb_Controller.v:109]
WARNING: [VRFC 10-696] first argument of $fatal is invalid, expecting 0, 1 or 2 [D:/GitHub/Computer-Organization-Project/CPU/CPU.srcs/sim_1/new/tb_Controller.v:114]
Completed static elaboration
INFO: [XSIM 43-4329] Assuming default value 1 for the first arguement of $fatal at Line 57, File D:/GitHub/Computer-Organization-Project/CPU/CPU.srcs/sim_1/new/tb_Controller.v
INFO: [XSIM 43-4329] Assuming default value 1 for the first arguement of $fatal at Line 62, File D:/GitHub/Computer-Organization-Project/CPU/CPU.srcs/sim_1/new/tb_Controller.v
INFO: [XSIM 43-4329] Assuming default value 1 for the first arguement of $fatal at Line 68, File D:/GitHub/Computer-Organization-Project/CPU/CPU.srcs/sim_1/new/tb_Controller.v
INFO: [XSIM 43-4329] Assuming default value 1 for the first arguement of $fatal at Line 73, File D:/GitHub/Computer-Organization-Project/CPU/CPU.srcs/sim_1/new/tb_Controller.v
INFO: [XSIM 43-4329] Assuming default value 1 for the first arguement of $fatal at Line 79, File D:/GitHub/Computer-Organization-Project/CPU/CPU.srcs/sim_1/new/tb_Controller.v
INFO: [XSIM 43-4329] Assuming default value 1 for the first arguement of $fatal at Line 84, File D:/GitHub/Computer-Organization-Project/CPU/CPU.srcs/sim_1/new/tb_Controller.v
INFO: [XSIM 43-4329] Assuming default value 1 for the first arguement of $fatal at Line 89, File D:/GitHub/Computer-Organization-Project/CPU/CPU.srcs/sim_1/new/tb_Controller.v
INFO: [XSIM 43-4329] Assuming default value 1 for the first arguement of $fatal at Line 94, File D:/GitHub/Computer-Organization-Project/CPU/CPU.srcs/sim_1/new/tb_Controller.v
INFO: [XSIM 43-4329] Assuming default value 1 for the first arguement of $fatal at Line 99, File D:/GitHub/Computer-Organization-Project/CPU/CPU.srcs/sim_1/new/tb_Controller.v
INFO: [XSIM 43-4329] Assuming default value 1 for the first arguement of $fatal at Line 104, File D:/GitHub/Computer-Organization-Project/CPU/CPU.srcs/sim_1/new/tb_Controller.v
INFO: [XSIM 43-4329] Assuming default value 1 for the first arguement of $fatal at Line 109, File D:/GitHub/Computer-Organization-Project/CPU/CPU.srcs/sim_1/new/tb_Controller.v
INFO: [XSIM 43-4329] Assuming default value 1 for the first arguement of $fatal at Line 114, File D:/GitHub/Computer-Organization-Project/CPU/CPU.srcs/sim_1/new/tb_Controller.v
Starting simulation data flow analysis
Completed simulation data flow analysis
Time Resolution for simulation is 1ps
Compiling module xil_defaultlib.Controller
Compiling module xil_defaultlib.tb_Controller
Compiling module xil_defaultlib.glbl
Built simulation snapshot tb_Controller_behav

****** Webtalk v2017.4 (64-bit)
  **** SW Build 2086221 on Fri Dec 15 20:55:39 MST 2017
  **** IP Build 2085800 on Fri Dec 15 22:25:07 MST 2017
    ** Copyright 1986-2017 Xilinx, Inc. All Rights Reserved.

source D:/GitHub/Computer-Organization-Project/CPU/CPU.sim/sim_1/behav/xsim/xsim.dir/tb_Controller_behav/webtalk/xsim_webtalk.tcl -notrace
INFO: [Common 17-206] Exiting Webtalk at Wed May 14 10:35:22 2025...
INFO: [USF-XSim-69] 'elaborate' step finished in '3' seconds
INFO: [USF-XSim-4] XSim::Simulate design
INFO: [USF-XSim-61] Executing 'SIMULATE' step in 'D:/GitHub/Computer-Organization-Project/CPU/CPU.sim/sim_1/behav/xsim'
INFO: [USF-XSim-98] *** Running xsim
   with args "tb_Controller_behav -key {Behavioral:sim_1:Functional:tb_Controller} -tclbatch {tb_Controller.tcl} -log {simulate.log}"
INFO: [USF-XSim-8] Loading simulator feature
Vivado Simulator 2017.4
Time resolution is 1 ps
source tb_Controller.tcl
# set curr_wave [current_wave_config]
# if { [string length $curr_wave] == 0 } {
#   if { [llength [get_objects]] > 0} {
#     add_wave /
#     set_property needs_save false [current_wave_config]
#   } else {
#      send_msg_id Add_Wave-1 WARNING "No top level signals found. Simulator will start without a wave window. If you want to open a wave window go to 'File->New Waveform Configuration' or type 'create_wave_config' in the TCL console."
#   }
# }
# run 1000ns
All Controller tests passed
$finish called at time : 13 ns : File "D:/GitHub/Computer-Organization-Project/CPU/CPU.srcs/sim_1/new/tb_Controller.v" Line 117
INFO: [USF-XSim-96] XSim completed. Design snapshot 'tb_Controller_behav' loaded.
INFO: [USF-XSim-97] XSim simulation ran for 1000ns
launch_simulation: Time (s): cpu = 00:00:03 ; elapsed = 00:00:06 . Memory (MB): peak = 871.840 ; gain = 10.176
close_sim
INFO: [Simtcl 6-16] Simulation closed
close_sim: Time (s): cpu = 00:00:01 ; elapsed = 00:00:06 . Memory (MB): peak = 931.352 ; gain = 10.883
close_sim
INFO: [Simtcl 6-16] Simulation closed
exit
INFO: [Common 17-206] Exiting Vivado at Wed May 14 11:28:36 2025...
