INFO: [VRFC 10-2263] Analyzing Verilog file "D:/Clone/Computer-Organization-Project/CPU/CPU.srcs/sources_1/ip/prgram/sim/prgram.v" into library xil_defaultlib
INFO: [VRFC 10-311] analyzing module prgram
INFO: [VRFC 10-2263] Analyzing Verilog file "D:/Clone/Computer-Organization-Project/CPU/CPU.srcs/sources_1/ip/prgrom/sim/prgrom.v" into library xil_defaultlib
INFO: [VRFC 10-311] analyzing module prgrom
INFO: [VRFC 10-2263] Analyzing Verilog file "D:/Clone/Computer-Organization-Project/CPU/CPU.srcs/sources_1/ip/uart_bmpg_0/uart_bmpg.v" into library xil_defaultlib
INFO: [VRFC 10-311] analyzing module uart_bmpg
INFO: [VRFC 10-2263] Analyzing Verilog file "D:/Clone/Computer-Organization-Project/CPU/CPU.srcs/sources_1/ip/uart_bmpg_0/upg.v" into library xil_defaultlib
INFO: [VRFC 10-311] analyzing module upg
INFO: [VRFC 10-2263] Analyzing Verilog file "D:/Clone/Computer-Organization-Project/CPU/CPU.srcs/sources_1/ip/uart_bmpg_0/sim/uart_bmpg_0.v" into library xil_defaultlib
INFO: [VRFC 10-311] analyzing module uart_bmpg_0
INFO: [VRFC 10-2263] Analyzing Verilog file "D:/Clone/Computer-Organization-Project/CPU/CPU.srcs/sources_1/ip/clk_wiz_0/clk_wiz_0_clk_wiz.v" into library xil_defaultlib
INFO: [VRFC 10-311] analyzing module clk_wiz_0_clk_wiz
INFO: [VRFC 10-2263] Analyzing Verilog file "D:/Clone/Computer-Organization-Project/CPU/CPU.srcs/sources_1/ip/clk_wiz_0/clk_wiz_0.v" into library xil_defaultlib
INFO: [VRFC 10-311] analyzing module clk_wiz_0
INFO: [VRFC 10-2263] Analyzing Verilog file "D:/Clone/Computer-Organization-Project/CPU/CPU.srcs/sources_1/new/ALU.v" into library xil_defaultlib
INFO: [VRFC 10-311] analyzing module ALU
INFO: [VRFC 10-2263] Analyzing Verilog file "D:/Clone/Computer-Organization-Project/CPU/CPU.srcs/sources_1/new/ClockDivider.v" into library xil_defaultlib
INFO: [VRFC 10-311] analyzing module ClockDivider
INFO: [VRFC 10-2263] Analyzing Verilog file "D:/Clone/Computer-Organization-Project/CPU/CPU.srcs/sources_1/new/Controller.v" into library xil_defaultlib
INFO: [VRFC 10-311] analyzing module Controller
INFO: [VRFC 10-2263] Analyzing Verilog file "D:/Clone/Computer-Organization-Project/CPU/CPU.srcs/sources_1/new/DMem.v" into library xil_defaultlib
INFO: [VRFC 10-311] analyzing module DMem
INFO: [VRFC 10-2263] Analyzing Verilog file "D:/Clone/Computer-Organization-Project/CPU/CPU.srcs/sources_1/new/IFetch.v" into library xil_defaultlib
INFO: [VRFC 10-311] analyzing module IFetch
INFO: [VRFC 10-2263] Analyzing Verilog file "D:/Clone/Computer-Organization-Project/CPU/CPU.srcs/sources_1/new/InputModule.v" into library xil_defaultlib
INFO: [VRFC 10-311] analyzing module InputModule
INFO: [VRFC 10-2263] Analyzing Verilog file "D:/Clone/Computer-Organization-Project/CPU/CPU.srcs/sources_1/new/OutputModule.v" into library xil_defaultlib
INFO: [VRFC 10-311] analyzing module OutputModule
INFO: [VRFC 10-2263] Analyzing Verilog file "D:/Clone/Computer-Organization-Project/CPU/CPU.srcs/sources_1/new/SegDisplay.v" into library xil_defaultlib
INFO: [VRFC 10-311] analyzing module SegDisplay
INFO: [VRFC 10-2263] Analyzing Verilog file "D:/Clone/Computer-Organization-Project/CPU/CPU.srcs/sources_1/new/SegGenerator.v" into library xil_defaultlib
INFO: [VRFC 10-311] analyzing module SegGenerator
INFO: [VRFC 10-2263] Analyzing Verilog file "D:/Clone/Computer-Organization-Project/CPU/CPU.srcs/sources_1/new/WriteBackMUX.v" into library xil_defaultlib
INFO: [VRFC 10-311] analyzing module WriteBackMUX
