Copyright 1986-2017 Xilinx, Inc. All Rights Reserved.
-------------------------------------------------------------------------------------------------------------------------------------------------------------
| Tool Version : Vivado v.2017.4 (win64) Build 2086221 Fri Dec 15 20:55:39 MST 2017
| Date         : Thu May 22 21:23:44 2025
| Host         : Dupreeh running 64-bit major release  (build 9200)
| Command      : report_timing_summary -max_paths 10 -file top_module_timing_summary_routed.rpt -rpx top_module_timing_summary_routed.rpx -warn_on_violation
| Design       : top_module
| Device       : 7a35t-csg324
| Speed File   : -1  PRODUCTION 1.20 2017-11-01
-------------------------------------------------------------------------------------------------------------------------------------------------------------

Timing Summary Report

------------------------------------------------------------------------------------------------
| Timer Settings
| --------------
------------------------------------------------------------------------------------------------

  Enable Multi Corner Analysis               :  Yes
  Enable Pessimism Removal                   :  Yes
  Pessimism Removal Resolution               :  Nearest Common Node
  Enable Input Delay Default Clock           :  No
  Enable Preset / Clear Arcs                 :  No
  Disable Flight Delays                      :  No
  Ignore I/O Paths                           :  No
  Timing Early Launch at Borrowing Latches   :  false

  Corner  Analyze    Analyze    
  Name    Max Paths  Min Paths  
  ------  ---------  ---------  
  Slow    Yes        Yes        
  Fast    Yes        Yes        



check_timing report

Table of Contents
-----------------
1. checking no_clock
2. checking constant_clock
3. checking pulse_width_clock
4. checking unconstrained_internal_endpoints
5. checking no_input_delay
6. checking no_output_delay
7. checking multiple_clock
8. checking generated_clocks
9. checking loops
10. checking partial_input_delay
11. checking partial_output_delay
12. checking latch_loops

1. checking no_clock
--------------------
 There are 2583 register/latch pins with no clock driven by root clock pin: init_clk (HIGH)

 There are 1798 register/latch pins with no clock driven by root clock pin: uut_clk_divider/clk_out_reg/Q (HIGH)

 There are 16 register/latch pins with no clock driven by root clock pin: uut_debounce_divider/clk_out_reg/Q (HIGH)

 There are 14 register/latch pins with no clock driven by root clock pin: uut_output/tmp_reg_a7[-1111111080]/Q (HIGH)

 There are 14 register/latch pins with no clock driven by root clock pin: uut_output/tmp_reg_a7[-1111111081]/Q (HIGH)

 There are 14 register/latch pins with no clock driven by root clock pin: uut_output/tmp_reg_a7[-1111111082]/Q (HIGH)

 There are 14 register/latch pins with no clock driven by root clock pin: uut_output/tmp_reg_a7[-1111111083]/Q (HIGH)

 There are 14 register/latch pins with no clock driven by root clock pin: uut_output/tmp_reg_a7[-1111111084]/Q (HIGH)

 There are 14 register/latch pins with no clock driven by root clock pin: uut_output/tmp_reg_a7[-1111111085]/Q (HIGH)

 There are 14 register/latch pins with no clock driven by root clock pin: uut_output/tmp_reg_a7[-1111111086]/Q (HIGH)

 There are 14 register/latch pins with no clock driven by root clock pin: uut_output/tmp_reg_a7[-1111111087]/Q (HIGH)

 There are 14 register/latch pins with no clock driven by root clock pin: uut_output/tmp_reg_a7[-1111111088]/Q (HIGH)

 There are 14 register/latch pins with no clock driven by root clock pin: uut_output/tmp_reg_a7[-1111111089]/Q (HIGH)

 There are 14 register/latch pins with no clock driven by root clock pin: uut_output/tmp_reg_a7[-1111111090]/Q (HIGH)

 There are 14 register/latch pins with no clock driven by root clock pin: uut_output/tmp_reg_a7[-1111111091]/Q (HIGH)

 There are 14 register/latch pins with no clock driven by root clock pin: uut_output/tmp_reg_a7[-1111111092]/Q (HIGH)

 There are 14 register/latch pins with no clock driven by root clock pin: uut_output/tmp_reg_a7[-1111111093]/Q (HIGH)

 There are 14 register/latch pins with no clock driven by root clock pin: uut_output/tmp_reg_a7[-1111111094]/Q (HIGH)

 There are 14 register/latch pins with no clock driven by root clock pin: uut_output/tmp_reg_a7[-1111111095]/Q (HIGH)

 There are 14 register/latch pins with no clock driven by root clock pin: uut_output/tmp_reg_a7[-1111111096]/Q (HIGH)

 There are 14 register/latch pins with no clock driven by root clock pin: uut_output/tmp_reg_a7[-1111111097]/Q (HIGH)

 There are 14 register/latch pins with no clock driven by root clock pin: uut_output/tmp_reg_a7[-1111111098]/Q (HIGH)

 There are 14 register/latch pins with no clock driven by root clock pin: uut_output/tmp_reg_a7[-1111111099]/Q (HIGH)

 There are 14 register/latch pins with no clock driven by root clock pin: uut_output/tmp_reg_a7[-1111111100]/Q (HIGH)

 There are 14 register/latch pins with no clock driven by root clock pin: uut_output/tmp_reg_a7[-1111111101]/Q (HIGH)

 There are 14 register/latch pins with no clock driven by root clock pin: uut_output/tmp_reg_a7[-1111111102]/Q (HIGH)

 There are 14 register/latch pins with no clock driven by root clock pin: uut_output/tmp_reg_a7[-1111111103]/Q (HIGH)

 There are 14 register/latch pins with no clock driven by root clock pin: uut_output/tmp_reg_a7[-1111111104]/Q (HIGH)

 There are 14 register/latch pins with no clock driven by root clock pin: uut_output/tmp_reg_a7[-1111111105]/Q (HIGH)

 There are 14 register/latch pins with no clock driven by root clock pin: uut_output/tmp_reg_a7[-1111111106]/Q (HIGH)

 There are 14 register/latch pins with no clock driven by root clock pin: uut_output/tmp_reg_a7[-1111111107]/Q (HIGH)

 There are 14 register/latch pins with no clock driven by root clock pin: uut_output/tmp_reg_a7[-1111111108]/Q (HIGH)

 There are 14 register/latch pins with no clock driven by root clock pin: uut_output/tmp_reg_a7[-1111111109]/Q (HIGH)

 There are 14 register/latch pins with no clock driven by root clock pin: uut_output/tmp_reg_a7[-1111111110]/Q (HIGH)

 There are 14 register/latch pins with no clock driven by root clock pin: uut_output/tmp_reg_a7[-1111111111]/Q (HIGH)

 There are 4 register/latch pins with no clock driven by root clock pin: uut_output/uut_clk_display/clk_out_reg/Q (HIGH)

 There are 14 register/latch pins with no clock driven by root clock pin: uut_output/uut_seg_gen/select_reg[2]/Q (HIGH)

 There are 14 register/latch pins with no clock driven by root clock pin: uut_output/uut_seg_gen/select_reg[3]/Q (HIGH)

 There is 1 register/latch pin with no clock driven by root clock pin: v2_alu_op_reg[0]/Q (HIGH)

 There is 1 register/latch pin with no clock driven by root clock pin: v2_alu_op_reg[1]/Q (HIGH)

 There are 67 register/latch pins with no clock driven by root clock pin: v2_en_output_reg/Q (HIGH)

 There are 64 register/latch pins with no clock driven by root clock pin: v3_funct3_reg[0]/Q (HIGH)

 There are 64 register/latch pins with no clock driven by root clock pin: v3_funct3_reg[1]/Q (HIGH)

 There are 64 register/latch pins with no clock driven by root clock pin: v3_funct3_reg[2]/Q (HIGH)

 There are 32 register/latch pins with no clock driven by root clock pin: v3_mem_write_reg/Q (HIGH)


2. checking constant_clock
--------------------------
 There are 0 register/latch pins with constant_clock.


3. checking pulse_width_clock
-----------------------------
 There are 0 register/latch pins which need pulse_width check


4. checking unconstrained_internal_endpoints
--------------------------------------------
 There are 13280 pins that are not constrained for maximum delay. (HIGH)

 There are 0 pins that are not constrained for maximum delay due to constant clock.


5. checking no_input_delay
--------------------------
 There are 14 input ports with no input delay specified. (HIGH)

 There are 0 input ports with no input delay but user has a false path constraint.


6. checking no_output_delay
---------------------------
 There are 31 ports with no output delay specified. (HIGH)

 There are 0 ports with no output delay but user has a false path constraint

 There are 0 ports with no output delay but with a timing clock defined on it or propagating through it


7. checking multiple_clock
--------------------------
 There are 0 register/latch pins with multiple clocks.


8. checking generated_clocks
----------------------------
 There are 0 generated clocks that are not connected to a clock source.


9. checking loops
-----------------
 There are 0 combinational loops in the design.


10. checking partial_input_delay
--------------------------------
 There are 0 input ports with partial input delay specified.


11. checking partial_output_delay
---------------------------------
 There are 0 ports with partial output delay specified.


12. checking latch_loops
------------------------
 There are 0 combinational latch loops in the design through latch input



------------------------------------------------------------------------------------------------
| Design Timing Summary
| ---------------------
------------------------------------------------------------------------------------------------

    WNS(ns)      TNS(ns)  TNS Failing Endpoints  TNS Total Endpoints      WHS(ns)      THS(ns)  THS Failing Endpoints  THS Total Endpoints     WPWS(ns)     TPWS(ns)  TPWS Failing Endpoints  TPWS Total Endpoints  
    -------      -------  ---------------------  -------------------      -------      -------  ---------------------  -------------------     --------     --------  ----------------------  --------------------  
         NA           NA                     NA                   NA           NA           NA                     NA                   NA           NA           NA                      NA                    NA  


There are no user specified timing constraints.


------------------------------------------------------------------------------------------------
| Clock Summary
| -------------
------------------------------------------------------------------------------------------------


------------------------------------------------------------------------------------------------
| Intra Clock Table
| -----------------
------------------------------------------------------------------------------------------------

Clock             WNS(ns)      TNS(ns)  TNS Failing Endpoints  TNS Total Endpoints      WHS(ns)      THS(ns)  THS Failing Endpoints  THS Total Endpoints     WPWS(ns)     TPWS(ns)  TPWS Failing Endpoints  TPWS Total Endpoints  
-----             -------      -------  ---------------------  -------------------      -------      -------  ---------------------  -------------------     --------     --------  ----------------------  --------------------  


------------------------------------------------------------------------------------------------
| Inter Clock Table
| -----------------
------------------------------------------------------------------------------------------------

From Clock    To Clock          WNS(ns)      TNS(ns)  TNS Failing Endpoints  TNS Total Endpoints      WHS(ns)      THS(ns)  THS Failing Endpoints  THS Total Endpoints  
----------    --------          -------      -------  ---------------------  -------------------      -------      -------  ---------------------  -------------------  


------------------------------------------------------------------------------------------------
| Other Path Groups Table
| -----------------------
------------------------------------------------------------------------------------------------

Path Group    From Clock    To Clock          WNS(ns)      TNS(ns)  TNS Failing Endpoints  TNS Total Endpoints      WHS(ns)      THS(ns)  THS Failing Endpoints  THS Total Endpoints  
----------    ----------    --------          -------      -------  ---------------------  -------------------      -------      -------  ---------------------  -------------------  


------------------------------------------------------------------------------------------------
| Timing Details
| --------------
------------------------------------------------------------------------------------------------


