Copyright 1986-2017 Xilinx, Inc. All Rights Reserved.
---------------------------------------------------------------------------------------
| Tool Version : Vivado v.2017.4 (win64) Build 2086221 Fri Dec 15 20:55:39 MST 2017
| Date         : Fri May 16 00:47:44 2025
| Host         : DESKTOP-TB8HVUN running 64-bit major release  (build 9200)
| Command      : report_control_sets -verbose -file top_module_control_sets_placed.rpt
| Design       : top_module
| Device       : xc7a35t
---------------------------------------------------------------------------------------

Control Set Information

Table of Contents
-----------------
1. Summary
2. Flip-Flop Distribution
3. Detailed Control Set Information

1. Summary
----------

+----------------------------------------------------------+-------+
|                          Status                          | Count |
+----------------------------------------------------------+-------+
| Number of unique control sets                            |   290 |
| Unused register locations in slices containing registers |  1263 |
+----------------------------------------------------------+-------+


2. Flip-Flop Distribution
-------------------------

+--------------+-----------------------+------------------------+-----------------+--------------+
| Clock Enable | Synchronous Set/Reset | Asynchronous Set/Reset | Total Registers | Total Slices |
+--------------+-----------------------+------------------------+-----------------+--------------+
| No           | No                    | No                     |             147 |           72 |
| No           | No                    | Yes                    |              84 |           27 |
| No           | Yes                   | No                     |               0 |            0 |
| Yes          | No                    | No                     |             101 |           37 |
| Yes          | No                    | Yes                    |            1489 |          789 |
| Yes          | Yes                   | No                     |               4 |            1 |
+--------------+-----------------------+------------------------+-----------------+--------------+


3. Detailed Control Set Information
-----------------------------------

+------------------------------------+-------------------------------+------------------------------------------+------------------+----------------+
|            Clock Signal            |         Enable Signal         |             Set/Reset Signal             | Slice Load Count | Bel Load Count |
+------------------------------------+-------------------------------+------------------------------------------+------------------+----------------+
| ~uut_clk_divider/xlnx_opt_         | wb_uut/regs[15][31]_i_1_n_2   | wb_uut/regs_reg[31][31]_0                |                1 |              1 |
| ~uut_clk_divider/xlnx_opt_         | wb_uut/regs[3][31]_i_1_n_2    | wb_uut/regs_reg[3][16]_0                 |                1 |              1 |
|  uut_debounce_divider/clk_de       | input_uut/done_stable_i_1_n_2 | wb_uut/regs_reg[31][31]_0                |                1 |              1 |
|  exe_uut/zero_reg_i_2_n_2          |                               |                                          |                1 |              1 |
| ~uut_clk_divider/xlnx_opt_         | wb_uut/regs[13][31]_i_1_n_2   | wb_uut/regs_reg[31][31]_0                |                1 |              1 |
| ~uut_clk_divider/xlnx_opt_         | wb_uut/regs[2][31]_i_1_n_2    | wb_uut/regs_reg[3][16]_0                 |                1 |              1 |
| ~uut_clk_divider/xlnx_opt_         | wb_uut/regs[6][31]_i_1_n_2    | wb_uut/regs_reg[31][31]_0                |                1 |              1 |
| ~uut_clk_divider/xlnx_opt_         | wb_uut/regs[1][31]_i_1_n_2    | wb_uut/regs_reg[3][16]_0                 |                1 |              1 |
| ~uut_clk_divider/xlnx_opt_         | wb_uut/regs[7][31]_i_1_n_2    | wb_uut/regs_reg[31][31]_0                |                1 |              1 |
| ~uut_clk_divider/xlnx_opt_         | wb_uut/regs[1][31]_i_1_n_2    | wb_uut/regs_reg[31][31]_0                |                1 |              1 |
| ~uut_clk_divider/xlnx_opt_         | wb_uut/regs[20][31]_i_1_n_2   | wb_uut/regs_reg[31][31]_0                |                1 |              1 |
| ~uut_clk_divider/xlnx_opt_         | wb_uut/regs[5][31]_i_1_n_2    | wb_uut/regs_reg[31][31]_0                |                1 |              1 |
| ~uut_clk_divider/xlnx_opt_         | wb_uut/regs[22][31]_i_1_n_2   | wb_uut/regs_reg[31][31]_0                |                1 |              1 |
| ~uut_clk_divider/xlnx_opt_         | wb_uut/regs[23][31]_i_1_n_2   | wb_uut/regs_reg[31][31]_0                |                1 |              1 |
| ~uut_clk_divider/xlnx_opt_         | wb_uut/regs[14][31]_i_1_n_2   | wb_uut/regs_reg[31][31]_0                |                1 |              1 |
| ~uut_clk_divider/xlnx_opt_         | wb_uut/regs[11][31]_i_1_n_2   | wb_uut/regs_reg[31][31]_0                |                1 |              1 |
| ~uut_clk_divider/xlnx_opt_         | wb_uut/regs[3][31]_i_1_n_2    | wb_uut/regs_reg[31][31]_0                |                1 |              1 |
| ~uut_clk_divider/xlnx_opt_         | wb_uut/regs[8][31]_i_1_n_2    | wb_uut/regs_reg[31][31]_0                |                1 |              1 |
| ~uut_clk_divider/xlnx_opt_         | wb_uut/regs[10][31]_i_1_n_2   | wb_uut/regs_reg[31][31]_0                |                1 |              1 |
| ~uut_clk_divider/xlnx_opt_         | wb_uut/regs[12][31]_i_1_n_2   | wb_uut/regs_reg[31][31]_0                |                1 |              1 |
| ~uut_clk_divider/xlnx_opt_         | wb_uut/regs[4][31]_i_1_n_2    | wb_uut/regs_reg[31][31]_0                |                1 |              1 |
| ~uut_clk_divider/xlnx_opt_         | wb_uut/regs[21][31]_i_1_n_2   | wb_uut/regs_reg[31][31]_0                |                1 |              1 |
| ~uut_clk_divider/xlnx_opt_         | wb_uut/regs[24][31]_i_1_n_2   | wb_uut/regs_reg[31][31]_0                |                1 |              1 |
| ~uut_clk_divider/xlnx_opt_         | wb_uut/regs[2][31]_i_1_n_2    | wb_uut/regs_reg[31][31]_0                |                1 |              1 |
| ~uut_clk_divider/xlnx_opt_         | wb_uut/regs[9][31]_i_1_n_2    | wb_uut/regs_reg[31][31]_0                |                1 |              1 |
| ~uut_clk_divider/xlnx_opt_         | wb_uut/regs[27][31]_i_1_n_2   | wb_uut/regs_reg[15][1]_0                 |                2 |              2 |
| ~uut_clk_divider/xlnx_opt_         | wb_uut/regs[22][31]_i_1_n_2   | wb_uut/regs_reg[15][1]_0                 |                2 |              2 |
| ~uut_clk_divider/xlnx_opt_         | wb_uut/regs[28][31]_i_1_n_2   | wb_uut/regs_reg[15][1]_0                 |                1 |              2 |
| ~uut_clk_divider/xlnx_opt_         | wb_uut/regs[28][31]_i_1_n_2   | wb_uut/regs_reg[31][31]_0                |                2 |              2 |
|  uut_clk_divider/xlnx_opt_         |                               | wb_uut/regs_reg[30][18]_0                |                1 |              2 |
| ~uut_clk_divider/xlnx_opt_         | wb_uut/regs[20][31]_i_1_n_2   | wb_uut/regs_reg[15][1]_0                 |                1 |              2 |
| ~uut_clk_divider/xlnx_opt_         | wb_uut/regs[26][31]_i_1_n_2   | wb_uut/regs_reg[15][1]_0                 |                1 |              2 |
| ~uut_clk_divider/xlnx_opt_         | wb_uut/regs[26][31]_i_1_n_2   | wb_uut/regs_reg[31][31]_0                |                2 |              2 |
| ~uut_clk_divider/xlnx_opt_         | wb_uut/regs[29][31]_i_1_n_2   | wb_uut/regs_reg[31][31]_0                |                2 |              2 |
| ~uut_clk_divider/xlnx_opt_         | wb_uut/regs[29][31]_i_1_n_2   | wb_uut/regs_reg[15][1]_0                 |                1 |              2 |
| ~uut_clk_divider/xlnx_opt_         | wb_uut/regs[23][31]_i_1_n_2   | wb_uut/regs_reg[15][1]_0                 |                2 |              2 |
| ~uut_clk_divider/xlnx_opt_         | wb_uut/regs[24][31]_i_1_n_2   | wb_uut/regs_reg[15][1]_0                 |                1 |              2 |
| ~uut_clk_divider/xlnx_opt_         | wb_uut/regs[25][31]_i_1_n_2   | wb_uut/regs_reg[15][1]_0                 |                1 |              2 |
| ~uut_clk_divider/xlnx_opt_         | wb_uut/regs[21][31]_i_1_n_2   | wb_uut/regs_reg[15][1]_0                 |                1 |              2 |
| ~uut_clk_divider/xlnx_opt_         | wb_uut/regs[27][31]_i_1_n_2   | wb_uut/regs_reg[31][31]_0                |                2 |              2 |
| ~uut_clk_divider/xlnx_opt_         | wb_uut/regs[30][31]_i_1_n_2   | wb_uut/regs_reg[31][31]_0                |                2 |              2 |
| ~uut_clk_divider/xlnx_opt_         | wb_uut/regs[30][31]_i_1_n_2   | wb_uut/regs_reg[15][1]_0                 |                1 |              2 |
| ~uut_clk_divider/xlnx_opt_         | wb_uut/regs[31][31]_i_1_n_2   | wb_uut/regs_reg[31][31]_0                |                2 |              2 |
| ~uut_clk_divider/xlnx_opt_         | wb_uut/regs[31][31]_i_1_n_2   | wb_uut/regs_reg[15][1]_0                 |                1 |              2 |
| ~uut_clk_divider/xlnx_opt_         | wb_uut/regs[25][31]_i_1_n_2   | wb_uut/regs_reg[31][31]_0                |                2 |              2 |
| ~uut_clk_divider/xlnx_opt_         | wb_uut/regs[25][31]_i_1_n_2   | wb_uut/regs[1][30]_i_2_n_2               |                2 |              3 |
| ~uut_clk_divider/xlnx_opt_         | wb_uut/regs[3][31]_i_1_n_2    | wb_uut/regs[1][26]_i_2_n_2               |                3 |              3 |
| ~uut_clk_divider/xlnx_opt_         | wb_uut/regs[7][31]_i_1_n_2    | wb_uut/regs_reg[30][18]_0                |                1 |              3 |
| ~uut_clk_divider/xlnx_opt_         | wb_uut/regs[7][31]_i_1_n_2    | wb_uut/regs[1][26]_i_2_n_2               |                2 |              3 |
| ~uut_clk_divider/xlnx_opt_         | wb_uut/regs[28][31]_i_1_n_2   | wb_uut/regs[1][26]_i_2_n_2               |                2 |              3 |
| ~uut_clk_divider/xlnx_opt_         | wb_uut/regs[18][31]_i_1_n_2   | wb_uut/regs[1][30]_i_2_n_2               |                1 |              3 |
| ~uut_clk_divider/xlnx_opt_         | wb_uut/regs[6][31]_i_1_n_2    | wb_uut/regs_reg[30][18]_0                |                1 |              3 |
|  uut_clk_divider/xlnx_opt_         | hd_uut/pc[0]_i_1_n_2          | hd_uut/pc_reg[31]_0                      |                1 |              3 |
| ~uut_clk_divider/xlnx_opt_         | wb_uut/regs[6][31]_i_1_n_2    | wb_uut/regs[1][26]_i_2_n_2               |                3 |              3 |
| ~uut_clk_divider/xlnx_opt_         | wb_uut/regs[8][31]_i_1_n_2    | wb_uut/regs_reg[30][18]_0                |                2 |              3 |
| ~uut_clk_divider/xlnx_opt_         | wb_uut/regs[3][31]_i_1_n_2    | wb_uut/regs_reg[30][18]_0                |                1 |              3 |
| ~uut_clk_divider/xlnx_opt_         | wb_uut/regs[5][31]_i_1_n_2    | wb_uut/regs_reg[30][18]_0                |                1 |              3 |
| ~uut_clk_divider/xlnx_opt_         | wb_uut/regs[19][31]_i_1_n_2   | wb_uut/regs[1][30]_i_2_n_2               |                2 |              3 |
| ~uut_clk_divider/xlnx_opt_         | wb_uut/regs[3][31]_i_1_n_2    | wb_uut/regs_reg[15][1]_0                 |                2 |              3 |
| ~uut_clk_divider/xlnx_opt_         | wb_uut/regs[8][31]_i_1_n_2    | wb_uut/regs[1][26]_i_2_n_2               |                1 |              3 |
| ~uut_clk_divider/xlnx_opt_         | wb_uut/regs[10][31]_i_1_n_2   | wb_uut/regs[1][26]_i_2_n_2               |                2 |              3 |
| ~uut_clk_divider/xlnx_opt_         | wb_uut/regs[5][31]_i_1_n_2    | wb_uut/regs[1][26]_i_2_n_2               |                2 |              3 |
| ~uut_clk_divider/xlnx_opt_         | wb_uut/regs[4][31]_i_1_n_2    | wb_uut/regs_reg[30][18]_0                |                2 |              3 |
|  uut_clk_divider/xlnx_opt_         | wb_uut/en_pc                  | wb_uut/regs_reg[15][1]_0                 |                1 |              3 |
| ~uut_clk_divider/xlnx_opt_         | wb_uut/regs[12][31]_i_1_n_2   | wb_uut/regs_reg[30][18]_0                |                1 |              3 |
| ~uut_clk_divider/xlnx_opt_         | wb_uut/regs[1][31]_i_1_n_2    | wb_uut/regs_reg[15][1]_0                 |                3 |              3 |
| ~uut_clk_divider/xlnx_opt_         | wb_uut/regs[4][31]_i_1_n_2    | wb_uut/regs[1][26]_i_2_n_2               |                2 |              3 |
| ~uut_clk_divider/xlnx_opt_         | wb_uut/regs[1][31]_i_1_n_2    | wb_uut/regs_reg[30][18]_0                |                2 |              3 |
| ~uut_clk_divider/xlnx_opt_         | wb_uut/regs[14][31]_i_1_n_2   | wb_uut/regs_reg[30][18]_0                |                1 |              3 |
| ~uut_clk_divider/xlnx_opt_         | wb_uut/regs[16][31]_i_1_n_2   | wb_uut/regs[1][30]_i_2_n_2               |                2 |              3 |
| ~uut_clk_divider/xlnx_opt_         | wb_uut/regs[13][31]_i_1_n_2   | wb_uut/regs_reg[30][18]_0                |                1 |              3 |
| ~uut_clk_divider/xlnx_opt_         | wb_uut/regs[2][31]_i_1_n_2    | wb_uut/regs[1][26]_i_2_n_2               |                2 |              3 |
| ~uut_clk_divider/xlnx_opt_         | wb_uut/regs[27][31]_i_1_n_2   | wb_uut/regs[1][26]_i_2_n_2               |                2 |              3 |
| ~uut_clk_divider/xlnx_opt_         | wb_uut/regs[2][31]_i_1_n_2    | wb_uut/regs_reg[30][18]_0                |                1 |              3 |
| ~uut_clk_divider/xlnx_opt_         | wb_uut/regs[2][31]_i_1_n_2    | wb_uut/regs_reg[15][1]_0                 |                2 |              3 |
| ~uut_clk_divider/xlnx_opt_         | wb_uut/regs[29][31]_i_1_n_2   | wb_uut/regs[1][26]_i_2_n_2               |                2 |              3 |
| ~uut_clk_divider/xlnx_opt_         | wb_uut/regs[30][31]_i_1_n_2   | wb_uut/regs[1][26]_i_2_n_2               |                2 |              3 |
| ~uut_clk_divider/xlnx_opt_         | wb_uut/regs[15][31]_i_1_n_2   | wb_uut/regs_reg[30][18]_0                |                1 |              3 |
| ~uut_clk_divider/xlnx_opt_         | wb_uut/regs[11][31]_i_1_n_2   | wb_uut/regs_reg[30][18]_0                |                1 |              3 |
| ~uut_clk_divider/xlnx_opt_         | wb_uut/regs[31][31]_i_1_n_2   | wb_uut/regs[1][26]_i_2_n_2               |                2 |              3 |
| ~uut_clk_divider/xlnx_opt_         | wb_uut/regs[26][31]_i_1_n_2   | wb_uut/regs[1][30]_i_2_n_2               |                1 |              3 |
| ~uut_clk_divider/xlnx_opt_         | wb_uut/regs[1][31]_i_1_n_2    | wb_uut/regs[1][26]_i_2_n_2               |                3 |              3 |
| ~uut_clk_divider/xlnx_opt_         | wb_uut/regs[17][31]_i_1_n_2   | wb_uut/regs[1][30]_i_2_n_2               |                1 |              3 |
| ~uut_clk_divider/xlnx_opt_         | wb_uut/regs[9][31]_i_1_n_2    | wb_uut/regs_reg[30][18]_0                |                1 |              3 |
|  uut_output/uut_clk_display/CLK    |                               | uut_output/uut_clk_display/clk_out_reg_0 |                2 |              4 |
| ~uut_clk_divider/xlnx_opt_         | wb_uut/regs[15][31]_i_1_n_2   | wb_uut/regs_reg[15][1]_0                 |                4 |              4 |
| ~uut_clk_divider/xlnx_opt_         | wb_uut/regs[15][31]_i_1_n_2   | wb_uut/regs[1][30]_i_2_n_2               |                3 |              4 |
| ~uut_clk_divider/xlnx_opt_         | wb_uut/regs[15][31]_i_1_n_2   | wb_uut/regs[1][4]_i_2_n_2                |                1 |              4 |
| ~uut_clk_divider/xlnx_opt_         | wb_uut/regs[17][31]_i_1_n_2   | wb_uut/regs_reg[31][31]_0                |                1 |              4 |
| ~uut_clk_divider/xlnx_opt_         | wb_uut/regs[18][31]_i_1_n_2   | wb_uut/regs[1][13]_i_2_n_2               |                2 |              4 |
| ~uut_clk_divider/xlnx_opt_         | wb_uut/regs[18][31]_i_1_n_2   | wb_uut/regs_reg[31][31]_0                |                2 |              4 |
| ~uut_clk_divider/xlnx_opt_         | wb_uut/regs[19][31]_i_1_n_2   | wb_uut/regs_reg[31][31]_0                |                2 |              4 |
| ~uut_clk_divider/xlnx_opt_         | wb_uut/regs[19][31]_i_1_n_2   | wb_uut/regs[1][4]_i_2_n_2                |                2 |              4 |
| ~uut_clk_divider/xlnx_opt_         | wb_uut/regs[10][31]_i_1_n_2   | wb_uut/regs[1][30]_i_2_n_2               |                2 |              4 |
| ~uut_clk_divider/xlnx_opt_         | wb_uut/regs[16][31]_i_1_n_2   | wb_uut/regs[1][15]_i_2_n_2               |                3 |              4 |
| ~uut_clk_divider/xlnx_opt_         | wb_uut/regs[16][31]_i_1_n_2   | wb_uut/regs_reg[31][31]_0                |                3 |              4 |
| ~uut_clk_divider/xlnx_opt_         | wb_uut/regs[14][31]_i_1_n_2   | wb_uut/regs[1][23]_i_2_n_2               |                2 |              4 |
| ~uut_clk_divider/xlnx_opt_         | wb_uut/regs[14][31]_i_1_n_2   | wb_uut/regs[1][15]_i_2_n_2               |                3 |              4 |
| ~uut_clk_divider/xlnx_opt_         | wb_uut/regs[14][31]_i_1_n_2   | wb_uut/regs[1][13]_i_2_n_2               |                2 |              4 |
| ~uut_clk_divider/xlnx_opt_         | wb_uut/regs[14][31]_i_1_n_2   | wb_uut/regs[1][26]_i_2_n_2               |                2 |              4 |
| ~uut_clk_divider/xlnx_opt_         | wb_uut/regs[14][31]_i_1_n_2   | wb_uut/regs_reg[15][1]_0                 |                3 |              4 |
| ~uut_clk_divider/xlnx_opt_         | wb_uut/regs[14][31]_i_1_n_2   | wb_uut/regs[1][30]_i_2_n_2               |                1 |              4 |
| ~uut_clk_divider/xlnx_opt_         | wb_uut/regs[14][31]_i_1_n_2   | wb_uut/regs[1][4]_i_2_n_2                |                2 |              4 |
| ~uut_clk_divider/xlnx_opt_         | wb_uut/regs[11][31]_i_1_n_2   | wb_uut/regs[1][23]_i_2_n_2               |                3 |              4 |
| ~uut_clk_divider/xlnx_opt_         | wb_uut/regs[11][31]_i_1_n_2   | wb_uut/regs[1][15]_i_2_n_2               |                4 |              4 |
| ~uut_clk_divider/xlnx_opt_         | wb_uut/regs[11][31]_i_1_n_2   | wb_uut/regs[1][13]_i_2_n_2               |                3 |              4 |
| ~uut_clk_divider/xlnx_opt_         | wb_uut/regs[11][31]_i_1_n_2   | wb_uut/regs[1][26]_i_2_n_2               |                3 |              4 |
| ~uut_clk_divider/xlnx_opt_         | wb_uut/regs[11][31]_i_1_n_2   | wb_uut/regs_reg[15][1]_0                 |                2 |              4 |
| ~uut_clk_divider/xlnx_opt_         | wb_uut/regs[11][31]_i_1_n_2   | wb_uut/regs[1][30]_i_2_n_2               |                2 |              4 |
| ~uut_clk_divider/xlnx_opt_         | wb_uut/regs[11][31]_i_1_n_2   | wb_uut/regs[1][4]_i_2_n_2                |                2 |              4 |
| ~uut_clk_divider/xlnx_opt_         | wb_uut/regs[12][31]_i_1_n_2   | wb_uut/regs[1][23]_i_2_n_2               |                2 |              4 |
| ~uut_clk_divider/xlnx_opt_         | wb_uut/regs[12][31]_i_1_n_2   | wb_uut/regs[1][15]_i_2_n_2               |                2 |              4 |
| ~uut_clk_divider/xlnx_opt_         | wb_uut/regs[12][31]_i_1_n_2   | wb_uut/regs[1][13]_i_2_n_2               |                3 |              4 |
| ~uut_clk_divider/xlnx_opt_         | wb_uut/regs[12][31]_i_1_n_2   | wb_uut/regs[1][26]_i_2_n_2               |                2 |              4 |
| ~uut_clk_divider/xlnx_opt_         | wb_uut/regs[12][31]_i_1_n_2   | wb_uut/regs_reg[15][1]_0                 |                2 |              4 |
| ~uut_clk_divider/xlnx_opt_         | wb_uut/regs[12][31]_i_1_n_2   | wb_uut/regs[1][30]_i_2_n_2               |                1 |              4 |
| ~uut_clk_divider/xlnx_opt_         | wb_uut/regs[12][31]_i_1_n_2   | wb_uut/regs[1][4]_i_2_n_2                |                2 |              4 |
| ~uut_clk_divider/xlnx_opt_         | wb_uut/regs[29][31]_i_1_n_2   | wb_uut/regs[1][23]_i_2_n_2               |                3 |              4 |
| ~uut_clk_divider/xlnx_opt_         | wb_uut/regs[29][31]_i_1_n_2   | wb_uut/regs[1][15]_i_2_n_2               |                4 |              4 |
| ~uut_clk_divider/xlnx_opt_         | wb_uut/regs[29][31]_i_1_n_2   | wb_uut/regs[1][13]_i_2_n_2               |                4 |              4 |
| ~uut_clk_divider/xlnx_opt_         | wb_uut/regs[29][31]_i_1_n_2   | wb_uut/regs[1][30]_i_2_n_2               |                1 |              4 |
| ~uut_clk_divider/xlnx_opt_         | wb_uut/regs[29][31]_i_1_n_2   | wb_uut/regs[1][4]_i_2_n_2                |                2 |              4 |
| ~uut_clk_divider/xlnx_opt_         | wb_uut/regs[3][31]_i_1_n_2    | wb_uut/regs[1][15]_i_2_n_2               |                3 |              4 |
| ~uut_clk_divider/xlnx_opt_         | wb_uut/regs[3][31]_i_1_n_2    | wb_uut/regs[1][13]_i_2_n_2               |                3 |              4 |
| ~uut_clk_divider/xlnx_opt_         | wb_uut/regs[3][31]_i_1_n_2    | wb_uut/regs[1][30]_i_2_n_2               |                2 |              4 |
| ~uut_clk_divider/xlnx_opt_         | wb_uut/regs[3][31]_i_1_n_2    | wb_uut/regs[1][4]_i_2_n_2                |                2 |              4 |
| ~uut_clk_divider/xlnx_opt_         | wb_uut/regs[20][31]_i_1_n_2   | wb_uut/regs[1][23]_i_2_n_2               |                2 |              4 |
| ~uut_clk_divider/xlnx_opt_         | wb_uut/regs[20][31]_i_1_n_2   | wb_uut/regs[1][15]_i_2_n_2               |                1 |              4 |
| ~uut_clk_divider/xlnx_opt_         | wb_uut/regs[20][31]_i_1_n_2   | wb_uut/regs[1][13]_i_2_n_2               |                3 |              4 |
| ~uut_clk_divider/xlnx_opt_         | wb_uut/regs[20][31]_i_1_n_2   | wb_uut/regs[1][26]_i_2_n_2               |                3 |              4 |
| ~uut_clk_divider/xlnx_opt_         | wb_uut/regs[20][31]_i_1_n_2   | wb_uut/regs[1][30]_i_2_n_2               |                1 |              4 |
| ~uut_clk_divider/xlnx_opt_         | wb_uut/regs[20][31]_i_1_n_2   | wb_uut/regs[1][4]_i_2_n_2                |                2 |              4 |
| ~uut_clk_divider/xlnx_opt_         | wb_uut/regs[21][31]_i_1_n_2   | wb_uut/regs[1][23]_i_2_n_2               |                1 |              4 |
| ~uut_clk_divider/xlnx_opt_         | wb_uut/regs[21][31]_i_1_n_2   | wb_uut/regs[1][15]_i_2_n_2               |                2 |              4 |
| ~uut_clk_divider/xlnx_opt_         | wb_uut/regs[21][31]_i_1_n_2   | wb_uut/regs[1][13]_i_2_n_2               |                3 |              4 |
| ~uut_clk_divider/xlnx_opt_         | wb_uut/regs[21][31]_i_1_n_2   | wb_uut/regs[1][26]_i_2_n_2               |                2 |              4 |
| ~uut_clk_divider/xlnx_opt_         | wb_uut/regs[21][31]_i_1_n_2   | wb_uut/regs[1][30]_i_2_n_2               |                1 |              4 |
| ~uut_clk_divider/xlnx_opt_         | wb_uut/regs[21][31]_i_1_n_2   | wb_uut/regs[1][4]_i_2_n_2                |                2 |              4 |
| ~uut_clk_divider/xlnx_opt_         | wb_uut/regs[23][31]_i_1_n_2   | wb_uut/regs[1][23]_i_2_n_2               |                1 |              4 |
| ~uut_clk_divider/xlnx_opt_         | wb_uut/regs[23][31]_i_1_n_2   | wb_uut/regs[1][15]_i_2_n_2               |                2 |              4 |
| ~uut_clk_divider/xlnx_opt_         | wb_uut/regs[23][31]_i_1_n_2   | wb_uut/regs[1][13]_i_2_n_2               |                3 |              4 |
| ~uut_clk_divider/xlnx_opt_         | wb_uut/regs[23][31]_i_1_n_2   | wb_uut/regs[1][26]_i_2_n_2               |                4 |              4 |
| ~uut_clk_divider/xlnx_opt_         | wb_uut/regs[23][31]_i_1_n_2   | wb_uut/regs[1][30]_i_2_n_2               |                2 |              4 |
| ~uut_clk_divider/xlnx_opt_         | wb_uut/regs[23][31]_i_1_n_2   | wb_uut/regs[1][4]_i_2_n_2                |                3 |              4 |
| ~uut_clk_divider/xlnx_opt_         | wb_uut/regs[27][31]_i_1_n_2   | wb_uut/regs[1][23]_i_2_n_2               |                3 |              4 |
| ~uut_clk_divider/xlnx_opt_         | wb_uut/regs[27][31]_i_1_n_2   | wb_uut/regs[1][15]_i_2_n_2               |                3 |              4 |
| ~uut_clk_divider/xlnx_opt_         | wb_uut/regs[27][31]_i_1_n_2   | wb_uut/regs[1][13]_i_2_n_2               |                4 |              4 |
| ~uut_clk_divider/xlnx_opt_         | wb_uut/regs[27][31]_i_1_n_2   | wb_uut/regs[1][30]_i_2_n_2               |                1 |              4 |
| ~uut_clk_divider/xlnx_opt_         | wb_uut/regs[27][31]_i_1_n_2   | wb_uut/regs[1][4]_i_2_n_2                |                2 |              4 |
| ~uut_clk_divider/xlnx_opt_         | wb_uut/regs[22][31]_i_1_n_2   | wb_uut/regs[1][23]_i_2_n_2               |                2 |              4 |
| ~uut_clk_divider/xlnx_opt_         | wb_uut/regs[22][31]_i_1_n_2   | wb_uut/regs[1][15]_i_2_n_2               |                2 |              4 |
| ~uut_clk_divider/xlnx_opt_         | wb_uut/regs[22][31]_i_1_n_2   | wb_uut/regs[1][13]_i_2_n_2               |                3 |              4 |
| ~uut_clk_divider/xlnx_opt_         | wb_uut/regs[22][31]_i_1_n_2   | wb_uut/regs[1][26]_i_2_n_2               |                2 |              4 |
| ~uut_clk_divider/xlnx_opt_         | wb_uut/regs[22][31]_i_1_n_2   | wb_uut/regs[1][30]_i_2_n_2               |                2 |              4 |
| ~uut_clk_divider/xlnx_opt_         | wb_uut/regs[22][31]_i_1_n_2   | wb_uut/regs[1][4]_i_2_n_2                |                2 |              4 |
| ~uut_clk_divider/xlnx_opt_         | wb_uut/regs[24][31]_i_1_n_2   | wb_uut/regs[1][23]_i_2_n_2               |                3 |              4 |
| ~uut_clk_divider/xlnx_opt_         | wb_uut/regs[24][31]_i_1_n_2   | wb_uut/regs[1][15]_i_2_n_2               |                3 |              4 |
| ~uut_clk_divider/xlnx_opt_         | wb_uut/regs[24][31]_i_1_n_2   | wb_uut/regs[1][13]_i_2_n_2               |                4 |              4 |
| ~uut_clk_divider/xlnx_opt_         | wb_uut/regs[24][31]_i_1_n_2   | wb_uut/regs[1][26]_i_2_n_2               |                2 |              4 |
| ~uut_clk_divider/xlnx_opt_         | wb_uut/regs[24][31]_i_1_n_2   | wb_uut/regs[1][30]_i_2_n_2               |                1 |              4 |
| ~uut_clk_divider/xlnx_opt_         | wb_uut/regs[24][31]_i_1_n_2   | wb_uut/regs[1][4]_i_2_n_2                |                3 |              4 |
| ~uut_clk_divider/xlnx_opt_         | wb_uut/regs[4][31]_i_1_n_2    | wb_uut/regs[1][15]_i_2_n_2               |                3 |              4 |
| ~uut_clk_divider/xlnx_opt_         | wb_uut/regs[4][31]_i_1_n_2    | wb_uut/regs[1][13]_i_2_n_2               |                3 |              4 |
| ~uut_clk_divider/xlnx_opt_         | wb_uut/regs[4][31]_i_1_n_2    | wb_uut/regs_reg[15][1]_0                 |                2 |              4 |
| ~uut_clk_divider/xlnx_opt_         | wb_uut/regs[4][31]_i_1_n_2    | wb_uut/regs[1][30]_i_2_n_2               |                1 |              4 |
| ~uut_clk_divider/xlnx_opt_         | wb_uut/regs[4][31]_i_1_n_2    | wb_uut/regs[1][4]_i_2_n_2                |                1 |              4 |
| ~uut_clk_divider/xlnx_opt_         | wb_uut/regs[8][31]_i_1_n_2    | wb_uut/regs[1][15]_i_2_n_2               |                3 |              4 |
| ~uut_clk_divider/xlnx_opt_         | wb_uut/regs[8][31]_i_1_n_2    | wb_uut/regs[1][13]_i_2_n_2               |                3 |              4 |
| ~uut_clk_divider/xlnx_opt_         | wb_uut/regs[8][31]_i_1_n_2    | wb_uut/regs_reg[15][1]_0                 |                4 |              4 |
| ~uut_clk_divider/xlnx_opt_         | wb_uut/regs[8][31]_i_1_n_2    | wb_uut/regs[1][30]_i_2_n_2               |                1 |              4 |
| ~uut_clk_divider/xlnx_opt_         | wb_uut/regs[8][31]_i_1_n_2    | wb_uut/regs[1][4]_i_2_n_2                |                2 |              4 |
| ~uut_clk_divider/xlnx_opt_         | wb_uut/regs[6][31]_i_1_n_2    | wb_uut/regs[1][15]_i_2_n_2               |                3 |              4 |
| ~uut_clk_divider/xlnx_opt_         | wb_uut/regs[6][31]_i_1_n_2    | wb_uut/regs[1][13]_i_2_n_2               |                3 |              4 |
| ~uut_clk_divider/xlnx_opt_         | wb_uut/regs[6][31]_i_1_n_2    | wb_uut/regs_reg[15][1]_0                 |                2 |              4 |
| ~uut_clk_divider/xlnx_opt_         | wb_uut/regs[6][31]_i_1_n_2    | wb_uut/regs[1][30]_i_2_n_2               |                1 |              4 |
| ~uut_clk_divider/xlnx_opt_         | wb_uut/regs[6][31]_i_1_n_2    | wb_uut/regs[1][4]_i_2_n_2                |                3 |              4 |
| ~uut_clk_divider/xlnx_opt_         | wb_uut/regs[28][31]_i_1_n_2   | wb_uut/regs[1][23]_i_2_n_2               |                3 |              4 |
| ~uut_clk_divider/xlnx_opt_         | wb_uut/regs[28][31]_i_1_n_2   | wb_uut/regs[1][15]_i_2_n_2               |                3 |              4 |
| ~uut_clk_divider/xlnx_opt_         | wb_uut/regs[28][31]_i_1_n_2   | wb_uut/regs[1][13]_i_2_n_2               |                4 |              4 |
| ~uut_clk_divider/xlnx_opt_         | wb_uut/regs[28][31]_i_1_n_2   | wb_uut/regs[1][30]_i_2_n_2               |                3 |              4 |
| ~uut_clk_divider/xlnx_opt_         | wb_uut/regs[28][31]_i_1_n_2   | wb_uut/regs[1][4]_i_2_n_2                |                2 |              4 |
| ~uut_clk_divider/xlnx_opt_         | wb_uut/regs[1][31]_i_1_n_2    | wb_uut/regs[1][15]_i_2_n_2               |                3 |              4 |
| ~uut_clk_divider/xlnx_opt_         | wb_uut/regs[1][31]_i_1_n_2    | wb_uut/regs[1][13]_i_2_n_2               |                3 |              4 |
| ~uut_clk_divider/xlnx_opt_         | wb_uut/regs[1][31]_i_1_n_2    | wb_uut/regs[1][30]_i_2_n_2               |                2 |              4 |
| ~uut_clk_divider/xlnx_opt_         | wb_uut/regs[1][31]_i_1_n_2    | wb_uut/regs[1][4]_i_2_n_2                |                2 |              4 |
| ~uut_clk_divider/xlnx_opt_         | wb_uut/regs[9][31]_i_1_n_2    | wb_uut/regs[1][4]_i_2_n_2                |                1 |              4 |
| ~uut_clk_divider/xlnx_opt_         | wb_uut/regs[5][31]_i_1_n_2    | wb_uut/regs[1][15]_i_2_n_2               |                3 |              4 |
| ~uut_clk_divider/xlnx_opt_         | wb_uut/regs[5][31]_i_1_n_2    | wb_uut/regs[1][13]_i_2_n_2               |                3 |              4 |
| ~uut_clk_divider/xlnx_opt_         | wb_uut/regs[5][31]_i_1_n_2    | wb_uut/regs_reg[15][1]_0                 |                2 |              4 |
| ~uut_clk_divider/xlnx_opt_         | wb_uut/regs[5][31]_i_1_n_2    | wb_uut/regs[1][30]_i_2_n_2               |                1 |              4 |
| ~uut_clk_divider/xlnx_opt_         | wb_uut/regs[5][31]_i_1_n_2    | wb_uut/regs[1][4]_i_2_n_2                |                2 |              4 |
| ~uut_clk_divider/xlnx_opt_         | wb_uut/regs[26][31]_i_1_n_2   | wb_uut/regs[1][23]_i_2_n_2               |                1 |              4 |
| ~uut_clk_divider/xlnx_opt_         | wb_uut/regs[26][31]_i_1_n_2   | wb_uut/regs[1][15]_i_2_n_2               |                3 |              4 |
| ~uut_clk_divider/xlnx_opt_         | wb_uut/regs[26][31]_i_1_n_2   | wb_uut/regs[1][13]_i_2_n_2               |                4 |              4 |
| ~uut_clk_divider/xlnx_opt_         | wb_uut/regs[26][31]_i_1_n_2   | wb_uut/regs[1][26]_i_2_n_2               |                2 |              4 |
| ~uut_clk_divider/xlnx_opt_         | wb_uut/regs[26][31]_i_1_n_2   | wb_uut/regs[1][4]_i_2_n_2                |                3 |              4 |
| ~uut_clk_divider/xlnx_opt_         | wb_uut/regs[7][31]_i_1_n_2    | wb_uut/regs[1][15]_i_2_n_2               |                3 |              4 |
| ~uut_clk_divider/xlnx_opt_         | wb_uut/regs[7][31]_i_1_n_2    | wb_uut/regs[1][13]_i_2_n_2               |                3 |              4 |
| ~uut_clk_divider/xlnx_opt_         | wb_uut/regs[7][31]_i_1_n_2    | wb_uut/regs_reg[15][1]_0                 |                2 |              4 |
| ~uut_clk_divider/xlnx_opt_         | wb_uut/regs[7][31]_i_1_n_2    | wb_uut/regs[1][30]_i_2_n_2               |                2 |              4 |
| ~uut_clk_divider/xlnx_opt_         | wb_uut/regs[7][31]_i_1_n_2    | wb_uut/regs[1][4]_i_2_n_2                |                3 |              4 |
| ~uut_clk_divider/xlnx_opt_         | wb_uut/regs[25][31]_i_1_n_2   | wb_uut/regs[1][23]_i_2_n_2               |                1 |              4 |
| ~uut_clk_divider/xlnx_opt_         | wb_uut/regs[25][31]_i_1_n_2   | wb_uut/regs[1][15]_i_2_n_2               |                3 |              4 |
| ~uut_clk_divider/xlnx_opt_         | wb_uut/regs[25][31]_i_1_n_2   | wb_uut/regs[1][13]_i_2_n_2               |                4 |              4 |
| ~uut_clk_divider/xlnx_opt_         | wb_uut/regs[25][31]_i_1_n_2   | wb_uut/regs[1][26]_i_2_n_2               |                3 |              4 |
| ~uut_clk_divider/xlnx_opt_         | wb_uut/regs[25][31]_i_1_n_2   | wb_uut/regs[1][4]_i_2_n_2                |                3 |              4 |
| ~uut_clk_divider/xlnx_opt_         | wb_uut/regs[2][31]_i_1_n_2    | wb_uut/regs[1][15]_i_2_n_2               |                3 |              4 |
| ~uut_clk_divider/xlnx_opt_         | wb_uut/regs[2][31]_i_1_n_2    | wb_uut/regs[1][13]_i_2_n_2               |                3 |              4 |
|  uut_debounce_divider/clk_de       | input_uut/done_counter        | input_uut/done_counter[3]_i_1_n_2        |                1 |              4 |
| ~uut_clk_divider/xlnx_opt_         |                               |                                          |                3 |              4 |
| ~uut_clk_divider/xlnx_opt_         | wb_uut/regs[13][31]_i_1_n_2   | wb_uut/regs[1][23]_i_2_n_2               |                2 |              4 |
| ~uut_clk_divider/xlnx_opt_         | wb_uut/regs[13][31]_i_1_n_2   | wb_uut/regs[1][15]_i_2_n_2               |                2 |              4 |
| ~uut_clk_divider/xlnx_opt_         | wb_uut/regs[2][31]_i_1_n_2    | wb_uut/regs[1][30]_i_2_n_2               |                1 |              4 |
| ~uut_clk_divider/xlnx_opt_         | wb_uut/regs[13][31]_i_1_n_2   | wb_uut/regs[1][13]_i_2_n_2               |                3 |              4 |
| ~uut_clk_divider/xlnx_opt_         | wb_uut/regs[2][31]_i_1_n_2    | wb_uut/regs[1][4]_i_2_n_2                |                2 |              4 |
| ~uut_clk_divider/xlnx_opt_         | wb_uut/regs[30][31]_i_1_n_2   | wb_uut/regs[1][23]_i_2_n_2               |                2 |              4 |
| ~uut_clk_divider/xlnx_opt_         | wb_uut/regs[30][31]_i_1_n_2   | wb_uut/regs[1][15]_i_2_n_2               |                2 |              4 |
| ~uut_clk_divider/xlnx_opt_         | wb_uut/regs[30][31]_i_1_n_2   | wb_uut/regs[1][13]_i_2_n_2               |                4 |              4 |
| ~uut_clk_divider/xlnx_opt_         | wb_uut/regs[13][31]_i_1_n_2   | wb_uut/regs[1][26]_i_2_n_2               |                2 |              4 |
| ~uut_clk_divider/xlnx_opt_         | wb_uut/regs[13][31]_i_1_n_2   | wb_uut/regs_reg[15][1]_0                 |                4 |              4 |
| ~uut_clk_divider/xlnx_opt_         | wb_uut/regs[13][31]_i_1_n_2   | wb_uut/regs[1][30]_i_2_n_2               |                2 |              4 |
| ~uut_clk_divider/xlnx_opt_         | wb_uut/regs[30][31]_i_1_n_2   | wb_uut/regs[1][30]_i_2_n_2               |                3 |              4 |
| ~uut_clk_divider/xlnx_opt_         | wb_uut/regs[30][31]_i_1_n_2   | wb_uut/regs[1][4]_i_2_n_2                |                3 |              4 |
| ~uut_clk_divider/xlnx_opt_         | wb_uut/regs[31][31]_i_1_n_2   | wb_uut/regs[1][15]_i_2_n_2               |                3 |              4 |
| ~uut_clk_divider/xlnx_opt_         | wb_uut/regs[31][31]_i_1_n_2   | wb_uut/regs[1][13]_i_2_n_2               |                4 |              4 |
| ~uut_clk_divider/xlnx_opt_         | wb_uut/regs[13][31]_i_1_n_2   | wb_uut/regs[1][4]_i_2_n_2                |                1 |              4 |
| ~uut_clk_divider/xlnx_opt_         | wb_uut/regs[15][31]_i_1_n_2   | wb_uut/regs[1][23]_i_2_n_2               |                4 |              4 |
| ~uut_clk_divider/xlnx_opt_         | wb_uut/regs[31][31]_i_1_n_2   | wb_uut/regs_reg[30][18]_0                |                3 |              4 |
| ~uut_clk_divider/xlnx_opt_         | wb_uut/regs[15][31]_i_1_n_2   | wb_uut/regs[1][15]_i_2_n_2               |                2 |              4 |
| ~uut_clk_divider/xlnx_opt_         | wb_uut/regs[31][31]_i_1_n_2   | wb_uut/regs[1][30]_i_2_n_2               |                3 |              4 |
| ~uut_clk_divider/xlnx_opt_         | wb_uut/regs[31][31]_i_1_n_2   | wb_uut/regs[1][4]_i_2_n_2                |                3 |              4 |
| ~uut_clk_divider/xlnx_opt_         | wb_uut/regs[9][31]_i_1_n_2    | wb_uut/regs[1][23]_i_2_n_2               |                2 |              4 |
| ~uut_clk_divider/xlnx_opt_         | wb_uut/regs[9][31]_i_1_n_2    | wb_uut/regs[1][15]_i_2_n_2               |                2 |              4 |
| ~uut_clk_divider/xlnx_opt_         | wb_uut/regs[9][31]_i_1_n_2    | wb_uut/regs[1][13]_i_2_n_2               |                2 |              4 |
| ~uut_clk_divider/xlnx_opt_         | wb_uut/regs[9][31]_i_1_n_2    | wb_uut/regs[1][26]_i_2_n_2               |                3 |              4 |
| ~uut_clk_divider/xlnx_opt_         | wb_uut/regs[15][31]_i_1_n_2   | wb_uut/regs[1][13]_i_2_n_2               |                2 |              4 |
| ~uut_clk_divider/xlnx_opt_         | wb_uut/regs[15][31]_i_1_n_2   | wb_uut/regs[1][26]_i_2_n_2               |                3 |              4 |
| ~uut_clk_divider/xlnx_opt_         | wb_uut/regs[9][31]_i_1_n_2    | wb_uut/regs_reg[15][1]_0                 |                3 |              4 |
| ~uut_clk_divider/xlnx_opt_         | wb_uut/regs[9][31]_i_1_n_2    | wb_uut/regs[1][30]_i_2_n_2               |                1 |              4 |
| ~uut_clk_divider/xlnx_opt_         | wb_uut/regs[16][31]_i_1_n_2   | wb_uut/regs[1][4]_i_2_n_2                |                2 |              5 |
| ~uut_clk_divider/xlnx_opt_         | wb_uut/regs[6][31]_i_1_n_2    | wb_uut/regs[1][23]_i_2_n_2               |                2 |              5 |
| ~uut_clk_divider/xlnx_opt_         | wb_uut/regs[27][31]_i_1_n_2   | wb_uut/regs_reg[30][18]_0                |                3 |              5 |
| ~uut_clk_divider/xlnx_opt_         | wb_uut/regs[21][31]_i_1_n_2   | wb_uut/regs_reg[30][18]_0                |                3 |              5 |
| ~uut_clk_divider/xlnx_opt_         | wb_uut/regs[3][31]_i_1_n_2    | wb_uut/regs[1][23]_i_2_n_2               |                3 |              5 |
| ~uut_clk_divider/xlnx_opt_         | wb_uut/regs[18][31]_i_1_n_2   | wb_uut/regs_reg[30][18]_0                |                3 |              5 |
| ~uut_clk_divider/xlnx_opt_         | wb_uut/regs[2][31]_i_1_n_2    | wb_uut/regs[1][23]_i_2_n_2               |                4 |              5 |
| ~uut_clk_divider/xlnx_opt_         | wb_uut/regs[28][31]_i_1_n_2   | wb_uut/regs_reg[30][18]_0                |                3 |              5 |
| ~uut_clk_divider/xlnx_opt_         | wb_uut/regs[18][31]_i_1_n_2   | wb_uut/regs[1][15]_i_2_n_2               |                3 |              5 |
| ~uut_clk_divider/xlnx_opt_         | wb_uut/regs[31][31]_i_1_n_2   | wb_uut/regs[1][23]_i_2_n_2               |                4 |              5 |
| ~uut_clk_divider/xlnx_opt_         | wb_uut/regs[25][31]_i_1_n_2   | wb_uut/regs_reg[30][18]_0                |                4 |              5 |
| ~uut_clk_divider/xlnx_opt_         | wb_uut/regs[7][31]_i_1_n_2    | wb_uut/regs[1][23]_i_2_n_2               |                5 |              5 |
| ~uut_clk_divider/xlnx_opt_         | wb_uut/regs[30][31]_i_1_n_2   | wb_uut/regs_reg[30][18]_0                |                4 |              5 |
| ~uut_clk_divider/xlnx_opt_         | wb_uut/regs[22][31]_i_1_n_2   | wb_uut/regs_reg[30][18]_0                |                3 |              5 |
| ~uut_clk_divider/xlnx_opt_         | wb_uut/regs[5][31]_i_1_n_2    | wb_uut/regs[1][23]_i_2_n_2               |                2 |              5 |
| ~uut_clk_divider/xlnx_opt_         | wb_uut/regs[8][31]_i_1_n_2    | wb_uut/regs[1][23]_i_2_n_2               |                3 |              5 |
| ~uut_clk_divider/xlnx_opt_         | wb_uut/regs[1][31]_i_1_n_2    | wb_uut/regs[1][23]_i_2_n_2               |                2 |              5 |
| ~uut_clk_divider/xlnx_opt_         | wb_uut/regs[16][31]_i_1_n_2   | wb_uut/regs[1][13]_i_2_n_2               |                3 |              5 |
| ~uut_clk_divider/xlnx_opt_         | wb_uut/regs[24][31]_i_1_n_2   | wb_uut/regs_reg[30][18]_0                |                4 |              5 |
| ~uut_clk_divider/xlnx_opt_         | wb_uut/regs[19][31]_i_1_n_2   | wb_uut/regs_reg[30][18]_0                |                3 |              5 |
| ~uut_clk_divider/xlnx_opt_         | wb_uut/regs[29][31]_i_1_n_2   | wb_uut/regs_reg[30][18]_0                |                4 |              5 |
| ~uut_clk_divider/xlnx_opt_         | wb_uut/regs[16][31]_i_1_n_2   | wb_uut/regs_reg[30][18]_0                |                3 |              5 |
| ~uut_clk_divider/xlnx_opt_         | wb_uut/regs[10][31]_i_1_n_2   | wb_uut/regs[1][23]_i_2_n_2               |                2 |              5 |
| ~uut_clk_divider/xlnx_opt_         | wb_uut/regs[4][31]_i_1_n_2    | wb_uut/regs[1][23]_i_2_n_2               |                2 |              5 |
| ~uut_clk_divider/xlnx_opt_         | wb_uut/regs[20][31]_i_1_n_2   | wb_uut/regs_reg[30][18]_0                |                4 |              5 |
| ~uut_clk_divider/xlnx_opt_         | wb_uut/regs[19][31]_i_1_n_2   | wb_uut/regs[1][13]_i_2_n_2               |                3 |              5 |
| ~uut_clk_divider/xlnx_opt_         | wb_uut/regs[19][31]_i_1_n_2   | wb_uut/regs[1][15]_i_2_n_2               |                3 |              5 |
| ~uut_clk_divider/xlnx_opt_         | wb_uut/regs[18][31]_i_1_n_2   | wb_uut/regs[1][4]_i_2_n_2                |                3 |              5 |
| ~uut_clk_divider/xlnx_opt_         | wb_uut/regs[26][31]_i_1_n_2   | wb_uut/regs_reg[30][18]_0                |                3 |              5 |
| ~uut_clk_divider/xlnx_opt_         | wb_uut/regs[23][31]_i_1_n_2   | wb_uut/regs_reg[30][18]_0                |                4 |              5 |
| ~uut_clk_divider/xlnx_opt_         | wb_uut/regs[19][31]_i_1_n_2   | wb_uut/regs[1][26]_i_2_n_2               |                2 |              6 |
| ~uut_clk_divider/xlnx_opt_         | wb_uut/regs[17][31]_i_1_n_2   | wb_uut/regs[1][26]_i_2_n_2               |                1 |              6 |
| ~uut_clk_divider/xlnx_opt_         | wb_uut/regs[16][31]_i_1_n_2   | wb_uut/regs[1][26]_i_2_n_2               |                3 |              6 |
| ~uut_clk_divider/xlnx_opt_         | wb_uut/regs[18][31]_i_1_n_2   | wb_uut/regs[1][26]_i_2_n_2               |                3 |              6 |
|  uut_output/uut_seg_gen/seg2[1][0] |                               |                                          |                3 |              7 |
|  uut_output/uut_seg_gen/E[0]       |                               |                                          |                4 |              7 |
|  uut_clk_divider/xlnx_opt_         | wb_uut/en_pc                  | uut_output/uut_clk_display/clk_out_reg_0 |                4 |              9 |
|  uut_clk_divider/xlnx_opt_         | wb_uut/en_pc                  | wb_uut/regs_reg[31][31]_0                |                6 |             15 |
| ~uut_clk_divider/xlnx_opt_         | wb_uut/regs[17][31]_i_1_n_2   | wb_uut/regs_reg[15][1]_0                 |                7 |             19 |
| ~uut_clk_divider/xlnx_opt_         | wb_uut/regs[10][31]_i_1_n_2   | wb_uut/regs_reg[15][1]_0                 |                7 |             19 |
|  init_clk_IBUF_BUFG                |                               | uut_output/uut_clk_display/clk_out_reg_0 |                8 |             26 |
|  uut_clk_divider/xlnx_opt_         | hd_uut/pc[0]_i_1_n_2          | hd_uut/pc_reg[28]_0                      |                8 |             29 |
|  n_1_1722_BUFG                     |                               |                                          |               13 |             32 |
|  n_0_1782_BUFG                     |                               |                                          |               18 |             32 |
|  init_clk_IBUF_BUFG                |                               | wb_uut/regs_reg[31][31]_0                |               16 |             52 |
|  v2_en_output_reg_n_0_BUFG         |                               |                                          |               30 |             64 |
|  uut_clk_divider/xlnx_opt_         | wb_uut/en_pc                  | hd_uut/pc_reg[28]_0                      |               40 |             89 |
|  uut_clk_divider/xlnx_opt_         | wb_uut/E[0]                   |                                          |               37 |            101 |
|  uut_clk_divider/xlnx_opt_         | wb_uut/en_pc                  | wb_uut/regs_reg[3][16]_0                 |               37 |            115 |
|  uut_clk_divider/xlnx_opt_         | wb_uut/en_pc                  | hd_uut/pc_reg[31]_0                      |               56 |            115 |
|  uut_clk_divider/xlnx_opt_         | wb_uut/en_pc                  | hd_uut/count_reg[5]_0                    |               35 |            118 |
+------------------------------------+-------------------------------+------------------------------------------+------------------+----------------+


+--------+-----------------------+
| Fanout | Number of ControlSets |
+--------+-----------------------+
| 1      |                    25 |
| 2      |                    20 |
| 3      |                    39 |
| 4      |                   155 |
| 5      |                    30 |
| 6      |                     4 |
| 7      |                     2 |
| 9      |                     1 |
| 15     |                     1 |
| 16+    |                    13 |
+--------+-----------------------+


