
*** Running vivado
    with args -log top_module.vds -m64 -product Vivado -mode batch -messageDb vivado.pb -notrace -source top_module.tcl


****** Vivado v2017.4 (64-bit)
  **** SW Build 2086221 on Fri Dec 15 20:55:39 MST 2017
  **** IP Build 2085800 on Fri Dec 15 22:25:07 MST 2017
    ** Copyright 1986-2017 Xilinx, Inc. All Rights Reserved.

source top_module.tcl -notrace
Command: synth_design -top top_module -part xc7a35tcsg324-1
Starting synth_design
Attempting to get a license for feature 'Synthesis' and/or device 'xc7a35t'
INFO: [Common 17-349] Got license for feature 'Synthesis' and/or device 'xc7a35t'
INFO: Launching helper process for spawning children vivado processes
INFO: Helper process launched with PID 14908 
---------------------------------------------------------------------------------
Starting RTL Elaboration : Time (s): cpu = 00:00:03 ; elapsed = 00:00:03 . Memory (MB): peak = 341.590 ; gain = 100.723
---------------------------------------------------------------------------------
INFO: [Synth 8-638] synthesizing module 'top_module' [D:/Clone/Computer-Organization-Project/pipelineCPU/pipelineCPU.srcs/sources_1/new/top_module.v:1]
	Parameter nop_inst bound to: 0 - type: integer 
INFO: [Synth 8-638] synthesizing module 'ClockDivider' [D:/Clone/Computer-Organization-Project/pipelineCPU/pipelineCPU.srcs/sources_1/new/ClockDivider.v:1]
INFO: [Synth 8-256] done synthesizing module 'ClockDivider' (1#1) [D:/Clone/Computer-Organization-Project/pipelineCPU/pipelineCPU.srcs/sources_1/new/ClockDivider.v:1]
INFO: [Synth 8-638] synthesizing module 'HarzardDetection' [D:/Clone/Computer-Organization-Project/pipelineCPU/pipelineCPU.srcs/sources_1/new/HarzardDetection.v:3]
	Parameter base_address bound to: 12288 - type: integer 
WARNING: [Synth 8-6014] Unused sequential element count_reg was removed.  [D:/Clone/Computer-Organization-Project/pipelineCPU/pipelineCPU.srcs/sources_1/new/HarzardDetection.v:25]
INFO: [Synth 8-256] done synthesizing module 'HarzardDetection' (2#1) [D:/Clone/Computer-Organization-Project/pipelineCPU/pipelineCPU.srcs/sources_1/new/HarzardDetection.v:3]
INFO: [Synth 8-638] synthesizing module 'IF' [D:/Clone/Computer-Organization-Project/pipelineCPU/pipelineCPU.srcs/sources_1/new/IF.v:23]
	Parameter base_address bound to: 12288 - type: integer 
	Parameter nop_inst bound to: 0 - type: integer 
INFO: [Synth 8-638] synthesizing module 'pgrom' [D:/Clone/Computer-Organization-Project/pipelineCPU/pipelineCPU.runs/synth_1/.Xil/Vivado-35720-Dupreeh/realtime/pgrom_stub.v:6]
INFO: [Synth 8-256] done synthesizing module 'pgrom' (3#1) [D:/Clone/Computer-Organization-Project/pipelineCPU/pipelineCPU.runs/synth_1/.Xil/Vivado-35720-Dupreeh/realtime/pgrom_stub.v:6]
INFO: [Synth 8-256] done synthesizing module 'IF' (4#1) [D:/Clone/Computer-Organization-Project/pipelineCPU/pipelineCPU.srcs/sources_1/new/IF.v:23]
INFO: [Synth 8-638] synthesizing module 'ID' [D:/Clone/Computer-Organization-Project/pipelineCPU/pipelineCPU.srcs/sources_1/new/ID.v:23]
	Parameter R_TYPE bound to: 7'b0110011 
	Parameter I_TYPE1 bound to: 7'b0010011 
	Parameter I_TYPE2 bound to: 7'b0000011 
	Parameter I_TYPE3 bound to: 7'b1100111 
	Parameter I_TYPE4 bound to: 7'b1110011 
	Parameter S_TYPE bound to: 7'b0100011 
	Parameter B_TYPE bound to: 7'b1100011 
	Parameter U_TYPE1 bound to: 7'b0110111 
	Parameter U_TYPE2 bound to: 7'b0010111 
	Parameter J_TYPE bound to: 7'b1101111 
INFO: [Synth 8-256] done synthesizing module 'ID' (5#1) [D:/Clone/Computer-Organization-Project/pipelineCPU/pipelineCPU.srcs/sources_1/new/ID.v:23]
INFO: [Synth 8-638] synthesizing module 'EXE' [D:/Clone/Computer-Organization-Project/pipelineCPU/pipelineCPU.srcs/sources_1/new/EXE.v:23]
INFO: [Synth 8-226] default block is never used [D:/Clone/Computer-Organization-Project/pipelineCPU/pipelineCPU.srcs/sources_1/new/EXE.v:55]
INFO: [Synth 8-226] default block is never used [D:/Clone/Computer-Organization-Project/pipelineCPU/pipelineCPU.srcs/sources_1/new/EXE.v:86]
INFO: [Synth 8-226] default block is never used [D:/Clone/Computer-Organization-Project/pipelineCPU/pipelineCPU.srcs/sources_1/new/EXE.v:127]
INFO: [Synth 8-256] done synthesizing module 'EXE' (6#1) [D:/Clone/Computer-Organization-Project/pipelineCPU/pipelineCPU.srcs/sources_1/new/EXE.v:23]
INFO: [Synth 8-638] synthesizing module 'FW' [D:/Clone/Computer-Organization-Project/pipelineCPU/pipelineCPU.srcs/sources_1/new/FW.v:23]
INFO: [Synth 8-256] done synthesizing module 'FW' (7#1) [D:/Clone/Computer-Organization-Project/pipelineCPU/pipelineCPU.srcs/sources_1/new/FW.v:23]
INFO: [Synth 8-638] synthesizing module 'MEM' [D:/Clone/Computer-Organization-Project/pipelineCPU/pipelineCPU.srcs/sources_1/new/MEM.v:23]
	Parameter SB bound to: 3'b000 
	Parameter SH bound to: 3'b001 
	Parameter SW bound to: 3'b010 
	Parameter LB bound to: 0 - type: integer 
	Parameter LH bound to: 1 - type: integer 
	Parameter LW bound to: 2 - type: integer 
	Parameter LBU bound to: 4 - type: integer 
	Parameter LHU bound to: 5 - type: integer 
INFO: [Synth 8-226] default block is never used [D:/Clone/Computer-Organization-Project/pipelineCPU/pipelineCPU.srcs/sources_1/new/MEM.v:50]
INFO: [Synth 8-226] default block is never used [D:/Clone/Computer-Organization-Project/pipelineCPU/pipelineCPU.srcs/sources_1/new/MEM.v:58]
INFO: [Synth 8-155] case statement is not full and has no default [D:/Clone/Computer-Organization-Project/pipelineCPU/pipelineCPU.srcs/sources_1/new/MEM.v:76]
INFO: [Synth 8-638] synthesizing module 'pgram' [D:/Clone/Computer-Organization-Project/pipelineCPU/pipelineCPU.runs/synth_1/.Xil/Vivado-35720-Dupreeh/realtime/pgram_stub.v:6]
INFO: [Synth 8-256] done synthesizing module 'pgram' (8#1) [D:/Clone/Computer-Organization-Project/pipelineCPU/pipelineCPU.runs/synth_1/.Xil/Vivado-35720-Dupreeh/realtime/pgram_stub.v:6]
INFO: [Synth 8-256] done synthesizing module 'MEM' (9#1) [D:/Clone/Computer-Organization-Project/pipelineCPU/pipelineCPU.srcs/sources_1/new/MEM.v:23]
INFO: [Synth 8-638] synthesizing module 'WB' [D:/Clone/Computer-Organization-Project/pipelineCPU/pipelineCPU.srcs/sources_1/new/WB.v:1]
	Parameter sp_base bound to: 12284 - type: integer 
	Parameter gb_base bound to: 6144 - type: integer 
INFO: [Synth 8-256] done synthesizing module 'WB' (10#1) [D:/Clone/Computer-Organization-Project/pipelineCPU/pipelineCPU.srcs/sources_1/new/WB.v:1]
INFO: [Synth 8-638] synthesizing module 'InputModule' [D:/Clone/Computer-Organization-Project/pipelineCPU/pipelineCPU.srcs/sources_1/new/InputModule.v:1]
	Parameter DEBOUNCE_THRESHOLD bound to: 4'b0001 
WARNING: [Synth 8-5788] Register done_counter_reg in module InputModule is has both Set and reset with same priority. This may cause simulation mismatches. Consider rewriting code  [D:/Clone/Computer-Organization-Project/pipelineCPU/pipelineCPU.srcs/sources_1/new/InputModule.v:28]
WARNING: [Synth 8-5788] Register cp_done_counter_reg in module InputModule is has both Set and reset with same priority. This may cause simulation mismatches. Consider rewriting code  [D:/Clone/Computer-Organization-Project/pipelineCPU/pipelineCPU.srcs/sources_1/new/InputModule.v:76]
INFO: [Synth 8-256] done synthesizing module 'InputModule' (11#1) [D:/Clone/Computer-Organization-Project/pipelineCPU/pipelineCPU.srcs/sources_1/new/InputModule.v:1]
INFO: [Synth 8-638] synthesizing module 'OutputModule' [D:/Clone/Computer-Organization-Project/pipelineCPU/pipelineCPU.srcs/sources_1/new/OutputModule.v:1]
	Parameter PERIOD_SEG bound to: 65536 - type: integer 
INFO: [Synth 8-638] synthesizing module 'SegGenerator' [D:/Clone/Computer-Organization-Project/pipelineCPU/pipelineCPU.srcs/sources_1/new/SegGenerator.v:1]
INFO: [Synth 8-256] done synthesizing module 'SegGenerator' (12#1) [D:/Clone/Computer-Organization-Project/pipelineCPU/pipelineCPU.srcs/sources_1/new/SegGenerator.v:1]
INFO: [Synth 8-638] synthesizing module 'SegDisplay' [D:/Clone/Computer-Organization-Project/pipelineCPU/pipelineCPU.srcs/sources_1/new/SegDisplay.v:1]
INFO: [Synth 8-256] done synthesizing module 'SegDisplay' (13#1) [D:/Clone/Computer-Organization-Project/pipelineCPU/pipelineCPU.srcs/sources_1/new/SegDisplay.v:1]
INFO: [Synth 8-256] done synthesizing module 'OutputModule' (14#1) [D:/Clone/Computer-Organization-Project/pipelineCPU/pipelineCPU.srcs/sources_1/new/OutputModule.v:1]
INFO: [Synth 8-638] synthesizing module 'UartTop' [D:/Clone/Computer-Organization-Project/pipelineCPU/pipelineCPU.srcs/sources_1/new/UartTop.v:3]
INFO: [Synth 8-638] synthesizing module 'UartRx' [D:/Clone/Computer-Organization-Project/pipelineCPU/pipelineCPU.srcs/sources_1/new/UartRx.v:1]
	Parameter CLK_FREQ bound to: 100000000 - type: integer 
	Parameter BAUD_RATE bound to: 115200 - type: integer 
	Parameter BAUD_CNT bound to: 868 - type: integer 
	Parameter HALF_BAUD bound to: 434 - type: integer 
INFO: [Synth 8-226] default block is never used [D:/Clone/Computer-Organization-Project/pipelineCPU/pipelineCPU.srcs/sources_1/new/UartRx.v:26]
WARNING: [Synth 8-5788] Register rx_data_reg in module UartRx is has both Set and reset with same priority. This may cause simulation mismatches. Consider rewriting code  [D:/Clone/Computer-Organization-Project/pipelineCPU/pipelineCPU.srcs/sources_1/new/UartRx.v:38]
WARNING: [Synth 8-5788] Register data_out_reg in module UartRx is has both Set and reset with same priority. This may cause simulation mismatches. Consider rewriting code  [D:/Clone/Computer-Organization-Project/pipelineCPU/pipelineCPU.srcs/sources_1/new/UartRx.v:44]
INFO: [Synth 8-256] done synthesizing module 'UartRx' (15#1) [D:/Clone/Computer-Organization-Project/pipelineCPU/pipelineCPU.srcs/sources_1/new/UartRx.v:1]
INFO: [Synth 8-638] synthesizing module 'UartReg' [D:/Clone/Computer-Organization-Project/pipelineCPU/pipelineCPU.srcs/sources_1/new/UartReg.v:1]
	Parameter IDLE bound to: 4'b0000 
	Parameter LOAD_DATA bound to: 4'b0001 
	Parameter SEND_DATA_INIT bound to: 4'b0010 
	Parameter SEND_DATA bound to: 4'b0011 
	Parameter SEND_DONE bound to: 4'b0100 
INFO: [Synth 8-638] synthesizing module 'uart32_8' [D:/Clone/Computer-Organization-Project/pipelineCPU/pipelineCPU.srcs/sources_1/new/UartReg.v:139]
INFO: [Synth 8-256] done synthesizing module 'uart32_8' (16#1) [D:/Clone/Computer-Organization-Project/pipelineCPU/pipelineCPU.srcs/sources_1/new/UartReg.v:139]
INFO: [Synth 8-256] done synthesizing module 'UartReg' (17#1) [D:/Clone/Computer-Organization-Project/pipelineCPU/pipelineCPU.srcs/sources_1/new/UartReg.v:1]
INFO: [Synth 8-638] synthesizing module 'UartTx' [D:/Clone/Computer-Organization-Project/pipelineCPU/pipelineCPU.srcs/sources_1/new/UartTx.v:1]
	Parameter CLK_FREQ bound to: 100000000 - type: integer 
	Parameter BAUD_RATE bound to: 115200 - type: integer 
	Parameter BAUD_CNT bound to: 868 - type: integer 
WARNING: [Synth 8-5788] Register tx_data_reg in module UartTx is has both Set and reset with same priority. This may cause simulation mismatches. Consider rewriting code  [D:/Clone/Computer-Organization-Project/pipelineCPU/pipelineCPU.srcs/sources_1/new/UartTx.v:42]
INFO: [Synth 8-256] done synthesizing module 'UartTx' (18#1) [D:/Clone/Computer-Organization-Project/pipelineCPU/pipelineCPU.srcs/sources_1/new/UartTx.v:1]
INFO: [Synth 8-256] done synthesizing module 'UartTop' (19#1) [D:/Clone/Computer-Organization-Project/pipelineCPU/pipelineCPU.srcs/sources_1/new/UartTop.v:3]
WARNING: [Synth 8-6014] Unused sequential element v2_mem_read_reg was removed.  [D:/Clone/Computer-Organization-Project/pipelineCPU/pipelineCPU.srcs/sources_1/new/top_module.v:193]
WARNING: [Synth 8-6014] Unused sequential element v3_zero_reg was removed.  [D:/Clone/Computer-Organization-Project/pipelineCPU/pipelineCPU.srcs/sources_1/new/top_module.v:217]
WARNING: [Synth 8-6014] Unused sequential element v3_mem_to_reg_reg was removed.  [D:/Clone/Computer-Organization-Project/pipelineCPU/pipelineCPU.srcs/sources_1/new/top_module.v:177]
WARNING: [Synth 8-6014] Unused sequential element v3_pc_reg was removed.  [D:/Clone/Computer-Organization-Project/pipelineCPU/pipelineCPU.srcs/sources_1/new/top_module.v:148]
WARNING: [Synth 8-6014] Unused sequential element v3_branch_reg was removed.  [D:/Clone/Computer-Organization-Project/pipelineCPU/pipelineCPU.srcs/sources_1/new/top_module.v:226]
WARNING: [Synth 8-6014] Unused sequential element v3_imm32_reg was removed.  [D:/Clone/Computer-Organization-Project/pipelineCPU/pipelineCPU.srcs/sources_1/new/top_module.v:227]
WARNING: [Synth 8-6014] Unused sequential element v4_mem_read_data_reg was removed.  [D:/Clone/Computer-Organization-Project/pipelineCPU/pipelineCPU.srcs/sources_1/new/top_module.v:233]
WARNING: [Synth 8-6014] Unused sequential element v4_mem_to_reg_reg was removed.  [D:/Clone/Computer-Organization-Project/pipelineCPU/pipelineCPU.srcs/sources_1/new/top_module.v:234]
WARNING: [Synth 8-6014] Unused sequential element v4_alu_result_reg was removed.  [D:/Clone/Computer-Organization-Project/pipelineCPU/pipelineCPU.srcs/sources_1/new/top_module.v:236]
WARNING: [Synth 8-6014] Unused sequential element v4_funct3_reg was removed.  [D:/Clone/Computer-Organization-Project/pipelineCPU/pipelineCPU.srcs/sources_1/new/top_module.v:237]
WARNING: [Synth 8-6014] Unused sequential element v4_pc_reg was removed.  [D:/Clone/Computer-Organization-Project/pipelineCPU/pipelineCPU.srcs/sources_1/new/top_module.v:238]
WARNING: [Synth 8-6014] Unused sequential element v4_have_reg_write_data_reg was removed.  [D:/Clone/Computer-Organization-Project/pipelineCPU/pipelineCPU.srcs/sources_1/new/top_module.v:243]
WARNING: [Synth 8-5788] Register v2_en_output_reg in module top_module is has both Set and reset with same priority. This may cause simulation mismatches. Consider rewriting code  [D:/Clone/Computer-Organization-Project/pipelineCPU/pipelineCPU.srcs/sources_1/new/top_module.v:277]
WARNING: [Synth 8-3848] Net uart_reg_a7 in module/entity top_module does not have driver. [D:/Clone/Computer-Organization-Project/pipelineCPU/pipelineCPU.srcs/sources_1/new/top_module.v:21]
WARNING: [Synth 8-3848] Net uart_output_data in module/entity top_module does not have driver. [D:/Clone/Computer-Organization-Project/pipelineCPU/pipelineCPU.srcs/sources_1/new/top_module.v:22]
WARNING: [Synth 8-3848] Net u3_mem_read in module/entity top_module does not have driver. [D:/Clone/Computer-Organization-Project/pipelineCPU/pipelineCPU.srcs/sources_1/new/top_module.v:118]
INFO: [Synth 8-256] done synthesizing module 'top_module' (20#1) [D:/Clone/Computer-Organization-Project/pipelineCPU/pipelineCPU.srcs/sources_1/new/top_module.v:1]
WARNING: [Synth 8-3331] design UartTop has unconnected port uart_reg_a7[31]
WARNING: [Synth 8-3331] design UartTop has unconnected port uart_reg_a7[30]
WARNING: [Synth 8-3331] design UartTop has unconnected port uart_reg_a7[29]
WARNING: [Synth 8-3331] design UartTop has unconnected port uart_reg_a7[28]
WARNING: [Synth 8-3331] design UartTop has unconnected port uart_reg_a7[27]
WARNING: [Synth 8-3331] design UartTop has unconnected port uart_reg_a7[26]
WARNING: [Synth 8-3331] design UartTop has unconnected port uart_reg_a7[25]
WARNING: [Synth 8-3331] design UartTop has unconnected port uart_reg_a7[24]
WARNING: [Synth 8-3331] design UartTop has unconnected port uart_reg_a7[23]
WARNING: [Synth 8-3331] design UartTop has unconnected port uart_reg_a7[22]
WARNING: [Synth 8-3331] design UartTop has unconnected port uart_reg_a7[21]
WARNING: [Synth 8-3331] design UartTop has unconnected port uart_reg_a7[20]
WARNING: [Synth 8-3331] design UartTop has unconnected port uart_reg_a7[19]
WARNING: [Synth 8-3331] design UartTop has unconnected port uart_reg_a7[18]
WARNING: [Synth 8-3331] design UartTop has unconnected port uart_reg_a7[17]
WARNING: [Synth 8-3331] design UartTop has unconnected port uart_reg_a7[16]
WARNING: [Synth 8-3331] design UartTop has unconnected port uart_reg_a7[15]
WARNING: [Synth 8-3331] design UartTop has unconnected port uart_reg_a7[14]
WARNING: [Synth 8-3331] design UartTop has unconnected port uart_reg_a7[13]
WARNING: [Synth 8-3331] design UartTop has unconnected port uart_reg_a7[12]
WARNING: [Synth 8-3331] design UartTop has unconnected port uart_reg_a7[11]
WARNING: [Synth 8-3331] design UartTop has unconnected port uart_reg_a7[10]
WARNING: [Synth 8-3331] design UartTop has unconnected port uart_reg_a7[9]
WARNING: [Synth 8-3331] design UartTop has unconnected port uart_reg_a7[8]
WARNING: [Synth 8-3331] design UartTop has unconnected port uart_reg_a7[7]
WARNING: [Synth 8-3331] design UartTop has unconnected port uart_reg_a7[6]
WARNING: [Synth 8-3331] design UartTop has unconnected port uart_reg_a7[5]
WARNING: [Synth 8-3331] design UartTop has unconnected port uart_reg_a7[4]
WARNING: [Synth 8-3331] design UartTop has unconnected port uart_reg_a7[3]
WARNING: [Synth 8-3331] design UartTop has unconnected port uart_reg_a7[2]
WARNING: [Synth 8-3331] design UartTop has unconnected port uart_reg_a7[1]
WARNING: [Synth 8-3331] design UartTop has unconnected port uart_reg_a7[0]
WARNING: [Synth 8-3331] design WB has unconnected port en_input
WARNING: [Synth 8-3331] design MEM has unconnected port mem_read
WARNING: [Synth 8-3331] design MEM has unconnected port addr[31]
WARNING: [Synth 8-3331] design MEM has unconnected port addr[30]
WARNING: [Synth 8-3331] design MEM has unconnected port addr[29]
WARNING: [Synth 8-3331] design MEM has unconnected port addr[28]
WARNING: [Synth 8-3331] design MEM has unconnected port addr[27]
WARNING: [Synth 8-3331] design MEM has unconnected port addr[26]
WARNING: [Synth 8-3331] design MEM has unconnected port addr[25]
WARNING: [Synth 8-3331] design MEM has unconnected port addr[24]
WARNING: [Synth 8-3331] design MEM has unconnected port addr[23]
WARNING: [Synth 8-3331] design MEM has unconnected port addr[22]
WARNING: [Synth 8-3331] design MEM has unconnected port addr[21]
WARNING: [Synth 8-3331] design MEM has unconnected port addr[20]
WARNING: [Synth 8-3331] design MEM has unconnected port addr[19]
WARNING: [Synth 8-3331] design MEM has unconnected port addr[18]
WARNING: [Synth 8-3331] design MEM has unconnected port addr[17]
WARNING: [Synth 8-3331] design MEM has unconnected port addr[16]
WARNING: [Synth 8-3331] design EXE has unconnected port funct7[6]
WARNING: [Synth 8-3331] design EXE has unconnected port funct7[4]
WARNING: [Synth 8-3331] design EXE has unconnected port funct7[3]
WARNING: [Synth 8-3331] design EXE has unconnected port funct7[2]
WARNING: [Synth 8-3331] design EXE has unconnected port funct7[1]
WARNING: [Synth 8-3331] design EXE has unconnected port funct7[0]
WARNING: [Synth 8-3331] design IF has unconnected port rst
WARNING: [Synth 8-3331] design IF has unconnected port pc[31]
WARNING: [Synth 8-3331] design IF has unconnected port pc[30]
WARNING: [Synth 8-3331] design IF has unconnected port pc[29]
WARNING: [Synth 8-3331] design IF has unconnected port pc[28]
WARNING: [Synth 8-3331] design IF has unconnected port pc[27]
WARNING: [Synth 8-3331] design IF has unconnected port pc[26]
WARNING: [Synth 8-3331] design IF has unconnected port pc[25]
WARNING: [Synth 8-3331] design IF has unconnected port pc[24]
WARNING: [Synth 8-3331] design IF has unconnected port pc[23]
WARNING: [Synth 8-3331] design IF has unconnected port pc[22]
WARNING: [Synth 8-3331] design IF has unconnected port pc[21]
WARNING: [Synth 8-3331] design IF has unconnected port pc[20]
WARNING: [Synth 8-3331] design IF has unconnected port pc[19]
WARNING: [Synth 8-3331] design IF has unconnected port pc[18]
WARNING: [Synth 8-3331] design IF has unconnected port pc[17]
WARNING: [Synth 8-3331] design IF has unconnected port pc[16]
WARNING: [Synth 8-3331] design IF has unconnected port pc[15]
WARNING: [Synth 8-3331] design IF has unconnected port pc[14]
---------------------------------------------------------------------------------
Finished RTL Elaboration : Time (s): cpu = 00:00:04 ; elapsed = 00:00:04 . Memory (MB): peak = 401.297 ; gain = 160.430
---------------------------------------------------------------------------------

Report Check Netlist: 
+------+------------------+-------+---------+-------+------------------+
|      |Item              |Errors |Warnings |Status |Description       |
+------+------------------+-------+---------+-------+------------------+
|1     |multi_driven_nets |      0|        0|Passed |Multi driven nets |
+------+------------------+-------+---------+-------+------------------+
WARNING: [Synth 8-3295] tying undriven pin uut_uart:uart_output_data[31] to constant 0 [D:/Clone/Computer-Organization-Project/pipelineCPU/pipelineCPU.srcs/sources_1/new/top_module.v:621]
WARNING: [Synth 8-3295] tying undriven pin uut_uart:uart_output_data[30] to constant 0 [D:/Clone/Computer-Organization-Project/pipelineCPU/pipelineCPU.srcs/sources_1/new/top_module.v:621]
WARNING: [Synth 8-3295] tying undriven pin uut_uart:uart_output_data[29] to constant 0 [D:/Clone/Computer-Organization-Project/pipelineCPU/pipelineCPU.srcs/sources_1/new/top_module.v:621]
WARNING: [Synth 8-3295] tying undriven pin uut_uart:uart_output_data[28] to constant 0 [D:/Clone/Computer-Organization-Project/pipelineCPU/pipelineCPU.srcs/sources_1/new/top_module.v:621]
WARNING: [Synth 8-3295] tying undriven pin uut_uart:uart_output_data[27] to constant 0 [D:/Clone/Computer-Organization-Project/pipelineCPU/pipelineCPU.srcs/sources_1/new/top_module.v:621]
WARNING: [Synth 8-3295] tying undriven pin uut_uart:uart_output_data[26] to constant 0 [D:/Clone/Computer-Organization-Project/pipelineCPU/pipelineCPU.srcs/sources_1/new/top_module.v:621]
WARNING: [Synth 8-3295] tying undriven pin uut_uart:uart_output_data[25] to constant 0 [D:/Clone/Computer-Organization-Project/pipelineCPU/pipelineCPU.srcs/sources_1/new/top_module.v:621]
WARNING: [Synth 8-3295] tying undriven pin uut_uart:uart_output_data[24] to constant 0 [D:/Clone/Computer-Organization-Project/pipelineCPU/pipelineCPU.srcs/sources_1/new/top_module.v:621]
WARNING: [Synth 8-3295] tying undriven pin uut_uart:uart_output_data[23] to constant 0 [D:/Clone/Computer-Organization-Project/pipelineCPU/pipelineCPU.srcs/sources_1/new/top_module.v:621]
WARNING: [Synth 8-3295] tying undriven pin uut_uart:uart_output_data[22] to constant 0 [D:/Clone/Computer-Organization-Project/pipelineCPU/pipelineCPU.srcs/sources_1/new/top_module.v:621]
WARNING: [Synth 8-3295] tying undriven pin uut_uart:uart_output_data[21] to constant 0 [D:/Clone/Computer-Organization-Project/pipelineCPU/pipelineCPU.srcs/sources_1/new/top_module.v:621]
WARNING: [Synth 8-3295] tying undriven pin uut_uart:uart_output_data[20] to constant 0 [D:/Clone/Computer-Organization-Project/pipelineCPU/pipelineCPU.srcs/sources_1/new/top_module.v:621]
WARNING: [Synth 8-3295] tying undriven pin uut_uart:uart_output_data[19] to constant 0 [D:/Clone/Computer-Organization-Project/pipelineCPU/pipelineCPU.srcs/sources_1/new/top_module.v:621]
WARNING: [Synth 8-3295] tying undriven pin uut_uart:uart_output_data[18] to constant 0 [D:/Clone/Computer-Organization-Project/pipelineCPU/pipelineCPU.srcs/sources_1/new/top_module.v:621]
WARNING: [Synth 8-3295] tying undriven pin uut_uart:uart_output_data[17] to constant 0 [D:/Clone/Computer-Organization-Project/pipelineCPU/pipelineCPU.srcs/sources_1/new/top_module.v:621]
WARNING: [Synth 8-3295] tying undriven pin uut_uart:uart_output_data[16] to constant 0 [D:/Clone/Computer-Organization-Project/pipelineCPU/pipelineCPU.srcs/sources_1/new/top_module.v:621]
WARNING: [Synth 8-3295] tying undriven pin uut_uart:uart_output_data[15] to constant 0 [D:/Clone/Computer-Organization-Project/pipelineCPU/pipelineCPU.srcs/sources_1/new/top_module.v:621]
WARNING: [Synth 8-3295] tying undriven pin uut_uart:uart_output_data[14] to constant 0 [D:/Clone/Computer-Organization-Project/pipelineCPU/pipelineCPU.srcs/sources_1/new/top_module.v:621]
WARNING: [Synth 8-3295] tying undriven pin uut_uart:uart_output_data[13] to constant 0 [D:/Clone/Computer-Organization-Project/pipelineCPU/pipelineCPU.srcs/sources_1/new/top_module.v:621]
WARNING: [Synth 8-3295] tying undriven pin uut_uart:uart_output_data[12] to constant 0 [D:/Clone/Computer-Organization-Project/pipelineCPU/pipelineCPU.srcs/sources_1/new/top_module.v:621]
WARNING: [Synth 8-3295] tying undriven pin uut_uart:uart_output_data[11] to constant 0 [D:/Clone/Computer-Organization-Project/pipelineCPU/pipelineCPU.srcs/sources_1/new/top_module.v:621]
WARNING: [Synth 8-3295] tying undriven pin uut_uart:uart_output_data[10] to constant 0 [D:/Clone/Computer-Organization-Project/pipelineCPU/pipelineCPU.srcs/sources_1/new/top_module.v:621]
WARNING: [Synth 8-3295] tying undriven pin uut_uart:uart_output_data[9] to constant 0 [D:/Clone/Computer-Organization-Project/pipelineCPU/pipelineCPU.srcs/sources_1/new/top_module.v:621]
WARNING: [Synth 8-3295] tying undriven pin uut_uart:uart_output_data[8] to constant 0 [D:/Clone/Computer-Organization-Project/pipelineCPU/pipelineCPU.srcs/sources_1/new/top_module.v:621]
WARNING: [Synth 8-3295] tying undriven pin uut_uart:uart_output_data[7] to constant 0 [D:/Clone/Computer-Organization-Project/pipelineCPU/pipelineCPU.srcs/sources_1/new/top_module.v:621]
WARNING: [Synth 8-3295] tying undriven pin uut_uart:uart_output_data[6] to constant 0 [D:/Clone/Computer-Organization-Project/pipelineCPU/pipelineCPU.srcs/sources_1/new/top_module.v:621]
WARNING: [Synth 8-3295] tying undriven pin uut_uart:uart_output_data[5] to constant 0 [D:/Clone/Computer-Organization-Project/pipelineCPU/pipelineCPU.srcs/sources_1/new/top_module.v:621]
WARNING: [Synth 8-3295] tying undriven pin uut_uart:uart_output_data[4] to constant 0 [D:/Clone/Computer-Organization-Project/pipelineCPU/pipelineCPU.srcs/sources_1/new/top_module.v:621]
WARNING: [Synth 8-3295] tying undriven pin uut_uart:uart_output_data[3] to constant 0 [D:/Clone/Computer-Organization-Project/pipelineCPU/pipelineCPU.srcs/sources_1/new/top_module.v:621]
WARNING: [Synth 8-3295] tying undriven pin uut_uart:uart_output_data[2] to constant 0 [D:/Clone/Computer-Organization-Project/pipelineCPU/pipelineCPU.srcs/sources_1/new/top_module.v:621]
WARNING: [Synth 8-3295] tying undriven pin uut_uart:uart_output_data[1] to constant 0 [D:/Clone/Computer-Organization-Project/pipelineCPU/pipelineCPU.srcs/sources_1/new/top_module.v:621]
WARNING: [Synth 8-3295] tying undriven pin uut_uart:uart_output_data[0] to constant 0 [D:/Clone/Computer-Organization-Project/pipelineCPU/pipelineCPU.srcs/sources_1/new/top_module.v:621]
---------------------------------------------------------------------------------
Finished RTL Optimization Phase 1 : Time (s): cpu = 00:00:04 ; elapsed = 00:00:04 . Memory (MB): peak = 401.297 ; gain = 160.430
---------------------------------------------------------------------------------
INFO: [Device 21-403] Loading part xc7a35tcsg324-1
INFO: [Project 1-570] Preparing netlist for logic optimization

Processing XDC Constraints
Initializing timing engine
Parsing XDC File [D:/Clone/Computer-Organization-Project/pipelineCPU/pipelineCPU.runs/synth_1/.Xil/Vivado-35720-Dupreeh/dcp2/pgram_in_context.xdc] for cell 'mem_uut/udram'
Finished Parsing XDC File [D:/Clone/Computer-Organization-Project/pipelineCPU/pipelineCPU.runs/synth_1/.Xil/Vivado-35720-Dupreeh/dcp2/pgram_in_context.xdc] for cell 'mem_uut/udram'
Parsing XDC File [D:/Clone/Computer-Organization-Project/pipelineCPU/pipelineCPU.runs/synth_1/.Xil/Vivado-35720-Dupreeh/dcp3/pgrom_in_context.xdc] for cell 'if_uut/urom'
Finished Parsing XDC File [D:/Clone/Computer-Organization-Project/pipelineCPU/pipelineCPU.runs/synth_1/.Xil/Vivado-35720-Dupreeh/dcp3/pgrom_in_context.xdc] for cell 'if_uut/urom'
Parsing XDC File [D:/Clone/Computer-Organization-Project/pipelineCPU/pipelineCPU.srcs/constrs_1/new/pipelineCPU.xdc]
Finished Parsing XDC File [D:/Clone/Computer-Organization-Project/pipelineCPU/pipelineCPU.srcs/constrs_1/new/pipelineCPU.xdc]
INFO: [Project 1-236] Implementation specific constraints were found while reading constraint file [D:/Clone/Computer-Organization-Project/pipelineCPU/pipelineCPU.srcs/constrs_1/new/pipelineCPU.xdc]. These constraints will be ignored for synthesis but will be used in implementation. Impacted constraints are listed in the file [.Xil/top_module_propImpl.xdc].
Resolution: To avoid this warning, move constraints listed in [.Xil/top_module_propImpl.xdc] to another XDC file and exclude this new file from synthesis with the used_in_synthesis property (File Properties dialog in GUI) and re-run elaboration/synthesis.
Completed Processing XDC Constraints

INFO: [Project 1-111] Unisim Transformation Summary:
No Unisim elements were transformed.

Constraint Validation Runtime : Time (s): cpu = 00:00:00 ; elapsed = 00:00:00.003 . Memory (MB): peak = 745.359 ; gain = 0.000
---------------------------------------------------------------------------------
Finished Constraint Validation : Time (s): cpu = 00:00:10 ; elapsed = 00:00:11 . Memory (MB): peak = 745.359 ; gain = 504.492
---------------------------------------------------------------------------------
---------------------------------------------------------------------------------
Start Loading Part and Timing Information
---------------------------------------------------------------------------------
Loading part: xc7a35tcsg324-1
---------------------------------------------------------------------------------
Finished Loading Part and Timing Information : Time (s): cpu = 00:00:10 ; elapsed = 00:00:11 . Memory (MB): peak = 745.359 ; gain = 504.492
---------------------------------------------------------------------------------
---------------------------------------------------------------------------------
Start Applying 'set_property' XDC Constraints
---------------------------------------------------------------------------------
Applied set_property DONT_TOUCH = true for if_uut/urom. (constraint file  auto generated constraint, line ).
Applied set_property DONT_TOUCH = true for mem_uut/udram. (constraint file  auto generated constraint, line ).
---------------------------------------------------------------------------------
Finished applying 'set_property' XDC Constraints : Time (s): cpu = 00:00:10 ; elapsed = 00:00:11 . Memory (MB): peak = 745.359 ; gain = 504.492
---------------------------------------------------------------------------------
WARNING: [Synth 8-6014] Unused sequential element cnt_reg was removed.  [D:/Clone/Computer-Organization-Project/pipelineCPU/pipelineCPU.srcs/sources_1/new/ClockDivider.v:11]
WARNING: [Synth 8-6014] Unused sequential element pc_reg was removed.  [D:/Clone/Computer-Organization-Project/pipelineCPU/pipelineCPU.srcs/sources_1/new/HarzardDetection.v:26]
INFO: [Synth 8-5545] ROM "reg_write" won't be mapped to RAM because address size (32) is larger than maximum supported(25)
INFO: [Synth 8-5546] ROM "is_jal" won't be mapped to RAM because it is too sparse
INFO: [Synth 8-5546] ROM "is_jalr" won't be mapped to RAM because it is too sparse
INFO: [Synth 8-5546] ROM "branch" won't be mapped to RAM because it is too sparse
INFO: [Synth 8-5587] ROM size for "alu_op" is below threshold of ROM address width. It will be mapped to LUTs
INFO: [Synth 8-5587] ROM size for "alu_src" is below threshold of ROM address width. It will be mapped to LUTs
INFO: [Synth 8-5546] ROM "mem_read" won't be mapped to RAM because it is too sparse
INFO: [Synth 8-5546] ROM "mem_write" won't be mapped to RAM because it is too sparse
INFO: [Synth 8-5546] ROM "is_lui" won't be mapped to RAM because it is too sparse
INFO: [Synth 8-5546] ROM "is_auipc" won't be mapped to RAM because it is too sparse
INFO: [Synth 8-5545] ROM "en_output" won't be mapped to RAM because address size (32) is larger than maximum supported(25)
INFO: [Synth 8-5545] ROM "zero0" won't be mapped to RAM because address size (32) is larger than maximum supported(25)
INFO: [Synth 8-5545] ROM "zero0" won't be mapped to RAM because address size (32) is larger than maximum supported(25)
INFO: [Synth 8-5544] ROM "tmp_write_data" won't be mapped to Block RAM because address size (3) smaller than threshold (5)
INFO: [Synth 8-5546] ROM "regs_reg[0]" won't be mapped to RAM because it is too sparse
INFO: [Synth 8-5546] ROM "regs_reg[1]" won't be mapped to RAM because it is too sparse
INFO: [Synth 8-5546] ROM "regs_reg[2]" won't be mapped to RAM because it is too sparse
INFO: [Synth 8-5546] ROM "regs_reg[3]" won't be mapped to RAM because it is too sparse
INFO: [Synth 8-5546] ROM "regs_reg[4]" won't be mapped to RAM because it is too sparse
INFO: [Synth 8-5546] ROM "regs_reg[5]" won't be mapped to RAM because it is too sparse
INFO: [Synth 8-5546] ROM "regs_reg[6]" won't be mapped to RAM because it is too sparse
INFO: [Synth 8-5546] ROM "regs_reg[7]" won't be mapped to RAM because it is too sparse
INFO: [Synth 8-5546] ROM "regs_reg[8]" won't be mapped to RAM because it is too sparse
INFO: [Synth 8-5546] ROM "regs_reg[9]" won't be mapped to RAM because it is too sparse
INFO: [Synth 8-5546] ROM "regs_reg[10]" won't be mapped to RAM because it is too sparse
INFO: [Synth 8-5546] ROM "regs_reg[11]" won't be mapped to RAM because it is too sparse
INFO: [Synth 8-5546] ROM "regs_reg[12]" won't be mapped to RAM because it is too sparse
INFO: [Synth 8-5546] ROM "regs_reg[13]" won't be mapped to RAM because it is too sparse
INFO: [Synth 8-5546] ROM "regs_reg[14]" won't be mapped to RAM because it is too sparse
INFO: [Synth 8-5546] ROM "regs_reg[15]" won't be mapped to RAM because it is too sparse
INFO: [Synth 8-5546] ROM "regs_reg[16]" won't be mapped to RAM because it is too sparse
INFO: [Synth 8-5546] ROM "regs_reg[17]" won't be mapped to RAM because it is too sparse
INFO: [Synth 8-5546] ROM "regs_reg[18]" won't be mapped to RAM because it is too sparse
INFO: [Synth 8-5546] ROM "regs_reg[19]" won't be mapped to RAM because it is too sparse
INFO: [Synth 8-5546] ROM "regs_reg[20]" won't be mapped to RAM because it is too sparse
INFO: [Synth 8-5546] ROM "regs_reg[21]" won't be mapped to RAM because it is too sparse
INFO: [Synth 8-5546] ROM "regs_reg[22]" won't be mapped to RAM because it is too sparse
INFO: [Synth 8-5546] ROM "regs_reg[23]" won't be mapped to RAM because it is too sparse
INFO: [Synth 8-5546] ROM "regs_reg[24]" won't be mapped to RAM because it is too sparse
INFO: [Synth 8-5546] ROM "regs_reg[25]" won't be mapped to RAM because it is too sparse
INFO: [Synth 8-5546] ROM "regs_reg[26]" won't be mapped to RAM because it is too sparse
INFO: [Synth 8-5546] ROM "regs_reg[27]" won't be mapped to RAM because it is too sparse
INFO: [Synth 8-5546] ROM "regs_reg[28]" won't be mapped to RAM because it is too sparse
INFO: [Synth 8-5546] ROM "regs_reg[29]" won't be mapped to RAM because it is too sparse
INFO: [Synth 8-5546] ROM "regs_reg[30]" won't be mapped to RAM because it is too sparse
INFO: [Synth 8-5546] ROM "regs_reg[31]" won't be mapped to RAM because it is too sparse
WARNING: [Synth 8-6014] Unused sequential element done_counter_reg was removed.  [D:/Clone/Computer-Organization-Project/pipelineCPU/pipelineCPU.srcs/sources_1/new/InputModule.v:28]
WARNING: [Synth 8-6014] Unused sequential element cp_done_counter_reg was removed.  [D:/Clone/Computer-Organization-Project/pipelineCPU/pipelineCPU.srcs/sources_1/new/InputModule.v:76]
INFO: [Synth 8-5544] ROM "seg_map" won't be mapped to Block RAM because address size (4) smaller than threshold (5)
INFO: [Synth 8-5544] ROM "seg_map" won't be mapped to Block RAM because address size (4) smaller than threshold (5)
INFO: [Synth 8-5544] ROM "seg_map" won't be mapped to Block RAM because address size (4) smaller than threshold (5)
INFO: [Synth 8-5544] ROM "seg_map" won't be mapped to Block RAM because address size (4) smaller than threshold (5)
INFO: [Synth 8-5546] ROM "baud_cnt" won't be mapped to RAM because it is too sparse
INFO: [Synth 8-5546] ROM "bit_cnt" won't be mapped to RAM because it is too sparse
INFO: [Synth 8-5546] ROM "bit_cnt" won't be mapped to RAM because it is too sparse
INFO: [Synth 8-5544] ROM "state" won't be mapped to Block RAM because address size (4) smaller than threshold (5)
INFO: [Synth 8-802] inferred FSM for state register 'state_reg' in module 'uart32_8'
INFO: [Synth 8-802] inferred FSM for state register 'state_reg' in module 'UartReg'
INFO: [Synth 8-5546] ROM "state" won't be mapped to RAM because it is too sparse
INFO: [Synth 8-5544] ROM "data_flag" won't be mapped to Block RAM because address size (4) smaller than threshold (5)
INFO: [Synth 8-5544] ROM "state" won't be mapped to Block RAM because address size (1) smaller than threshold (5)
INFO: [Synth 8-5546] ROM "baud_tick" won't be mapped to RAM because it is too sparse
INFO: [Synth 8-5544] ROM "busy" won't be mapped to Block RAM because address size (4) smaller than threshold (5)
WARNING: [Synth 8-6014] Unused sequential element bit_cnt_reg was removed.  [D:/Clone/Computer-Organization-Project/pipelineCPU/pipelineCPU.srcs/sources_1/new/UartTx.v:40]
WARNING: [Synth 8-327] inferring latch for variable 'zero_reg' [D:/Clone/Computer-Organization-Project/pipelineCPU/pipelineCPU.srcs/sources_1/new/EXE.v:64]
WARNING: [Synth 8-327] inferring latch for variable 'dout_reg' [D:/Clone/Computer-Organization-Project/pipelineCPU/pipelineCPU.srcs/sources_1/new/MEM.v:36]
WARNING: [Synth 8-327] inferring latch for variable 'tmp_write_data_reg' [D:/Clone/Computer-Organization-Project/pipelineCPU/pipelineCPU.srcs/sources_1/new/MEM.v:46]
WARNING: [Synth 8-327] inferring latch for variable 'seg1_reg' [D:/Clone/Computer-Organization-Project/pipelineCPU/pipelineCPU.srcs/sources_1/new/SegDisplay.v:36]
WARNING: [Synth 8-327] inferring latch for variable 'seg2_reg' [D:/Clone/Computer-Organization-Project/pipelineCPU/pipelineCPU.srcs/sources_1/new/SegDisplay.v:40]
WARNING: [Synth 8-327] inferring latch for variable 'tmp_reg_a7' [D:/Clone/Computer-Organization-Project/pipelineCPU/pipelineCPU.srcs/sources_1/new/OutputModule.v:19]
WARNING: [Synth 8-327] inferring latch for variable 'val' [D:/Clone/Computer-Organization-Project/pipelineCPU/pipelineCPU.srcs/sources_1/new/OutputModule.v:18]
---------------------------------------------------------------------------------------------------
                   State |                     New Encoding |                Previous Encoding 
---------------------------------------------------------------------------------------------------
                  iSTATE |                              000 |                            00000
                 iSTATE0 |                              001 |                            00001
                 iSTATE1 |                              010 |                            00010
                 iSTATE2 |                              011 |                            00011
                 iSTATE3 |                              100 |                            00100
---------------------------------------------------------------------------------------------------
INFO: [Synth 8-3354] encoded FSM with state register 'state_reg' using encoding 'sequential' in module 'uart32_8'
---------------------------------------------------------------------------------------------------
                   State |                     New Encoding |                Previous Encoding 
---------------------------------------------------------------------------------------------------
                    IDLE |                              000 |                             0000
               LOAD_DATA |                              001 |                             0001
          SEND_DATA_INIT |                              010 |                             0010
               SEND_DATA |                              011 |                             0011
               SEND_DONE |                              100 |                             0100
---------------------------------------------------------------------------------------------------
INFO: [Synth 8-3354] encoded FSM with state register 'state_reg' using encoding 'sequential' in module 'UartReg'
---------------------------------------------------------------------------------
Finished RTL Optimization Phase 2 : Time (s): cpu = 00:00:11 ; elapsed = 00:00:12 . Memory (MB): peak = 745.359 ; gain = 504.492
---------------------------------------------------------------------------------

Report RTL Partitions: 
+-+--------------+------------+----------+
| |RTL Partition |Replication |Instances |
+-+--------------+------------+----------+
+-+--------------+------------+----------+
---------------------------------------------------------------------------------
Start RTL Component Statistics 
---------------------------------------------------------------------------------
Detailed RTL Component Info : 
+---Adders : 
	   2 Input     32 Bit       Adders := 8     
	   3 Input     32 Bit       Adders := 1     
	   2 Input     16 Bit       Adders := 2     
	   2 Input      8 Bit       Adders := 1     
	   2 Input      4 Bit       Adders := 5     
	   2 Input      2 Bit       Adders := 1     
+---XORs : 
	   2 Input     32 Bit         XORs := 1     
+---Registers : 
	               32 Bit    Registers := 80    
	               16 Bit    Registers := 2     
	               10 Bit    Registers := 1     
	                8 Bit    Registers := 5     
	                7 Bit    Registers := 1     
	                5 Bit    Registers := 5     
	                4 Bit    Registers := 5     
	                3 Bit    Registers := 2     
	                2 Bit    Registers := 3     
	                1 Bit    Registers := 35    
+---Muxes : 
	   2 Input     32 Bit        Muxes := 39    
	   6 Input     32 Bit        Muxes := 1     
	   4 Input     32 Bit        Muxes := 3     
	   5 Input     32 Bit        Muxes := 1     
	   2 Input     16 Bit        Muxes := 5     
	   5 Input     16 Bit        Muxes := 1     
	   4 Input      8 Bit        Muxes := 2     
	  10 Input      8 Bit        Muxes := 1     
	   2 Input      8 Bit        Muxes := 10    
	  17 Input      8 Bit        Muxes := 4     
	   8 Input      8 Bit        Muxes := 4     
	   5 Input      8 Bit        Muxes := 2     
	   2 Input      7 Bit        Muxes := 1     
	  11 Input      5 Bit        Muxes := 2     
	   3 Input      5 Bit        Muxes := 2     
	   2 Input      5 Bit        Muxes := 6     
	   9 Input      4 Bit        Muxes := 1     
	   2 Input      4 Bit        Muxes := 4     
	   4 Input      4 Bit        Muxes := 1     
	  10 Input      3 Bit        Muxes := 1     
	   6 Input      3 Bit        Muxes := 2     
	   2 Input      3 Bit        Muxes := 2     
	   3 Input      2 Bit        Muxes := 1     
	  11 Input      2 Bit        Muxes := 2     
	   4 Input      2 Bit        Muxes := 1     
	   2 Input      2 Bit        Muxes := 2     
	  11 Input      1 Bit        Muxes := 13    
	   2 Input      1 Bit        Muxes := 62    
	   3 Input      1 Bit        Muxes := 3     
	   4 Input      1 Bit        Muxes := 8     
	   6 Input      1 Bit        Muxes := 1     
	   8 Input      1 Bit        Muxes := 2     
	   5 Input      1 Bit        Muxes := 12    
	  33 Input      1 Bit        Muxes := 1     
---------------------------------------------------------------------------------
Finished RTL Component Statistics 
---------------------------------------------------------------------------------
---------------------------------------------------------------------------------
Start RTL Hierarchical Component Statistics 
---------------------------------------------------------------------------------
Hierarchical RTL Component report 
Module top_module 
Detailed RTL Component Info : 
+---Adders : 
	   2 Input      2 Bit       Adders := 1     
+---Registers : 
	               32 Bit    Registers := 13    
	                7 Bit    Registers := 1     
	                5 Bit    Registers := 5     
	                3 Bit    Registers := 2     
	                2 Bit    Registers := 2     
	                1 Bit    Registers := 16    
+---Muxes : 
	   2 Input     32 Bit        Muxes := 14    
	   2 Input      7 Bit        Muxes := 1     
	   2 Input      5 Bit        Muxes := 4     
	   2 Input      3 Bit        Muxes := 2     
	   2 Input      2 Bit        Muxes := 2     
	   2 Input      1 Bit        Muxes := 1     
Module ClockDivider 
Detailed RTL Component Info : 
+---Adders : 
	   2 Input     32 Bit       Adders := 1     
+---Registers : 
	                1 Bit    Registers := 1     
Module HarzardDetection 
Detailed RTL Component Info : 
+---Adders : 
	   2 Input     32 Bit       Adders := 1     
+---Registers : 
	                1 Bit    Registers := 1     
+---Muxes : 
	   2 Input     32 Bit        Muxes := 2     
Module IF 
Detailed RTL Component Info : 
+---Adders : 
	   2 Input     32 Bit       Adders := 1     
+---Muxes : 
	   2 Input     32 Bit        Muxes := 1     
Module ID 
Detailed RTL Component Info : 
+---Adders : 
	   2 Input     32 Bit       Adders := 1     
+---Muxes : 
	   2 Input     32 Bit        Muxes := 2     
	   6 Input     32 Bit        Muxes := 1     
	  11 Input      5 Bit        Muxes := 2     
	   3 Input      5 Bit        Muxes := 2     
	   2 Input      5 Bit        Muxes := 2     
	  10 Input      3 Bit        Muxes := 1     
	   3 Input      2 Bit        Muxes := 1     
	  11 Input      2 Bit        Muxes := 2     
	  11 Input      1 Bit        Muxes := 13    
	   2 Input      1 Bit        Muxes := 5     
	   3 Input      1 Bit        Muxes := 3     
Module EXE 
Detailed RTL Component Info : 
+---Adders : 
	   2 Input     32 Bit       Adders := 2     
	   3 Input     32 Bit       Adders := 1     
+---XORs : 
	   2 Input     32 Bit         XORs := 1     
+---Muxes : 
	   2 Input     32 Bit        Muxes := 7     
	   4 Input     32 Bit        Muxes := 1     
	   2 Input      1 Bit        Muxes := 2     
	   4 Input      1 Bit        Muxes := 1     
Module FW 
Detailed RTL Component Info : 
+---Muxes : 
	   2 Input     32 Bit        Muxes := 10    
	   2 Input      1 Bit        Muxes := 2     
Module MEM 
Detailed RTL Component Info : 
+---Muxes : 
	   2 Input     32 Bit        Muxes := 2     
	   4 Input     32 Bit        Muxes := 2     
	   2 Input     16 Bit        Muxes := 1     
	   4 Input      8 Bit        Muxes := 1     
	   9 Input      4 Bit        Muxes := 1     
	   6 Input      1 Bit        Muxes := 1     
	   2 Input      1 Bit        Muxes := 1     
	   4 Input      1 Bit        Muxes := 1     
Module WB 
Detailed RTL Component Info : 
+---Muxes : 
	   2 Input      1 Bit        Muxes := 32    
Module InputModule 
Detailed RTL Component Info : 
+---Adders : 
	   2 Input      4 Bit       Adders := 2     
+---Registers : 
	                4 Bit    Registers := 2     
	                1 Bit    Registers := 6     
+---Muxes : 
	   2 Input     32 Bit        Muxes := 1     
	   2 Input      4 Bit        Muxes := 2     
	   2 Input      1 Bit        Muxes := 6     
Module SegGenerator 
Detailed RTL Component Info : 
+---Adders : 
	   2 Input      4 Bit       Adders := 1     
+---Registers : 
	                4 Bit    Registers := 1     
+---Muxes : 
	  10 Input      8 Bit        Muxes := 1     
	   2 Input      4 Bit        Muxes := 1     
Module SegDisplay 
Detailed RTL Component Info : 
+---Muxes : 
	   2 Input      8 Bit        Muxes := 7     
	  17 Input      8 Bit        Muxes := 4     
	   8 Input      8 Bit        Muxes := 4     
	   2 Input      1 Bit        Muxes := 4     
	   8 Input      1 Bit        Muxes := 2     
	   4 Input      1 Bit        Muxes := 2     
Module UartRx 
Detailed RTL Component Info : 
+---Adders : 
	   2 Input     16 Bit       Adders := 1     
	   2 Input      4 Bit       Adders := 1     
+---Registers : 
	               16 Bit    Registers := 1     
	                8 Bit    Registers := 2     
	                4 Bit    Registers := 1     
	                2 Bit    Registers := 1     
	                1 Bit    Registers := 1     
+---Muxes : 
	   2 Input     16 Bit        Muxes := 2     
	   5 Input     16 Bit        Muxes := 1     
	   2 Input      8 Bit        Muxes := 2     
	   4 Input      8 Bit        Muxes := 1     
	   4 Input      4 Bit        Muxes := 1     
	   4 Input      2 Bit        Muxes := 1     
	   5 Input      1 Bit        Muxes := 1     
	   2 Input      1 Bit        Muxes := 4     
	   4 Input      1 Bit        Muxes := 4     
Module uart32_8 
Detailed RTL Component Info : 
+---Registers : 
	                8 Bit    Registers := 1     
	                1 Bit    Registers := 3     
+---Muxes : 
	   5 Input      8 Bit        Muxes := 1     
	   6 Input      3 Bit        Muxes := 1     
	   5 Input      1 Bit        Muxes := 6     
Module UartReg 
Detailed RTL Component Info : 
+---Adders : 
	   2 Input      8 Bit       Adders := 1     
+---Registers : 
	               32 Bit    Registers := 34    
	                8 Bit    Registers := 1     
	                1 Bit    Registers := 1     
+---Muxes : 
	   5 Input     32 Bit        Muxes := 1     
	   2 Input      8 Bit        Muxes := 1     
	   5 Input      8 Bit        Muxes := 1     
	   6 Input      3 Bit        Muxes := 1     
	   2 Input      1 Bit        Muxes := 1     
	   5 Input      1 Bit        Muxes := 5     
Module UartTx 
Detailed RTL Component Info : 
+---Adders : 
	   2 Input     16 Bit       Adders := 1     
	   2 Input      4 Bit       Adders := 1     
+---Registers : 
	               16 Bit    Registers := 1     
	               10 Bit    Registers := 1     
	                4 Bit    Registers := 1     
	                1 Bit    Registers := 3     
+---Muxes : 
	   2 Input     16 Bit        Muxes := 2     
	   2 Input      4 Bit        Muxes := 1     
	   2 Input      1 Bit        Muxes := 4     
Module UartTop 
Detailed RTL Component Info : 
+---Registers : 
	               32 Bit    Registers := 33    
	                8 Bit    Registers := 1     
	                1 Bit    Registers := 1     
+---Muxes : 
	  33 Input      1 Bit        Muxes := 1     
---------------------------------------------------------------------------------
Finished RTL Hierarchical Component Statistics
---------------------------------------------------------------------------------
---------------------------------------------------------------------------------
Start Part Resource Summary
---------------------------------------------------------------------------------
Part Resources:
DSPs: 90 (col length:60)
BRAMs: 100 (col length: RAMB18 60 RAMB36 30)
---------------------------------------------------------------------------------
Finished Part Resource Summary
---------------------------------------------------------------------------------
---------------------------------------------------------------------------------
Start Cross Boundary and Area Optimization
---------------------------------------------------------------------------------
WARNING: [Synth 8-6014] Unused sequential element cnt_reg was removed.  [D:/Clone/Computer-Organization-Project/pipelineCPU/pipelineCPU.srcs/sources_1/new/ClockDivider.v:11]
WARNING: [Synth 8-6014] Unused sequential element cnt_reg was removed.  [D:/Clone/Computer-Organization-Project/pipelineCPU/pipelineCPU.srcs/sources_1/new/ClockDivider.v:11]
WARNING: [Synth 8-6014] Unused sequential element pc_reg was removed.  [D:/Clone/Computer-Organization-Project/pipelineCPU/pipelineCPU.srcs/sources_1/new/HarzardDetection.v:26]
INFO: [Synth 8-5546] ROM "is_jalr" won't be mapped to RAM because it is too sparse
INFO: [Synth 8-5546] ROM "is_jal" won't be mapped to RAM because it is too sparse
INFO: [Synth 8-5546] ROM "branch" won't be mapped to RAM because it is too sparse
INFO: [Synth 8-5587] ROM size for "alu_op" is below threshold of ROM address width. It will be mapped to LUTs
INFO: [Synth 8-5587] ROM size for "alu_src" is below threshold of ROM address width. It will be mapped to LUTs
INFO: [Synth 8-5546] ROM "mem_read" won't be mapped to RAM because it is too sparse
INFO: [Synth 8-5546] ROM "mem_write" won't be mapped to RAM because it is too sparse
INFO: [Synth 8-5546] ROM "is_lui" won't be mapped to RAM because it is too sparse
INFO: [Synth 8-5546] ROM "is_auipc" won't be mapped to RAM because it is too sparse
INFO: [Synth 8-5545] ROM "zero0" won't be mapped to RAM because address size (32) is larger than maximum supported(25)
INFO: [Synth 8-5545] ROM "zero0" won't be mapped to RAM because address size (32) is larger than maximum supported(25)
WARNING: [Synth 8-6014] Unused sequential element cp_done_counter_reg was removed.  [D:/Clone/Computer-Organization-Project/pipelineCPU/pipelineCPU.srcs/sources_1/new/InputModule.v:76]
WARNING: [Synth 8-6014] Unused sequential element done_counter_reg was removed.  [D:/Clone/Computer-Organization-Project/pipelineCPU/pipelineCPU.srcs/sources_1/new/InputModule.v:28]
WARNING: [Synth 8-6014] Unused sequential element uut_clk_display/cnt_reg was removed.  [D:/Clone/Computer-Organization-Project/pipelineCPU/pipelineCPU.srcs/sources_1/new/ClockDivider.v:11]
INFO: [Synth 8-5546] ROM "bit_cnt" won't be mapped to RAM because it is too sparse
INFO: [Synth 8-5546] ROM "state" won't be mapped to RAM because it is too sparse
INFO: [Synth 8-5546] ROM "baud_tick" won't be mapped to RAM because it is too sparse
WARNING: [Synth 8-6014] Unused sequential element bit_cnt_reg was removed.  [D:/Clone/Computer-Organization-Project/pipelineCPU/pipelineCPU.srcs/sources_1/new/UartTx.v:40]
WARNING: [Synth 8-3331] design UartTop has unconnected port uart_reg_a7[31]
WARNING: [Synth 8-3331] design UartTop has unconnected port uart_reg_a7[30]
WARNING: [Synth 8-3331] design UartTop has unconnected port uart_reg_a7[29]
WARNING: [Synth 8-3331] design UartTop has unconnected port uart_reg_a7[28]
WARNING: [Synth 8-3331] design UartTop has unconnected port uart_reg_a7[27]
WARNING: [Synth 8-3331] design UartTop has unconnected port uart_reg_a7[26]
WARNING: [Synth 8-3331] design UartTop has unconnected port uart_reg_a7[25]
WARNING: [Synth 8-3331] design UartTop has unconnected port uart_reg_a7[24]
WARNING: [Synth 8-3331] design UartTop has unconnected port uart_reg_a7[23]
WARNING: [Synth 8-3331] design UartTop has unconnected port uart_reg_a7[22]
WARNING: [Synth 8-3331] design UartTop has unconnected port uart_reg_a7[21]
WARNING: [Synth 8-3331] design UartTop has unconnected port uart_reg_a7[20]
WARNING: [Synth 8-3331] design UartTop has unconnected port uart_reg_a7[19]
WARNING: [Synth 8-3331] design UartTop has unconnected port uart_reg_a7[18]
WARNING: [Synth 8-3331] design UartTop has unconnected port uart_reg_a7[17]
WARNING: [Synth 8-3331] design UartTop has unconnected port uart_reg_a7[16]
WARNING: [Synth 8-3331] design UartTop has unconnected port uart_reg_a7[15]
WARNING: [Synth 8-3331] design UartTop has unconnected port uart_reg_a7[14]
WARNING: [Synth 8-3331] design UartTop has unconnected port uart_reg_a7[13]
WARNING: [Synth 8-3331] design UartTop has unconnected port uart_reg_a7[12]
WARNING: [Synth 8-3331] design UartTop has unconnected port uart_reg_a7[11]
WARNING: [Synth 8-3331] design UartTop has unconnected port uart_reg_a7[10]
WARNING: [Synth 8-3331] design UartTop has unconnected port uart_reg_a7[9]
WARNING: [Synth 8-3331] design UartTop has unconnected port uart_reg_a7[8]
WARNING: [Synth 8-3331] design UartTop has unconnected port uart_reg_a7[7]
INFO: [Common 17-14] Message 'Synth 8-3331' appears 100 times and further instances of the messages will be disabled. Use the Tcl command set_msg_config to change the current settings.
INFO: [Synth 8-3886] merging instance 'uut_uart/last_out_reg[0]' (FDCE) to 'uut_uart/last_out_reg[1]'
INFO: [Synth 8-3886] merging instance 'uut_uart/last_out_reg[1]' (FDCE) to 'uut_uart/last_out_reg[2]'
INFO: [Synth 8-3886] merging instance 'uut_uart/last_out_reg[2]' (FDCE) to 'uut_uart/last_out_reg[3]'
INFO: [Synth 8-3886] merging instance 'uut_uart/last_out_reg[3]' (FDCE) to 'uut_uart/last_out_reg[4]'
INFO: [Synth 8-3886] merging instance 'uut_uart/last_out_reg[4]' (FDCE) to 'uut_uart/last_out_reg[5]'
INFO: [Synth 8-3886] merging instance 'uut_uart/last_out_reg[5]' (FDCE) to 'uut_uart/last_out_reg[6]'
INFO: [Synth 8-3886] merging instance 'uut_uart/last_out_reg[6]' (FDCE) to 'uut_uart/last_out_reg[7]'
INFO: [Synth 8-3886] merging instance 'uut_uart/last_out_reg[7]' (FDCE) to 'uut_uart/last_out_reg[8]'
INFO: [Synth 8-3886] merging instance 'uut_uart/last_out_reg[8]' (FDCE) to 'uut_uart/last_out_reg[9]'
INFO: [Synth 8-3886] merging instance 'uut_uart/last_out_reg[9]' (FDCE) to 'uut_uart/last_out_reg[10]'
INFO: [Synth 8-3886] merging instance 'uut_uart/last_out_reg[10]' (FDCE) to 'uut_uart/last_out_reg[11]'
INFO: [Synth 8-3886] merging instance 'uut_uart/last_out_reg[11]' (FDCE) to 'uut_uart/last_out_reg[12]'
INFO: [Synth 8-3886] merging instance 'uut_uart/last_out_reg[12]' (FDCE) to 'uut_uart/last_out_reg[13]'
INFO: [Synth 8-3886] merging instance 'uut_uart/last_out_reg[13]' (FDCE) to 'uut_uart/last_out_reg[14]'
INFO: [Synth 8-3886] merging instance 'uut_uart/last_out_reg[14]' (FDCE) to 'uut_uart/last_out_reg[15]'
INFO: [Synth 8-3886] merging instance 'uut_uart/last_out_reg[15]' (FDCE) to 'uut_uart/last_out_reg[16]'
INFO: [Synth 8-3886] merging instance 'uut_uart/last_out_reg[16]' (FDCE) to 'uut_uart/last_out_reg[17]'
INFO: [Synth 8-3886] merging instance 'uut_uart/last_out_reg[17]' (FDCE) to 'uut_uart/last_out_reg[18]'
INFO: [Synth 8-3886] merging instance 'uut_uart/last_out_reg[18]' (FDCE) to 'uut_uart/last_out_reg[19]'
INFO: [Synth 8-3886] merging instance 'uut_uart/last_out_reg[19]' (FDCE) to 'uut_uart/last_out_reg[20]'
INFO: [Synth 8-3886] merging instance 'uut_uart/last_out_reg[20]' (FDCE) to 'uut_uart/last_out_reg[21]'
INFO: [Synth 8-3886] merging instance 'uut_uart/last_out_reg[21]' (FDCE) to 'uut_uart/last_out_reg[22]'
INFO: [Synth 8-3886] merging instance 'uut_uart/last_out_reg[22]' (FDCE) to 'uut_uart/last_out_reg[23]'
INFO: [Synth 8-3886] merging instance 'uut_uart/last_out_reg[23]' (FDCE) to 'uut_uart/last_out_reg[24]'
INFO: [Synth 8-3886] merging instance 'uut_uart/last_out_reg[24]' (FDCE) to 'uut_uart/last_out_reg[25]'
INFO: [Synth 8-3886] merging instance 'uut_uart/last_out_reg[25]' (FDCE) to 'uut_uart/last_out_reg[26]'
INFO: [Synth 8-3886] merging instance 'uut_uart/last_out_reg[26]' (FDCE) to 'uut_uart/last_out_reg[27]'
INFO: [Synth 8-3886] merging instance 'uut_uart/last_out_reg[27]' (FDCE) to 'uut_uart/last_out_reg[28]'
INFO: [Synth 8-3886] merging instance 'uut_uart/last_out_reg[28]' (FDCE) to 'uut_uart/last_out_reg[29]'
INFO: [Synth 8-3886] merging instance 'uut_uart/last_out_reg[29]' (FDCE) to 'uut_uart/last_out_reg[30]'
INFO: [Synth 8-3886] merging instance 'uut_uart/last_out_reg[30]' (FDCE) to 'uut_uart/last_out_reg[31]'
INFO: [Synth 8-3333] propagating constant 0 across sequential element (uut_uart/\last_out_reg[31] )
INFO: [Synth 8-3333] propagating constant 0 across sequential element (uut_uart/u_reg/\data_send_buffer_reg[0][7] )
INFO: [Synth 8-3333] propagating constant 0 across sequential element (uut_uart/u_reg/\data_send_buffer_reg[0][15] )
INFO: [Synth 8-3333] propagating constant 0 across sequential element (uut_uart/u_reg/\data_send_buffer_reg[0][23] )
INFO: [Synth 8-3333] propagating constant 0 across sequential element (uut_uart/u_reg/\data_send_buffer_reg[0][31] )
INFO: [Synth 8-3333] propagating constant 0 across sequential element (uut_uart/u_reg/\data_send_buffer_reg[0][6] )
INFO: [Synth 8-3333] propagating constant 0 across sequential element (uut_uart/u_reg/\data_send_buffer_reg[0][14] )
INFO: [Synth 8-3333] propagating constant 0 across sequential element (uut_uart/u_reg/\data_send_buffer_reg[0][22] )
INFO: [Synth 8-3333] propagating constant 0 across sequential element (uut_uart/u_reg/\data_send_buffer_reg[0][30] )
INFO: [Synth 8-3333] propagating constant 0 across sequential element (uut_uart/u_reg/\data_send_buffer_reg[0][5] )
INFO: [Synth 8-3333] propagating constant 0 across sequential element (uut_uart/u_reg/\data_send_buffer_reg[0][13] )
INFO: [Synth 8-3333] propagating constant 0 across sequential element (uut_uart/u_reg/\data_send_buffer_reg[0][21] )
INFO: [Synth 8-3333] propagating constant 0 across sequential element (uut_uart/u_reg/\data_send_buffer_reg[0][29] )
INFO: [Synth 8-3333] propagating constant 0 across sequential element (uut_uart/u_reg/\data_send_buffer_reg[0][4] )
INFO: [Synth 8-3333] propagating constant 0 across sequential element (uut_uart/u_reg/\data_send_buffer_reg[0][12] )
INFO: [Synth 8-3333] propagating constant 0 across sequential element (uut_uart/u_reg/\data_send_buffer_reg[0][20] )
INFO: [Synth 8-3333] propagating constant 0 across sequential element (uut_uart/u_reg/\data_send_buffer_reg[0][28] )
INFO: [Synth 8-3333] propagating constant 0 across sequential element (uut_uart/u_reg/\data_send_buffer_reg[0][3] )
INFO: [Synth 8-3333] propagating constant 0 across sequential element (uut_uart/u_reg/\data_send_buffer_reg[0][11] )
INFO: [Synth 8-3333] propagating constant 0 across sequential element (uut_uart/u_reg/\data_send_buffer_reg[0][19] )
INFO: [Synth 8-3333] propagating constant 0 across sequential element (uut_uart/u_reg/\data_send_buffer_reg[0][27] )
INFO: [Synth 8-3333] propagating constant 0 across sequential element (uut_uart/u_reg/\data_send_buffer_reg[0][2] )
INFO: [Synth 8-3333] propagating constant 0 across sequential element (uut_uart/u_reg/\data_send_buffer_reg[0][10] )
INFO: [Synth 8-3333] propagating constant 0 across sequential element (uut_uart/u_reg/\data_send_buffer_reg[0][18] )
INFO: [Synth 8-3333] propagating constant 0 across sequential element (uut_uart/u_reg/\data_send_buffer_reg[0][26] )
INFO: [Synth 8-3333] propagating constant 0 across sequential element (uut_uart/u_reg/\data_send_buffer_reg[0][1] )
INFO: [Synth 8-3333] propagating constant 0 across sequential element (uut_uart/u_reg/\data_send_buffer_reg[0][9] )
INFO: [Synth 8-3333] propagating constant 0 across sequential element (uut_uart/u_reg/\data_send_buffer_reg[0][17] )
INFO: [Synth 8-3333] propagating constant 0 across sequential element (uut_uart/u_reg/\data_send_buffer_reg[0][25] )
INFO: [Synth 8-3333] propagating constant 0 across sequential element (uut_uart/u_reg/\data_send_buffer_reg[0][0] )
INFO: [Synth 8-3333] propagating constant 0 across sequential element (uut_uart/u_reg/\data_send_buffer_reg[0][8] )
INFO: [Synth 8-3333] propagating constant 0 across sequential element (uut_uart/u_reg/\data_send_buffer_reg[0][16] )
INFO: [Synth 8-3333] propagating constant 0 across sequential element (uut_uart/u_reg/\data_send_buffer_reg[0][24] )
INFO: [Synth 8-3333] propagating constant 1 across sequential element (uut_uart/u_tx/\tx_data_reg[9] )
INFO: [Synth 8-3333] propagating constant 0 across sequential element (uut_uart/u_tx/\tx_data_reg[0] )
INFO: [Synth 8-3333] propagating constant 0 across sequential element (uut_output/uut_seg_display/\seg2_reg[0] )
INFO: [Synth 8-3333] propagating constant 0 across sequential element (uut_output/uut_seg_display/\seg1_reg[0] )
WARNING: [Synth 8-3332] Sequential element (seg1_reg[0]) is unused and will be removed from module SegDisplay.
WARNING: [Synth 8-3332] Sequential element (seg2_reg[0]) is unused and will be removed from module SegDisplay.
WARNING: [Synth 8-3332] Sequential element (data_send_buffer_reg[0][31]) is unused and will be removed from module UartReg.
WARNING: [Synth 8-3332] Sequential element (data_send_buffer_reg[0][30]) is unused and will be removed from module UartReg.
WARNING: [Synth 8-3332] Sequential element (data_send_buffer_reg[0][29]) is unused and will be removed from module UartReg.
WARNING: [Synth 8-3332] Sequential element (data_send_buffer_reg[0][28]) is unused and will be removed from module UartReg.
WARNING: [Synth 8-3332] Sequential element (data_send_buffer_reg[0][27]) is unused and will be removed from module UartReg.
WARNING: [Synth 8-3332] Sequential element (data_send_buffer_reg[0][26]) is unused and will be removed from module UartReg.
WARNING: [Synth 8-3332] Sequential element (data_send_buffer_reg[0][25]) is unused and will be removed from module UartReg.
WARNING: [Synth 8-3332] Sequential element (data_send_buffer_reg[0][24]) is unused and will be removed from module UartReg.
WARNING: [Synth 8-3332] Sequential element (data_send_buffer_reg[0][23]) is unused and will be removed from module UartReg.
WARNING: [Synth 8-3332] Sequential element (data_send_buffer_reg[0][22]) is unused and will be removed from module UartReg.
WARNING: [Synth 8-3332] Sequential element (data_send_buffer_reg[0][21]) is unused and will be removed from module UartReg.
WARNING: [Synth 8-3332] Sequential element (data_send_buffer_reg[0][20]) is unused and will be removed from module UartReg.
WARNING: [Synth 8-3332] Sequential element (data_send_buffer_reg[0][19]) is unused and will be removed from module UartReg.
WARNING: [Synth 8-3332] Sequential element (data_send_buffer_reg[0][18]) is unused and will be removed from module UartReg.
WARNING: [Synth 8-3332] Sequential element (data_send_buffer_reg[0][17]) is unused and will be removed from module UartReg.
WARNING: [Synth 8-3332] Sequential element (data_send_buffer_reg[0][16]) is unused and will be removed from module UartReg.
WARNING: [Synth 8-3332] Sequential element (data_send_buffer_reg[0][15]) is unused and will be removed from module UartReg.
WARNING: [Synth 8-3332] Sequential element (data_send_buffer_reg[0][14]) is unused and will be removed from module UartReg.
WARNING: [Synth 8-3332] Sequential element (data_send_buffer_reg[0][13]) is unused and will be removed from module UartReg.
WARNING: [Synth 8-3332] Sequential element (data_send_buffer_reg[0][12]) is unused and will be removed from module UartReg.
WARNING: [Synth 8-3332] Sequential element (data_send_buffer_reg[0][11]) is unused and will be removed from module UartReg.
WARNING: [Synth 8-3332] Sequential element (data_send_buffer_reg[0][10]) is unused and will be removed from module UartReg.
WARNING: [Synth 8-3332] Sequential element (data_send_buffer_reg[0][9]) is unused and will be removed from module UartReg.
WARNING: [Synth 8-3332] Sequential element (data_send_buffer_reg[0][8]) is unused and will be removed from module UartReg.
WARNING: [Synth 8-3332] Sequential element (data_send_buffer_reg[0][7]) is unused and will be removed from module UartReg.
WARNING: [Synth 8-3332] Sequential element (data_send_buffer_reg[0][6]) is unused and will be removed from module UartReg.
WARNING: [Synth 8-3332] Sequential element (data_send_buffer_reg[0][5]) is unused and will be removed from module UartReg.
WARNING: [Synth 8-3332] Sequential element (data_send_buffer_reg[0][4]) is unused and will be removed from module UartReg.
WARNING: [Synth 8-3332] Sequential element (data_send_buffer_reg[0][3]) is unused and will be removed from module UartReg.
WARNING: [Synth 8-3332] Sequential element (data_send_buffer_reg[0][2]) is unused and will be removed from module UartReg.
WARNING: [Synth 8-3332] Sequential element (data_send_buffer_reg[0][1]) is unused and will be removed from module UartReg.
WARNING: [Synth 8-3332] Sequential element (data_send_buffer_reg[0][0]) is unused and will be removed from module UartReg.
WARNING: [Synth 8-3332] Sequential element (tx_data_reg[9]) is unused and will be removed from module UartTx.
WARNING: [Synth 8-3332] Sequential element (tx_data_reg[0]) is unused and will be removed from module UartTx.
WARNING: [Synth 8-3332] Sequential element (last_out_reg[31]) is unused and will be removed from module UartTop.
WARNING: [Synth 8-3332] Sequential element (v3_mem_read_reg) is unused and will be removed from module top_module.
WARNING: [Synth 8-3332] Sequential element (v3_alu_result_reg[31]) is unused and will be removed from module top_module.
WARNING: [Synth 8-3332] Sequential element (v3_alu_result_reg[30]) is unused and will be removed from module top_module.
WARNING: [Synth 8-3332] Sequential element (v3_alu_result_reg[29]) is unused and will be removed from module top_module.
WARNING: [Synth 8-3332] Sequential element (v3_alu_result_reg[28]) is unused and will be removed from module top_module.
WARNING: [Synth 8-3332] Sequential element (v3_alu_result_reg[27]) is unused and will be removed from module top_module.
WARNING: [Synth 8-3332] Sequential element (v3_alu_result_reg[26]) is unused and will be removed from module top_module.
WARNING: [Synth 8-3332] Sequential element (v3_alu_result_reg[25]) is unused and will be removed from module top_module.
WARNING: [Synth 8-3332] Sequential element (v3_alu_result_reg[24]) is unused and will be removed from module top_module.
WARNING: [Synth 8-3332] Sequential element (v3_alu_result_reg[23]) is unused and will be removed from module top_module.
WARNING: [Synth 8-3332] Sequential element (v3_alu_result_reg[22]) is unused and will be removed from module top_module.
WARNING: [Synth 8-3332] Sequential element (v3_alu_result_reg[21]) is unused and will be removed from module top_module.
WARNING: [Synth 8-3332] Sequential element (v3_alu_result_reg[20]) is unused and will be removed from module top_module.
WARNING: [Synth 8-3332] Sequential element (v3_alu_result_reg[19]) is unused and will be removed from module top_module.
WARNING: [Synth 8-3332] Sequential element (v3_alu_result_reg[18]) is unused and will be removed from module top_module.
WARNING: [Synth 8-3332] Sequential element (v3_alu_result_reg[17]) is unused and will be removed from module top_module.
WARNING: [Synth 8-3332] Sequential element (v3_alu_result_reg[16]) is unused and will be removed from module top_module.
WARNING: [Synth 8-3332] Sequential element (v2_funct7_reg[6]) is unused and will be removed from module top_module.
WARNING: [Synth 8-3332] Sequential element (v2_funct7_reg[4]) is unused and will be removed from module top_module.
WARNING: [Synth 8-3332] Sequential element (v2_funct7_reg[3]) is unused and will be removed from module top_module.
WARNING: [Synth 8-3332] Sequential element (v2_funct7_reg[2]) is unused and will be removed from module top_module.
WARNING: [Synth 8-3332] Sequential element (v2_funct7_reg[1]) is unused and will be removed from module top_module.
WARNING: [Synth 8-3332] Sequential element (v2_funct7_reg[0]) is unused and will be removed from module top_module.
---------------------------------------------------------------------------------
Finished Cross Boundary and Area Optimization : Time (s): cpu = 00:00:24 ; elapsed = 00:00:26 . Memory (MB): peak = 745.359 ; gain = 504.492
---------------------------------------------------------------------------------

Report RTL Partitions: 
+-+--------------+------------+----------+
| |RTL Partition |Replication |Instances |
+-+--------------+------------+----------+
+-+--------------+------------+----------+
---------------------------------------------------------------------------------
Start Applying XDC Timing Constraints
---------------------------------------------------------------------------------
---------------------------------------------------------------------------------
Finished Applying XDC Timing Constraints : Time (s): cpu = 00:00:29 ; elapsed = 00:00:31 . Memory (MB): peak = 834.477 ; gain = 593.609
---------------------------------------------------------------------------------
---------------------------------------------------------------------------------
Start Timing Optimization
---------------------------------------------------------------------------------
---------------------------------------------------------------------------------
Finished Timing Optimization : Time (s): cpu = 00:00:29 ; elapsed = 00:00:31 . Memory (MB): peak = 845.258 ; gain = 604.391
---------------------------------------------------------------------------------

Report RTL Partitions: 
+-+--------------+------------+----------+
| |RTL Partition |Replication |Instances |
+-+--------------+------------+----------+
+-+--------------+------------+----------+
---------------------------------------------------------------------------------
Start Technology Mapping
---------------------------------------------------------------------------------
INFO: [Synth 8-3333] propagating constant 0 across sequential element (\wb_uut/regs_reg[0][24] )
INFO: [Synth 8-3333] propagating constant 0 across sequential element (\wb_uut/regs_reg[0][16] )
INFO: [Synth 8-3333] propagating constant 0 across sequential element (\wb_uut/regs_reg[0][8] )
INFO: [Synth 8-3333] propagating constant 0 across sequential element (\wb_uut/regs_reg[0][0] )
INFO: [Synth 8-3333] propagating constant 0 across sequential element (\wb_uut/regs_reg[0][31] )
INFO: [Synth 8-3333] propagating constant 0 across sequential element (\wb_uut/regs_reg[0][23] )
INFO: [Synth 8-3333] propagating constant 0 across sequential element (\wb_uut/regs_reg[0][15] )
INFO: [Synth 8-3333] propagating constant 0 across sequential element (\wb_uut/regs_reg[0][7] )
INFO: [Synth 8-3333] propagating constant 0 across sequential element (\wb_uut/regs_reg[0][28] )
INFO: [Synth 8-3333] propagating constant 0 across sequential element (\wb_uut/regs_reg[0][20] )
INFO: [Synth 8-3333] propagating constant 0 across sequential element (\wb_uut/regs_reg[0][12] )
INFO: [Synth 8-3333] propagating constant 0 across sequential element (\wb_uut/regs_reg[0][4] )
INFO: [Synth 8-3333] propagating constant 0 across sequential element (\wb_uut/regs_reg[0][27] )
INFO: [Synth 8-3333] propagating constant 0 across sequential element (\wb_uut/regs_reg[0][19] )
INFO: [Synth 8-3333] propagating constant 0 across sequential element (\wb_uut/regs_reg[0][11] )
INFO: [Synth 8-3333] propagating constant 0 across sequential element (\wb_uut/regs_reg[0][3] )
INFO: [Synth 8-3333] propagating constant 0 across sequential element (\wb_uut/regs_reg[0][25] )
INFO: [Synth 8-3333] propagating constant 0 across sequential element (\wb_uut/regs_reg[0][17] )
INFO: [Synth 8-3333] propagating constant 0 across sequential element (\wb_uut/regs_reg[0][9] )
INFO: [Synth 8-3333] propagating constant 0 across sequential element (\wb_uut/regs_reg[0][1] )
INFO: [Synth 8-3333] propagating constant 0 across sequential element (\wb_uut/regs_reg[0][29] )
INFO: [Synth 8-3333] propagating constant 0 across sequential element (\wb_uut/regs_reg[0][21] )
INFO: [Synth 8-3333] propagating constant 0 across sequential element (\wb_uut/regs_reg[0][13] )
INFO: [Synth 8-3333] propagating constant 0 across sequential element (\wb_uut/regs_reg[0][5] )
INFO: [Synth 8-3333] propagating constant 0 across sequential element (\wb_uut/regs_reg[0][26] )
INFO: [Synth 8-3333] propagating constant 0 across sequential element (\wb_uut/regs_reg[0][18] )
INFO: [Synth 8-3333] propagating constant 0 across sequential element (\wb_uut/regs_reg[0][10] )
INFO: [Synth 8-3333] propagating constant 0 across sequential element (\wb_uut/regs_reg[0][2] )
INFO: [Synth 8-3333] propagating constant 0 across sequential element (\wb_uut/regs_reg[0][30] )
INFO: [Synth 8-3333] propagating constant 0 across sequential element (\wb_uut/regs_reg[0][22] )
INFO: [Synth 8-3333] propagating constant 0 across sequential element (\wb_uut/regs_reg[0][14] )
INFO: [Synth 8-3333] propagating constant 0 across sequential element (\wb_uut/regs_reg[0][6] )
WARNING: [Synth 8-3332] Sequential element (wb_uut/regs_reg[0][31]) is unused and will be removed from module top_module.
WARNING: [Synth 8-3332] Sequential element (wb_uut/regs_reg[0][30]) is unused and will be removed from module top_module.
WARNING: [Synth 8-3332] Sequential element (wb_uut/regs_reg[0][29]) is unused and will be removed from module top_module.
WARNING: [Synth 8-3332] Sequential element (wb_uut/regs_reg[0][28]) is unused and will be removed from module top_module.
WARNING: [Synth 8-3332] Sequential element (wb_uut/regs_reg[0][27]) is unused and will be removed from module top_module.
WARNING: [Synth 8-3332] Sequential element (wb_uut/regs_reg[0][26]) is unused and will be removed from module top_module.
WARNING: [Synth 8-3332] Sequential element (wb_uut/regs_reg[0][25]) is unused and will be removed from module top_module.
WARNING: [Synth 8-3332] Sequential element (wb_uut/regs_reg[0][24]) is unused and will be removed from module top_module.
WARNING: [Synth 8-3332] Sequential element (wb_uut/regs_reg[0][23]) is unused and will be removed from module top_module.
WARNING: [Synth 8-3332] Sequential element (wb_uut/regs_reg[0][22]) is unused and will be removed from module top_module.
WARNING: [Synth 8-3332] Sequential element (wb_uut/regs_reg[0][21]) is unused and will be removed from module top_module.
WARNING: [Synth 8-3332] Sequential element (wb_uut/regs_reg[0][20]) is unused and will be removed from module top_module.
WARNING: [Synth 8-3332] Sequential element (wb_uut/regs_reg[0][19]) is unused and will be removed from module top_module.
WARNING: [Synth 8-3332] Sequential element (wb_uut/regs_reg[0][18]) is unused and will be removed from module top_module.
WARNING: [Synth 8-3332] Sequential element (wb_uut/regs_reg[0][17]) is unused and will be removed from module top_module.
WARNING: [Synth 8-3332] Sequential element (wb_uut/regs_reg[0][16]) is unused and will be removed from module top_module.
WARNING: [Synth 8-3332] Sequential element (wb_uut/regs_reg[0][15]) is unused and will be removed from module top_module.
WARNING: [Synth 8-3332] Sequential element (wb_uut/regs_reg[0][14]) is unused and will be removed from module top_module.
WARNING: [Synth 8-3332] Sequential element (wb_uut/regs_reg[0][13]) is unused and will be removed from module top_module.
WARNING: [Synth 8-3332] Sequential element (wb_uut/regs_reg[0][12]) is unused and will be removed from module top_module.
WARNING: [Synth 8-3332] Sequential element (wb_uut/regs_reg[0][11]) is unused and will be removed from module top_module.
WARNING: [Synth 8-3332] Sequential element (wb_uut/regs_reg[0][10]) is unused and will be removed from module top_module.
WARNING: [Synth 8-3332] Sequential element (wb_uut/regs_reg[0][9]) is unused and will be removed from module top_module.
WARNING: [Synth 8-3332] Sequential element (wb_uut/regs_reg[0][8]) is unused and will be removed from module top_module.
WARNING: [Synth 8-3332] Sequential element (wb_uut/regs_reg[0][7]) is unused and will be removed from module top_module.
WARNING: [Synth 8-3332] Sequential element (wb_uut/regs_reg[0][6]) is unused and will be removed from module top_module.
WARNING: [Synth 8-3332] Sequential element (wb_uut/regs_reg[0][5]) is unused and will be removed from module top_module.
WARNING: [Synth 8-3332] Sequential element (wb_uut/regs_reg[0][4]) is unused and will be removed from module top_module.
WARNING: [Synth 8-3332] Sequential element (wb_uut/regs_reg[0][3]) is unused and will be removed from module top_module.
WARNING: [Synth 8-3332] Sequential element (wb_uut/regs_reg[0][2]) is unused and will be removed from module top_module.
WARNING: [Synth 8-3332] Sequential element (wb_uut/regs_reg[0][1]) is unused and will be removed from module top_module.
WARNING: [Synth 8-3332] Sequential element (wb_uut/regs_reg[0][0]) is unused and will be removed from module top_module.
WARNING: [Synth 8-3332] Sequential element (uut_uart/u_reg/data_send_buffer_reg[1][31]) is unused and will be removed from module top_module.
WARNING: [Synth 8-3332] Sequential element (uut_uart/u_reg/data_send_buffer_reg[1][30]) is unused and will be removed from module top_module.
WARNING: [Synth 8-3332] Sequential element (uut_uart/u_reg/data_send_buffer_reg[1][29]) is unused and will be removed from module top_module.
WARNING: [Synth 8-3332] Sequential element (uut_uart/u_reg/data_send_buffer_reg[1][28]) is unused and will be removed from module top_module.
WARNING: [Synth 8-3332] Sequential element (uut_uart/u_reg/data_send_buffer_reg[1][27]) is unused and will be removed from module top_module.
WARNING: [Synth 8-3332] Sequential element (uut_uart/u_reg/data_send_buffer_reg[1][26]) is unused and will be removed from module top_module.
WARNING: [Synth 8-3332] Sequential element (uut_uart/u_reg/data_send_buffer_reg[1][25]) is unused and will be removed from module top_module.
WARNING: [Synth 8-3332] Sequential element (uut_uart/u_reg/data_send_buffer_reg[1][24]) is unused and will be removed from module top_module.
INFO: [Common 17-14] Message 'Synth 8-3332' appears 100 times and further instances of the messages will be disabled. Use the Tcl command set_msg_config to change the current settings.
---------------------------------------------------------------------------------
Finished Technology Mapping : Time (s): cpu = 00:00:31 ; elapsed = 00:00:33 . Memory (MB): peak = 920.547 ; gain = 679.680
---------------------------------------------------------------------------------

Report RTL Partitions: 
+-+--------------+------------+----------+
| |RTL Partition |Replication |Instances |
+-+--------------+------------+----------+
+-+--------------+------------+----------+
---------------------------------------------------------------------------------
Start IO Insertion
---------------------------------------------------------------------------------
---------------------------------------------------------------------------------
Start Flattening Before IO Insertion
---------------------------------------------------------------------------------
---------------------------------------------------------------------------------
Finished Flattening Before IO Insertion
---------------------------------------------------------------------------------
---------------------------------------------------------------------------------
Start Final Netlist Cleanup
---------------------------------------------------------------------------------
---------------------------------------------------------------------------------
Finished Final Netlist Cleanup
---------------------------------------------------------------------------------
---------------------------------------------------------------------------------
Finished IO Insertion : Time (s): cpu = 00:00:32 ; elapsed = 00:00:34 . Memory (MB): peak = 920.547 ; gain = 679.680
---------------------------------------------------------------------------------

Report Check Netlist: 
+------+------------------+-------+---------+-------+------------------+
|      |Item              |Errors |Warnings |Status |Description       |
+------+------------------+-------+---------+-------+------------------+
|1     |multi_driven_nets |      0|        0|Passed |Multi driven nets |
+------+------------------+-------+---------+-------+------------------+
---------------------------------------------------------------------------------
Start Renaming Generated Instances
---------------------------------------------------------------------------------
---------------------------------------------------------------------------------
Finished Renaming Generated Instances : Time (s): cpu = 00:00:32 ; elapsed = 00:00:34 . Memory (MB): peak = 920.547 ; gain = 679.680
---------------------------------------------------------------------------------

Report RTL Partitions: 
+-+--------------+------------+----------+
| |RTL Partition |Replication |Instances |
+-+--------------+------------+----------+
+-+--------------+------------+----------+
---------------------------------------------------------------------------------
Start Rebuilding User Hierarchy
---------------------------------------------------------------------------------
---------------------------------------------------------------------------------
Finished Rebuilding User Hierarchy : Time (s): cpu = 00:00:32 ; elapsed = 00:00:34 . Memory (MB): peak = 920.547 ; gain = 679.680
---------------------------------------------------------------------------------
---------------------------------------------------------------------------------
Start Renaming Generated Ports
---------------------------------------------------------------------------------
---------------------------------------------------------------------------------
Finished Renaming Generated Ports : Time (s): cpu = 00:00:32 ; elapsed = 00:00:34 . Memory (MB): peak = 920.547 ; gain = 679.680
---------------------------------------------------------------------------------
---------------------------------------------------------------------------------
Start Handling Custom Attributes
---------------------------------------------------------------------------------
---------------------------------------------------------------------------------
Finished Handling Custom Attributes : Time (s): cpu = 00:00:32 ; elapsed = 00:00:34 . Memory (MB): peak = 920.547 ; gain = 679.680
---------------------------------------------------------------------------------
---------------------------------------------------------------------------------
Start Renaming Generated Nets
---------------------------------------------------------------------------------
---------------------------------------------------------------------------------
Finished Renaming Generated Nets : Time (s): cpu = 00:00:32 ; elapsed = 00:00:34 . Memory (MB): peak = 920.547 ; gain = 679.680
---------------------------------------------------------------------------------
---------------------------------------------------------------------------------
Start Writing Synthesis Report
---------------------------------------------------------------------------------

Report BlackBoxes: 
+------+--------------+----------+
|      |BlackBox name |Instances |
+------+--------------+----------+
|1     |pgrom         |         1|
|2     |pgram         |         1|
+------+--------------+----------+

Report Cell Usage: 
+------+-------+------+
|      |Cell   |Count |
+------+-------+------+
|1     |pgram  |     1|
|2     |pgrom  |     1|
|3     |BUFG   |     5|
|4     |CARRY4 |   585|
|5     |LUT1   |   148|
|6     |LUT2   |   865|
|7     |LUT3   |   900|
|8     |LUT4   |   801|
|9     |LUT5   |   476|
|10    |LUT6   |  2253|
|11    |MUXF7  |   392|
|12    |MUXF8  |   129|
|13    |FDCE   |  3637|
|14    |FDPE   |    26|
|15    |FDRE   |    33|
|16    |LD     |   143|
|17    |IBUF   |    13|
|18    |OBUF   |    33|
+------+-------+------+

Report Instance Areas: 
+------+-----------------------+-----------------+------+
|      |Instance               |Module           |Cells |
+------+-----------------------+-----------------+------+
|1     |top                    |                 | 10503|
|2     |  if_uut               |IF               |    34|
|3     |  exe_uut              |EXE              |    12|
|4     |  mem_uut              |MEM              |   205|
|5     |  hd_uut               |HarzardDetection |   967|
|6     |  uut_clk_divider      |ClockDivider     |    73|
|7     |  uut_debounce_divider |ClockDivider_0   |    72|
|8     |  uut_input            |InputModule      |    32|
|9     |  uut_output           |OutputModule     |  2495|
|10    |    uut_clk_display    |ClockDivider_1   |    73|
|11    |    uut_seg_display    |SegDisplay       |   560|
|12    |    uut_seg_gen        |SegGenerator     |    94|
|13    |  uut_uart             |UartTop          |  2743|
|14    |    u_reg              |UartReg          |  1561|
|15    |      u_uart32_8       |uart32_8         |    47|
|16    |    u_rx               |UartRx           |    87|
|17    |    u_tx               |UartTx           |    68|
|18    |  wb_uut               |WB               |  2559|
+------+-----------------------+-----------------+------+
---------------------------------------------------------------------------------
Finished Writing Synthesis Report : Time (s): cpu = 00:00:32 ; elapsed = 00:00:34 . Memory (MB): peak = 920.547 ; gain = 679.680
---------------------------------------------------------------------------------
Synthesis finished with 0 errors, 0 critical warnings and 251 warnings.
Synthesis Optimization Runtime : Time (s): cpu = 00:00:25 ; elapsed = 00:00:30 . Memory (MB): peak = 920.547 ; gain = 335.617
Synthesis Optimization Complete : Time (s): cpu = 00:00:32 ; elapsed = 00:00:34 . Memory (MB): peak = 920.547 ; gain = 679.680
INFO: [Project 1-571] Translating synthesized netlist
INFO: [Netlist 29-17] Analyzing 1262 Unisim elements for replacement
INFO: [Netlist 29-28] Unisim Transformation completed in 0 CPU seconds
INFO: [Project 1-570] Preparing netlist for logic optimization
INFO: [Opt 31-138] Pushed 0 inverter(s) to 0 load pin(s).
INFO: [Project 1-111] Unisim Transformation Summary:
  A total of 143 instances were transformed.
  LD => LDCE: 143 instances

INFO: [Common 17-83] Releasing license: Synthesis
238 Infos, 273 Warnings, 0 Critical Warnings and 0 Errors encountered.
synth_design completed successfully
synth_design: Time (s): cpu = 00:00:33 ; elapsed = 00:00:38 . Memory (MB): peak = 920.547 ; gain = 690.074
INFO: [Common 17-1381] The checkpoint 'D:/Clone/Computer-Organization-Project/pipelineCPU/pipelineCPU.runs/synth_1/top_module.dcp' has been generated.
INFO: [runtcl-4] Executing : report_utilization -file top_module_utilization_synth.rpt -pb top_module_utilization_synth.pb
report_utilization: Time (s): cpu = 00:00:00 ; elapsed = 00:00:00.030 . Memory (MB): peak = 920.547 ; gain = 0.000
INFO: [Common 17-206] Exiting Vivado at Tue May 20 23:40:46 2025...
