
*** Running vivado
    with args -log top_module.vds -m64 -product Vivado -mode batch -messageDb vivado.pb -notrace -source top_module.tcl


****** Vivado v2017.4 (64-bit)
  **** SW Build 2086221 on Fri Dec 15 20:55:39 MST 2017
  **** IP Build 2085800 on Fri Dec 15 22:25:07 MST 2017
    ** Copyright 1986-2017 Xilinx, Inc. All Rights Reserved.

source top_module.tcl -notrace
Command: synth_design -top top_module -part xc7a35tcsg324-1
Starting synth_design
Attempting to get a license for feature 'Synthesis' and/or device 'xc7a35t'
INFO: [Common 17-349] Got license for feature 'Synthesis' and/or device 'xc7a35t'
INFO: Launching helper process for spawning children vivado processes
INFO: Helper process launched with PID 6172 
---------------------------------------------------------------------------------
Starting RTL Elaboration : Time (s): cpu = 00:00:05 ; elapsed = 00:00:05 . Memory (MB): peak = 340.895 ; gain = 99.809
---------------------------------------------------------------------------------
INFO: [Synth 8-638] synthesizing module 'top_module' [C:/Users/48946/Documents/GitHub/Computer-Organization-Project/CPU/CPU.srcs/sources_1/new/top_module.v:11]
INFO: [Synth 8-638] synthesizing module 'IFetch' [C:/Users/48946/Documents/GitHub/Computer-Organization-Project/CPU/CPU.srcs/sources_1/new/IFetch.v:1]
INFO: [Synth 8-638] synthesizing module 'prgrom' [C:/Users/48946/Documents/GitHub/Computer-Organization-Project/CPU/CPU.runs/synth_1/.Xil/Vivado-1040-ASCHENPUTTEL/realtime/prgrom_stub.v:6]
INFO: [Synth 8-256] done synthesizing module 'prgrom' (1#1) [C:/Users/48946/Documents/GitHub/Computer-Organization-Project/CPU/CPU.runs/synth_1/.Xil/Vivado-1040-ASCHENPUTTEL/realtime/prgrom_stub.v:6]
INFO: [Synth 8-256] done synthesizing module 'IFetch' (2#1) [C:/Users/48946/Documents/GitHub/Computer-Organization-Project/CPU/CPU.srcs/sources_1/new/IFetch.v:1]
INFO: [Synth 8-638] synthesizing module 'Decoder' [C:/Users/48946/Documents/GitHub/Computer-Organization-Project/CPU/CPU.srcs/sources_1/new/Decoder.v:1]
INFO: [Synth 8-256] done synthesizing module 'Decoder' (3#1) [C:/Users/48946/Documents/GitHub/Computer-Organization-Project/CPU/CPU.srcs/sources_1/new/Decoder.v:1]
INFO: [Synth 8-638] synthesizing module 'ALU' [C:/Users/48946/Documents/GitHub/Computer-Organization-Project/CPU/CPU.srcs/sources_1/new/ALU.v:1]
INFO: [Synth 8-256] done synthesizing module 'ALU' (4#1) [C:/Users/48946/Documents/GitHub/Computer-Organization-Project/CPU/CPU.srcs/sources_1/new/ALU.v:1]
INFO: [Synth 8-638] synthesizing module 'Controller' [C:/Users/48946/Documents/GitHub/Computer-Organization-Project/CPU/CPU.srcs/sources_1/new/Controller.v:1]
INFO: [Synth 8-256] done synthesizing module 'Controller' (5#1) [C:/Users/48946/Documents/GitHub/Computer-Organization-Project/CPU/CPU.srcs/sources_1/new/Controller.v:1]
INFO: [Synth 8-638] synthesizing module 'DMem' [C:/Users/48946/Documents/GitHub/Computer-Organization-Project/CPU/CPU.srcs/sources_1/new/DMem.v:23]
INFO: [Synth 8-638] synthesizing module 'prgram' [C:/Users/48946/Documents/GitHub/Computer-Organization-Project/CPU/CPU.runs/synth_1/.Xil/Vivado-1040-ASCHENPUTTEL/realtime/prgram_stub.v:6]
INFO: [Synth 8-256] done synthesizing module 'prgram' (6#1) [C:/Users/48946/Documents/GitHub/Computer-Organization-Project/CPU/CPU.runs/synth_1/.Xil/Vivado-1040-ASCHENPUTTEL/realtime/prgram_stub.v:6]
INFO: [Synth 8-256] done synthesizing module 'DMem' (7#1) [C:/Users/48946/Documents/GitHub/Computer-Organization-Project/CPU/CPU.srcs/sources_1/new/DMem.v:23]
WARNING: [Synth 8-3848] Net clk in module/entity top_module does not have driver. [C:/Users/48946/Documents/GitHub/Computer-Organization-Project/CPU/CPU.srcs/sources_1/new/top_module.v:14]
WARNING: [Synth 8-3848] Net rst in module/entity top_module does not have driver. [C:/Users/48946/Documents/GitHub/Computer-Organization-Project/CPU/CPU.srcs/sources_1/new/top_module.v:15]
INFO: [Synth 8-256] done synthesizing module 'top_module' (8#1) [C:/Users/48946/Documents/GitHub/Computer-Organization-Project/CPU/CPU.srcs/sources_1/new/top_module.v:11]
WARNING: [Synth 8-3331] design DMem has unconnected port mem_read
WARNING: [Synth 8-3331] design DMem has unconnected port addr[31]
WARNING: [Synth 8-3331] design DMem has unconnected port addr[30]
WARNING: [Synth 8-3331] design DMem has unconnected port addr[29]
WARNING: [Synth 8-3331] design DMem has unconnected port addr[28]
WARNING: [Synth 8-3331] design DMem has unconnected port addr[27]
WARNING: [Synth 8-3331] design DMem has unconnected port addr[26]
WARNING: [Synth 8-3331] design DMem has unconnected port addr[25]
WARNING: [Synth 8-3331] design DMem has unconnected port addr[24]
WARNING: [Synth 8-3331] design DMem has unconnected port addr[23]
WARNING: [Synth 8-3331] design DMem has unconnected port addr[22]
WARNING: [Synth 8-3331] design DMem has unconnected port addr[21]
WARNING: [Synth 8-3331] design DMem has unconnected port addr[20]
WARNING: [Synth 8-3331] design DMem has unconnected port addr[19]
WARNING: [Synth 8-3331] design DMem has unconnected port addr[18]
WARNING: [Synth 8-3331] design DMem has unconnected port addr[17]
WARNING: [Synth 8-3331] design DMem has unconnected port addr[16]
WARNING: [Synth 8-3331] design DMem has unconnected port addr[1]
WARNING: [Synth 8-3331] design DMem has unconnected port addr[0]
WARNING: [Synth 8-3331] design Controller has unconnected port inst[31]
WARNING: [Synth 8-3331] design Controller has unconnected port inst[30]
WARNING: [Synth 8-3331] design Controller has unconnected port inst[29]
WARNING: [Synth 8-3331] design Controller has unconnected port inst[28]
WARNING: [Synth 8-3331] design Controller has unconnected port inst[27]
WARNING: [Synth 8-3331] design Controller has unconnected port inst[26]
WARNING: [Synth 8-3331] design Controller has unconnected port inst[25]
WARNING: [Synth 8-3331] design Controller has unconnected port inst[24]
WARNING: [Synth 8-3331] design Controller has unconnected port inst[23]
WARNING: [Synth 8-3331] design Controller has unconnected port inst[22]
WARNING: [Synth 8-3331] design Controller has unconnected port inst[21]
WARNING: [Synth 8-3331] design Controller has unconnected port inst[20]
WARNING: [Synth 8-3331] design Controller has unconnected port inst[19]
WARNING: [Synth 8-3331] design Controller has unconnected port inst[18]
WARNING: [Synth 8-3331] design Controller has unconnected port inst[17]
WARNING: [Synth 8-3331] design Controller has unconnected port inst[16]
WARNING: [Synth 8-3331] design Controller has unconnected port inst[15]
WARNING: [Synth 8-3331] design Controller has unconnected port inst[14]
WARNING: [Synth 8-3331] design Controller has unconnected port inst[13]
WARNING: [Synth 8-3331] design Controller has unconnected port inst[12]
WARNING: [Synth 8-3331] design Controller has unconnected port inst[11]
WARNING: [Synth 8-3331] design Controller has unconnected port inst[10]
WARNING: [Synth 8-3331] design Controller has unconnected port inst[9]
WARNING: [Synth 8-3331] design Controller has unconnected port inst[8]
WARNING: [Synth 8-3331] design Controller has unconnected port inst[7]
WARNING: [Synth 8-3331] design ALU has unconnected port funct7[6]
WARNING: [Synth 8-3331] design ALU has unconnected port funct7[4]
WARNING: [Synth 8-3331] design ALU has unconnected port funct7[3]
WARNING: [Synth 8-3331] design ALU has unconnected port funct7[2]
WARNING: [Synth 8-3331] design ALU has unconnected port funct7[1]
WARNING: [Synth 8-3331] design ALU has unconnected port funct7[0]
WARNING: [Synth 8-3331] design Decoder has unconnected port inst[14]
WARNING: [Synth 8-3331] design Decoder has unconnected port inst[13]
WARNING: [Synth 8-3331] design Decoder has unconnected port inst[12]
---------------------------------------------------------------------------------
Finished RTL Elaboration : Time (s): cpu = 00:00:05 ; elapsed = 00:00:05 . Memory (MB): peak = 393.020 ; gain = 151.934
---------------------------------------------------------------------------------

Report Check Netlist: 
+------+------------------+-------+---------+-------+------------------+
|      |Item              |Errors |Warnings |Status |Description       |
+------+------------------+-------+---------+-------+------------------+
|1     |multi_driven_nets |      0|        0|Passed |Multi driven nets |
+------+------------------+-------+---------+-------+------------------+
WARNING: [Synth 8-3295] tying undriven pin uut_if:clk to constant 0 [C:/Users/48946/Documents/GitHub/Computer-Organization-Project/CPU/CPU.srcs/sources_1/new/top_module.v:48]
WARNING: [Synth 8-3295] tying undriven pin uut_if:rst to constant 0 [C:/Users/48946/Documents/GitHub/Computer-Organization-Project/CPU/CPU.srcs/sources_1/new/top_module.v:48]
WARNING: [Synth 8-3295] tying undriven pin uut_decoder:clk to constant 0 [C:/Users/48946/Documents/GitHub/Computer-Organization-Project/CPU/CPU.srcs/sources_1/new/top_module.v:58]
WARNING: [Synth 8-3295] tying undriven pin uut_decoder:rst to constant 0 [C:/Users/48946/Documents/GitHub/Computer-Organization-Project/CPU/CPU.srcs/sources_1/new/top_module.v:58]
WARNING: [Synth 8-3295] tying undriven pin uut_dmem:clk to constant 0 [C:/Users/48946/Documents/GitHub/Computer-Organization-Project/CPU/CPU.srcs/sources_1/new/top_module.v:94]
---------------------------------------------------------------------------------
Finished RTL Optimization Phase 1 : Time (s): cpu = 00:00:05 ; elapsed = 00:00:05 . Memory (MB): peak = 393.020 ; gain = 151.934
---------------------------------------------------------------------------------
INFO: [Device 21-403] Loading part xc7a35tcsg324-1
INFO: [Project 1-570] Preparing netlist for logic optimization

Processing XDC Constraints
Initializing timing engine
Parsing XDC File [C:/Users/48946/Documents/GitHub/Computer-Organization-Project/CPU/CPU.runs/synth_1/.Xil/Vivado-1040-ASCHENPUTTEL/dcp2/prgrom_in_context.xdc] for cell 'uut_if/urom'
Finished Parsing XDC File [C:/Users/48946/Documents/GitHub/Computer-Organization-Project/CPU/CPU.runs/synth_1/.Xil/Vivado-1040-ASCHENPUTTEL/dcp2/prgrom_in_context.xdc] for cell 'uut_if/urom'
Parsing XDC File [C:/Users/48946/Documents/GitHub/Computer-Organization-Project/CPU/CPU.runs/synth_1/.Xil/Vivado-1040-ASCHENPUTTEL/dcp3/prgram_in_context.xdc] for cell 'uut_dmem/udram'
Finished Parsing XDC File [C:/Users/48946/Documents/GitHub/Computer-Organization-Project/CPU/CPU.runs/synth_1/.Xil/Vivado-1040-ASCHENPUTTEL/dcp3/prgram_in_context.xdc] for cell 'uut_dmem/udram'
Completed Processing XDC Constraints

INFO: [Project 1-111] Unisim Transformation Summary:
No Unisim elements were transformed.

Constraint Validation Runtime : Time (s): cpu = 00:00:00 ; elapsed = 00:00:00.005 . Memory (MB): peak = 718.805 ; gain = 0.000
---------------------------------------------------------------------------------
Finished Constraint Validation : Time (s): cpu = 00:00:14 ; elapsed = 00:00:15 . Memory (MB): peak = 718.805 ; gain = 477.719
---------------------------------------------------------------------------------
---------------------------------------------------------------------------------
Start Loading Part and Timing Information
---------------------------------------------------------------------------------
Loading part: xc7a35tcsg324-1
---------------------------------------------------------------------------------
Finished Loading Part and Timing Information : Time (s): cpu = 00:00:14 ; elapsed = 00:00:15 . Memory (MB): peak = 718.805 ; gain = 477.719
---------------------------------------------------------------------------------
---------------------------------------------------------------------------------
Start Applying 'set_property' XDC Constraints
---------------------------------------------------------------------------------
Applied set_property DONT_TOUCH = true for uut_dmem/udram. (constraint file  auto generated constraint, line ).
Applied set_property DONT_TOUCH = true for uut_if/urom. (constraint file  auto generated constraint, line ).
---------------------------------------------------------------------------------
Finished applying 'set_property' XDC Constraints : Time (s): cpu = 00:00:14 ; elapsed = 00:00:15 . Memory (MB): peak = 718.805 ; gain = 477.719
---------------------------------------------------------------------------------
WARNING: [Synth 8-6014] Unused sequential element pc_reg was removed.  [C:/Users/48946/Documents/GitHub/Computer-Organization-Project/CPU/CPU.srcs/sources_1/new/IFetch.v:21]
INFO: [Synth 8-5546] ROM "regs_reg[0]" won't be mapped to RAM because it is too sparse
INFO: [Synth 8-5546] ROM "regs_reg[1]" won't be mapped to RAM because it is too sparse
INFO: [Synth 8-5546] ROM "regs_reg[2]" won't be mapped to RAM because it is too sparse
INFO: [Synth 8-5546] ROM "regs_reg[3]" won't be mapped to RAM because it is too sparse
INFO: [Synth 8-5546] ROM "regs_reg[4]" won't be mapped to RAM because it is too sparse
INFO: [Synth 8-5546] ROM "regs_reg[5]" won't be mapped to RAM because it is too sparse
INFO: [Synth 8-5546] ROM "regs_reg[6]" won't be mapped to RAM because it is too sparse
INFO: [Synth 8-5546] ROM "regs_reg[7]" won't be mapped to RAM because it is too sparse
INFO: [Synth 8-5546] ROM "regs_reg[8]" won't be mapped to RAM because it is too sparse
INFO: [Synth 8-5546] ROM "regs_reg[9]" won't be mapped to RAM because it is too sparse
INFO: [Synth 8-5546] ROM "regs_reg[10]" won't be mapped to RAM because it is too sparse
INFO: [Synth 8-5546] ROM "regs_reg[11]" won't be mapped to RAM because it is too sparse
INFO: [Synth 8-5546] ROM "regs_reg[12]" won't be mapped to RAM because it is too sparse
INFO: [Synth 8-5546] ROM "regs_reg[13]" won't be mapped to RAM because it is too sparse
INFO: [Synth 8-5546] ROM "regs_reg[14]" won't be mapped to RAM because it is too sparse
INFO: [Synth 8-5546] ROM "regs_reg[15]" won't be mapped to RAM because it is too sparse
INFO: [Synth 8-5546] ROM "regs_reg[16]" won't be mapped to RAM because it is too sparse
INFO: [Synth 8-5546] ROM "regs_reg[17]" won't be mapped to RAM because it is too sparse
INFO: [Synth 8-5546] ROM "regs_reg[18]" won't be mapped to RAM because it is too sparse
INFO: [Synth 8-5546] ROM "regs_reg[19]" won't be mapped to RAM because it is too sparse
INFO: [Synth 8-5546] ROM "regs_reg[20]" won't be mapped to RAM because it is too sparse
INFO: [Synth 8-5546] ROM "regs_reg[21]" won't be mapped to RAM because it is too sparse
INFO: [Synth 8-5546] ROM "regs_reg[22]" won't be mapped to RAM because it is too sparse
INFO: [Synth 8-5546] ROM "regs_reg[23]" won't be mapped to RAM because it is too sparse
INFO: [Synth 8-5546] ROM "regs_reg[24]" won't be mapped to RAM because it is too sparse
INFO: [Synth 8-5546] ROM "regs_reg[25]" won't be mapped to RAM because it is too sparse
INFO: [Synth 8-5546] ROM "regs_reg[26]" won't be mapped to RAM because it is too sparse
INFO: [Synth 8-5546] ROM "regs_reg[27]" won't be mapped to RAM because it is too sparse
INFO: [Synth 8-5546] ROM "regs_reg[28]" won't be mapped to RAM because it is too sparse
INFO: [Synth 8-5546] ROM "regs_reg[29]" won't be mapped to RAM because it is too sparse
INFO: [Synth 8-5546] ROM "regs_reg[30]" won't be mapped to RAM because it is too sparse
INFO: [Synth 8-5546] ROM "regs_reg[31]" won't be mapped to RAM because it is too sparse
INFO: [Synth 8-5545] ROM "zero" won't be mapped to RAM because address size (32) is larger than maximum supported(25)
INFO: [Synth 8-5546] ROM "branch" won't be mapped to RAM because it is too sparse
INFO: [Synth 8-5546] ROM "mem_read" won't be mapped to RAM because it is too sparse
INFO: [Synth 8-5546] ROM "mem_write" won't be mapped to RAM because it is too sparse
INFO: [Synth 8-5546] ROM "reg_write" won't be mapped to RAM because it is too sparse
INFO: [Synth 8-5546] ROM "alu_src" won't be mapped to RAM because it is too sparse
INFO: [Synth 8-5546] ROM "alu_op" won't be mapped to RAM because it is too sparse
---------------------------------------------------------------------------------
Finished RTL Optimization Phase 2 : Time (s): cpu = 00:00:14 ; elapsed = 00:00:15 . Memory (MB): peak = 718.805 ; gain = 477.719
---------------------------------------------------------------------------------

Report RTL Partitions: 
+-+--------------+------------+----------+
| |RTL Partition |Replication |Instances |
+-+--------------+------------+----------+
+-+--------------+------------+----------+
---------------------------------------------------------------------------------
Start RTL Component Statistics 
---------------------------------------------------------------------------------
Detailed RTL Component Info : 
+---Adders : 
	   2 Input     32 Bit       Adders := 1     
	   3 Input     32 Bit       Adders := 1     
+---Registers : 
	               32 Bit    Registers := 33    
+---Muxes : 
	   2 Input     32 Bit        Muxes := 3     
	   5 Input     32 Bit        Muxes := 1     
	   4 Input     32 Bit        Muxes := 2     
	   5 Input      2 Bit        Muxes := 1     
	   2 Input      1 Bit        Muxes := 33    
	   5 Input      1 Bit        Muxes := 5     
---------------------------------------------------------------------------------
Finished RTL Component Statistics 
---------------------------------------------------------------------------------
---------------------------------------------------------------------------------
Start RTL Hierarchical Component Statistics 
---------------------------------------------------------------------------------
Hierarchical RTL Component report 
Module IFetch 
Detailed RTL Component Info : 
+---Registers : 
	               32 Bit    Registers := 1     
+---Muxes : 
	   2 Input     32 Bit        Muxes := 1     
Module Decoder 
Detailed RTL Component Info : 
+---Registers : 
	               32 Bit    Registers := 32    
+---Muxes : 
	   5 Input     32 Bit        Muxes := 1     
	   2 Input      1 Bit        Muxes := 32    
Module ALU 
Detailed RTL Component Info : 
+---Adders : 
	   2 Input     32 Bit       Adders := 1     
	   3 Input     32 Bit       Adders := 1     
+---Muxes : 
	   2 Input     32 Bit        Muxes := 2     
	   4 Input     32 Bit        Muxes := 2     
	   2 Input      1 Bit        Muxes := 1     
Module Controller 
Detailed RTL Component Info : 
+---Muxes : 
	   5 Input      2 Bit        Muxes := 1     
	   5 Input      1 Bit        Muxes := 5     
---------------------------------------------------------------------------------
Finished RTL Hierarchical Component Statistics
---------------------------------------------------------------------------------
---------------------------------------------------------------------------------
Start Part Resource Summary
---------------------------------------------------------------------------------
Part Resources:
DSPs: 90 (col length:60)
BRAMs: 100 (col length: RAMB18 60 RAMB36 30)
---------------------------------------------------------------------------------
Finished Part Resource Summary
---------------------------------------------------------------------------------
---------------------------------------------------------------------------------
Start Cross Boundary and Area Optimization
---------------------------------------------------------------------------------
INFO: [Synth 8-5545] ROM "uut_alu/zero" won't be mapped to RAM because address size (32) is larger than maximum supported(25)
INFO: [Synth 8-5546] ROM "uut_ctrl/branch" won't be mapped to RAM because it is too sparse
INFO: [Synth 8-5546] ROM "uut_ctrl/mem_write" won't be mapped to RAM because it is too sparse
INFO: [Synth 8-5546] ROM "uut_ctrl/reg_write" won't be mapped to RAM because it is too sparse
INFO: [Synth 8-5546] ROM "uut_ctrl/alu_src" won't be mapped to RAM because it is too sparse
INFO: [Synth 8-5546] ROM "uut_ctrl/alu_op" won't be mapped to RAM because it is too sparse
WARNING: [Synth 8-6014] Unused sequential element uut_if/pc_reg was removed.  [C:/Users/48946/Documents/GitHub/Computer-Organization-Project/CPU/CPU.srcs/sources_1/new/IFetch.v:21]
WARNING: [Synth 8-3331] design Decoder has unconnected port inst[14]
WARNING: [Synth 8-3331] design Decoder has unconnected port inst[13]
WARNING: [Synth 8-3331] design Decoder has unconnected port inst[12]
WARNING: [Synth 8-3332] Sequential element (uut_if/pc_reg[16]) is unused and will be removed from module top_module.
WARNING: [Synth 8-3332] Sequential element (uut_if/pc_reg[17]) is unused and will be removed from module top_module.
WARNING: [Synth 8-3332] Sequential element (uut_if/pc_reg[18]) is unused and will be removed from module top_module.
WARNING: [Synth 8-3332] Sequential element (uut_if/pc_reg[19]) is unused and will be removed from module top_module.
WARNING: [Synth 8-3332] Sequential element (uut_if/pc_reg[20]) is unused and will be removed from module top_module.
WARNING: [Synth 8-3332] Sequential element (uut_if/pc_reg[21]) is unused and will be removed from module top_module.
WARNING: [Synth 8-3332] Sequential element (uut_if/pc_reg[22]) is unused and will be removed from module top_module.
WARNING: [Synth 8-3332] Sequential element (uut_if/pc_reg[23]) is unused and will be removed from module top_module.
WARNING: [Synth 8-3332] Sequential element (uut_if/pc_reg[24]) is unused and will be removed from module top_module.
WARNING: [Synth 8-3332] Sequential element (uut_if/pc_reg[25]) is unused and will be removed from module top_module.
WARNING: [Synth 8-3332] Sequential element (uut_if/pc_reg[26]) is unused and will be removed from module top_module.
WARNING: [Synth 8-3332] Sequential element (uut_if/pc_reg[27]) is unused and will be removed from module top_module.
WARNING: [Synth 8-3332] Sequential element (uut_if/pc_reg[28]) is unused and will be removed from module top_module.
WARNING: [Synth 8-3332] Sequential element (uut_if/pc_reg[29]) is unused and will be removed from module top_module.
WARNING: [Synth 8-3332] Sequential element (uut_if/pc_reg[30]) is unused and will be removed from module top_module.
WARNING: [Synth 8-3332] Sequential element (uut_if/pc_reg[31]) is unused and will be removed from module top_module.
---------------------------------------------------------------------------------
Finished Cross Boundary and Area Optimization : Time (s): cpu = 00:00:52 ; elapsed = 00:00:54 . Memory (MB): peak = 718.805 ; gain = 477.719
---------------------------------------------------------------------------------

Report RTL Partitions: 
+-+--------------+------------+----------+
| |RTL Partition |Replication |Instances |
+-+--------------+------------+----------+
+-+--------------+------------+----------+
---------------------------------------------------------------------------------
Start Applying XDC Timing Constraints
---------------------------------------------------------------------------------
---------------------------------------------------------------------------------
Finished Applying XDC Timing Constraints : Time (s): cpu = 00:00:58 ; elapsed = 00:01:00 . Memory (MB): peak = 735.758 ; gain = 494.672
---------------------------------------------------------------------------------
---------------------------------------------------------------------------------
Start Timing Optimization
---------------------------------------------------------------------------------
---------------------------------------------------------------------------------
Finished Timing Optimization : Time (s): cpu = 00:00:58 ; elapsed = 00:01:00 . Memory (MB): peak = 735.906 ; gain = 494.820
---------------------------------------------------------------------------------

Report RTL Partitions: 
+-+--------------+------------+----------+
| |RTL Partition |Replication |Instances |
+-+--------------+------------+----------+
+-+--------------+------------+----------+
---------------------------------------------------------------------------------
Start Technology Mapping
---------------------------------------------------------------------------------
WARNING: [Synth 8-3332] Sequential element (uut_decoder/regs_reg[0][31]) is unused and will be removed from module top_module.
WARNING: [Synth 8-3332] Sequential element (uut_decoder/regs_reg[0][30]) is unused and will be removed from module top_module.
WARNING: [Synth 8-3332] Sequential element (uut_decoder/regs_reg[0][29]) is unused and will be removed from module top_module.
WARNING: [Synth 8-3332] Sequential element (uut_decoder/regs_reg[0][28]) is unused and will be removed from module top_module.
WARNING: [Synth 8-3332] Sequential element (uut_decoder/regs_reg[0][27]) is unused and will be removed from module top_module.
WARNING: [Synth 8-3332] Sequential element (uut_decoder/regs_reg[0][26]) is unused and will be removed from module top_module.
WARNING: [Synth 8-3332] Sequential element (uut_decoder/regs_reg[0][25]) is unused and will be removed from module top_module.
WARNING: [Synth 8-3332] Sequential element (uut_decoder/regs_reg[0][24]) is unused and will be removed from module top_module.
WARNING: [Synth 8-3332] Sequential element (uut_decoder/regs_reg[0][23]) is unused and will be removed from module top_module.
WARNING: [Synth 8-3332] Sequential element (uut_decoder/regs_reg[0][22]) is unused and will be removed from module top_module.
WARNING: [Synth 8-3332] Sequential element (uut_decoder/regs_reg[0][21]) is unused and will be removed from module top_module.
WARNING: [Synth 8-3332] Sequential element (uut_decoder/regs_reg[0][20]) is unused and will be removed from module top_module.
WARNING: [Synth 8-3332] Sequential element (uut_decoder/regs_reg[0][19]) is unused and will be removed from module top_module.
WARNING: [Synth 8-3332] Sequential element (uut_decoder/regs_reg[0][18]) is unused and will be removed from module top_module.
WARNING: [Synth 8-3332] Sequential element (uut_decoder/regs_reg[0][17]) is unused and will be removed from module top_module.
WARNING: [Synth 8-3332] Sequential element (uut_decoder/regs_reg[0][16]) is unused and will be removed from module top_module.
WARNING: [Synth 8-3332] Sequential element (uut_decoder/regs_reg[0][15]) is unused and will be removed from module top_module.
WARNING: [Synth 8-3332] Sequential element (uut_decoder/regs_reg[0][14]) is unused and will be removed from module top_module.
WARNING: [Synth 8-3332] Sequential element (uut_decoder/regs_reg[0][13]) is unused and will be removed from module top_module.
WARNING: [Synth 8-3332] Sequential element (uut_decoder/regs_reg[0][12]) is unused and will be removed from module top_module.
WARNING: [Synth 8-3332] Sequential element (uut_decoder/regs_reg[0][11]) is unused and will be removed from module top_module.
WARNING: [Synth 8-3332] Sequential element (uut_decoder/regs_reg[0][10]) is unused and will be removed from module top_module.
WARNING: [Synth 8-3332] Sequential element (uut_decoder/regs_reg[0][9]) is unused and will be removed from module top_module.
WARNING: [Synth 8-3332] Sequential element (uut_decoder/regs_reg[0][8]) is unused and will be removed from module top_module.
WARNING: [Synth 8-3332] Sequential element (uut_decoder/regs_reg[0][7]) is unused and will be removed from module top_module.
WARNING: [Synth 8-3332] Sequential element (uut_decoder/regs_reg[0][6]) is unused and will be removed from module top_module.
WARNING: [Synth 8-3332] Sequential element (uut_decoder/regs_reg[0][5]) is unused and will be removed from module top_module.
WARNING: [Synth 8-3332] Sequential element (uut_decoder/regs_reg[0][4]) is unused and will be removed from module top_module.
WARNING: [Synth 8-3332] Sequential element (uut_decoder/regs_reg[0][3]) is unused and will be removed from module top_module.
WARNING: [Synth 8-3332] Sequential element (uut_decoder/regs_reg[0][2]) is unused and will be removed from module top_module.
WARNING: [Synth 8-3332] Sequential element (uut_decoder/regs_reg[0][1]) is unused and will be removed from module top_module.
WARNING: [Synth 8-3332] Sequential element (uut_decoder/regs_reg[0][0]) is unused and will be removed from module top_module.
WARNING: [Synth 8-3332] Sequential element (uut_decoder/regs_reg[1][31]) is unused and will be removed from module top_module.
WARNING: [Synth 8-3332] Sequential element (uut_decoder/regs_reg[1][30]) is unused and will be removed from module top_module.
WARNING: [Synth 8-3332] Sequential element (uut_decoder/regs_reg[1][29]) is unused and will be removed from module top_module.
WARNING: [Synth 8-3332] Sequential element (uut_decoder/regs_reg[1][28]) is unused and will be removed from module top_module.
WARNING: [Synth 8-3332] Sequential element (uut_decoder/regs_reg[1][27]) is unused and will be removed from module top_module.
WARNING: [Synth 8-3332] Sequential element (uut_decoder/regs_reg[1][26]) is unused and will be removed from module top_module.
WARNING: [Synth 8-3332] Sequential element (uut_decoder/regs_reg[1][25]) is unused and will be removed from module top_module.
WARNING: [Synth 8-3332] Sequential element (uut_decoder/regs_reg[1][24]) is unused and will be removed from module top_module.
WARNING: [Synth 8-3332] Sequential element (uut_decoder/regs_reg[1][23]) is unused and will be removed from module top_module.
WARNING: [Synth 8-3332] Sequential element (uut_decoder/regs_reg[1][22]) is unused and will be removed from module top_module.
WARNING: [Synth 8-3332] Sequential element (uut_decoder/regs_reg[1][21]) is unused and will be removed from module top_module.
WARNING: [Synth 8-3332] Sequential element (uut_decoder/regs_reg[1][20]) is unused and will be removed from module top_module.
WARNING: [Synth 8-3332] Sequential element (uut_decoder/regs_reg[1][19]) is unused and will be removed from module top_module.
WARNING: [Synth 8-3332] Sequential element (uut_decoder/regs_reg[1][18]) is unused and will be removed from module top_module.
WARNING: [Synth 8-3332] Sequential element (uut_decoder/regs_reg[1][17]) is unused and will be removed from module top_module.
WARNING: [Synth 8-3332] Sequential element (uut_decoder/regs_reg[1][16]) is unused and will be removed from module top_module.
WARNING: [Synth 8-3332] Sequential element (uut_decoder/regs_reg[1][15]) is unused and will be removed from module top_module.
WARNING: [Synth 8-3332] Sequential element (uut_decoder/regs_reg[1][14]) is unused and will be removed from module top_module.
WARNING: [Synth 8-3332] Sequential element (uut_decoder/regs_reg[1][13]) is unused and will be removed from module top_module.
WARNING: [Synth 8-3332] Sequential element (uut_decoder/regs_reg[1][12]) is unused and will be removed from module top_module.
WARNING: [Synth 8-3332] Sequential element (uut_decoder/regs_reg[1][11]) is unused and will be removed from module top_module.
WARNING: [Synth 8-3332] Sequential element (uut_decoder/regs_reg[1][10]) is unused and will be removed from module top_module.
WARNING: [Synth 8-3332] Sequential element (uut_decoder/regs_reg[1][9]) is unused and will be removed from module top_module.
WARNING: [Synth 8-3332] Sequential element (uut_decoder/regs_reg[1][8]) is unused and will be removed from module top_module.
WARNING: [Synth 8-3332] Sequential element (uut_decoder/regs_reg[1][7]) is unused and will be removed from module top_module.
WARNING: [Synth 8-3332] Sequential element (uut_decoder/regs_reg[1][6]) is unused and will be removed from module top_module.
WARNING: [Synth 8-3332] Sequential element (uut_decoder/regs_reg[1][5]) is unused and will be removed from module top_module.
WARNING: [Synth 8-3332] Sequential element (uut_decoder/regs_reg[1][4]) is unused and will be removed from module top_module.
WARNING: [Synth 8-3332] Sequential element (uut_decoder/regs_reg[1][3]) is unused and will be removed from module top_module.
WARNING: [Synth 8-3332] Sequential element (uut_decoder/regs_reg[1][2]) is unused and will be removed from module top_module.
WARNING: [Synth 8-3332] Sequential element (uut_decoder/regs_reg[1][1]) is unused and will be removed from module top_module.
WARNING: [Synth 8-3332] Sequential element (uut_decoder/regs_reg[1][0]) is unused and will be removed from module top_module.
WARNING: [Synth 8-3332] Sequential element (uut_decoder/regs_reg[2][31]) is unused and will be removed from module top_module.
WARNING: [Synth 8-3332] Sequential element (uut_decoder/regs_reg[2][30]) is unused and will be removed from module top_module.
WARNING: [Synth 8-3332] Sequential element (uut_decoder/regs_reg[2][29]) is unused and will be removed from module top_module.
WARNING: [Synth 8-3332] Sequential element (uut_decoder/regs_reg[2][28]) is unused and will be removed from module top_module.
WARNING: [Synth 8-3332] Sequential element (uut_decoder/regs_reg[2][27]) is unused and will be removed from module top_module.
WARNING: [Synth 8-3332] Sequential element (uut_decoder/regs_reg[2][26]) is unused and will be removed from module top_module.
WARNING: [Synth 8-3332] Sequential element (uut_decoder/regs_reg[2][25]) is unused and will be removed from module top_module.
WARNING: [Synth 8-3332] Sequential element (uut_decoder/regs_reg[2][24]) is unused and will be removed from module top_module.
WARNING: [Synth 8-3332] Sequential element (uut_decoder/regs_reg[2][23]) is unused and will be removed from module top_module.
WARNING: [Synth 8-3332] Sequential element (uut_decoder/regs_reg[2][22]) is unused and will be removed from module top_module.
WARNING: [Synth 8-3332] Sequential element (uut_decoder/regs_reg[2][21]) is unused and will be removed from module top_module.
WARNING: [Synth 8-3332] Sequential element (uut_decoder/regs_reg[2][20]) is unused and will be removed from module top_module.
WARNING: [Synth 8-3332] Sequential element (uut_decoder/regs_reg[2][19]) is unused and will be removed from module top_module.
WARNING: [Synth 8-3332] Sequential element (uut_decoder/regs_reg[2][18]) is unused and will be removed from module top_module.
WARNING: [Synth 8-3332] Sequential element (uut_decoder/regs_reg[2][17]) is unused and will be removed from module top_module.
WARNING: [Synth 8-3332] Sequential element (uut_decoder/regs_reg[2][16]) is unused and will be removed from module top_module.
WARNING: [Synth 8-3332] Sequential element (uut_decoder/regs_reg[2][15]) is unused and will be removed from module top_module.
WARNING: [Synth 8-3332] Sequential element (uut_decoder/regs_reg[2][14]) is unused and will be removed from module top_module.
WARNING: [Synth 8-3332] Sequential element (uut_decoder/regs_reg[2][13]) is unused and will be removed from module top_module.
WARNING: [Synth 8-3332] Sequential element (uut_decoder/regs_reg[2][12]) is unused and will be removed from module top_module.
INFO: [Common 17-14] Message 'Synth 8-3332' appears 100 times and further instances of the messages will be disabled. Use the Tcl command set_msg_config to change the current settings.
---------------------------------------------------------------------------------
Finished Technology Mapping : Time (s): cpu = 00:00:58 ; elapsed = 00:01:00 . Memory (MB): peak = 758.605 ; gain = 517.520
---------------------------------------------------------------------------------

Report RTL Partitions: 
+-+--------------+------------+----------+
| |RTL Partition |Replication |Instances |
+-+--------------+------------+----------+
+-+--------------+------------+----------+
---------------------------------------------------------------------------------
Start IO Insertion
---------------------------------------------------------------------------------
---------------------------------------------------------------------------------
Start Flattening Before IO Insertion
---------------------------------------------------------------------------------
---------------------------------------------------------------------------------
Finished Flattening Before IO Insertion
---------------------------------------------------------------------------------
---------------------------------------------------------------------------------
Start Final Netlist Cleanup
---------------------------------------------------------------------------------
---------------------------------------------------------------------------------
Finished Final Netlist Cleanup
---------------------------------------------------------------------------------
---------------------------------------------------------------------------------
Finished IO Insertion : Time (s): cpu = 00:00:59 ; elapsed = 00:01:01 . Memory (MB): peak = 758.605 ; gain = 517.520
---------------------------------------------------------------------------------

Report Check Netlist: 
+------+------------------+-------+---------+-------+------------------+
|      |Item              |Errors |Warnings |Status |Description       |
+------+------------------+-------+---------+-------+------------------+
|1     |multi_driven_nets |      0|        0|Passed |Multi driven nets |
+------+------------------+-------+---------+-------+------------------+
---------------------------------------------------------------------------------
Start Renaming Generated Instances
---------------------------------------------------------------------------------
---------------------------------------------------------------------------------
Finished Renaming Generated Instances : Time (s): cpu = 00:00:59 ; elapsed = 00:01:01 . Memory (MB): peak = 758.605 ; gain = 517.520
---------------------------------------------------------------------------------

Report RTL Partitions: 
+-+--------------+------------+----------+
| |RTL Partition |Replication |Instances |
+-+--------------+------------+----------+
+-+--------------+------------+----------+
---------------------------------------------------------------------------------
Start Rebuilding User Hierarchy
---------------------------------------------------------------------------------
---------------------------------------------------------------------------------
Finished Rebuilding User Hierarchy : Time (s): cpu = 00:00:59 ; elapsed = 00:01:01 . Memory (MB): peak = 758.605 ; gain = 517.520
---------------------------------------------------------------------------------
---------------------------------------------------------------------------------
Start Renaming Generated Ports
---------------------------------------------------------------------------------
---------------------------------------------------------------------------------
Finished Renaming Generated Ports : Time (s): cpu = 00:00:59 ; elapsed = 00:01:01 . Memory (MB): peak = 758.605 ; gain = 517.520
---------------------------------------------------------------------------------
WARNING: [Synth 8-3295] tying undriven pin uut_dmem:clka to constant 0 [C:/Users/48946/Documents/GitHub/Computer-Organization-Project/CPU/CPU.srcs/sources_1/new/top_module.v:94]
WARNING: [Synth 8-3295] tying undriven pin uut_if:clka to constant 0 [C:/Users/48946/Documents/GitHub/Computer-Organization-Project/CPU/CPU.srcs/sources_1/new/top_module.v:48]
---------------------------------------------------------------------------------
Start Handling Custom Attributes
---------------------------------------------------------------------------------
---------------------------------------------------------------------------------
Finished Handling Custom Attributes : Time (s): cpu = 00:00:59 ; elapsed = 00:01:01 . Memory (MB): peak = 758.605 ; gain = 517.520
---------------------------------------------------------------------------------
---------------------------------------------------------------------------------
Start Renaming Generated Nets
---------------------------------------------------------------------------------
---------------------------------------------------------------------------------
Finished Renaming Generated Nets : Time (s): cpu = 00:00:59 ; elapsed = 00:01:01 . Memory (MB): peak = 758.605 ; gain = 517.520
---------------------------------------------------------------------------------
---------------------------------------------------------------------------------
Start Writing Synthesis Report
---------------------------------------------------------------------------------

Report BlackBoxes: 
+------+--------------+----------+
|      |BlackBox name |Instances |
+------+--------------+----------+
|1     |prgram        |         1|
|2     |prgrom        |         1|
+------+--------------+----------+

Report Cell Usage: 
+------+-------+------+
|      |Cell   |Count |
+------+-------+------+
|1     |prgram |     1|
|2     |prgrom |     1|
|3     |CARRY4 |     8|
|4     |LUT1   |     4|
|5     |LUT2   |     1|
|6     |LUT3   |     3|
|7     |LUT4   |     2|
|8     |LUT5   |     8|
|9     |LUT6   |    71|
+------+-------+------+

Report Instance Areas: 
+------+-----------+-------+------+
|      |Instance   |Module |Cells |
+------+-----------+-------+------+
|1     |top        |       |   161|
|2     |  uut_alu  |ALU    |     8|
|3     |  uut_dmem |DMem   |    32|
|4     |  uut_if   |IFetch |   121|
+------+-----------+-------+------+
---------------------------------------------------------------------------------
Finished Writing Synthesis Report : Time (s): cpu = 00:00:59 ; elapsed = 00:01:01 . Memory (MB): peak = 758.605 ; gain = 517.520
---------------------------------------------------------------------------------
Synthesis finished with 0 errors, 0 critical warnings and 1063 warnings.
Synthesis Optimization Runtime : Time (s): cpu = 00:00:49 ; elapsed = 00:00:56 . Memory (MB): peak = 758.605 ; gain = 191.734
Synthesis Optimization Complete : Time (s): cpu = 00:00:59 ; elapsed = 00:01:01 . Memory (MB): peak = 758.605 ; gain = 517.520
INFO: [Project 1-571] Translating synthesized netlist
INFO: [Netlist 29-17] Analyzing 8 Unisim elements for replacement
INFO: [Netlist 29-28] Unisim Transformation completed in 0 CPU seconds
INFO: [Project 1-570] Preparing netlist for logic optimization
INFO: [Opt 31-138] Pushed 0 inverter(s) to 0 load pin(s).
INFO: [Project 1-111] Unisim Transformation Summary:
No Unisim elements were transformed.

INFO: [Common 17-83] Releasing license: Synthesis
73 Infos, 167 Warnings, 0 Critical Warnings and 0 Errors encountered.
synth_design completed successfully
synth_design: Time (s): cpu = 00:01:00 ; elapsed = 00:01:04 . Memory (MB): peak = 758.605 ; gain = 529.039
INFO: [Common 17-1381] The checkpoint 'C:/Users/48946/Documents/GitHub/Computer-Organization-Project/CPU/CPU.runs/synth_1/top_module.dcp' has been generated.
INFO: [runtcl-4] Executing : report_utilization -file top_module_utilization_synth.rpt -pb top_module_utilization_synth.pb
report_utilization: Time (s): cpu = 00:00:00 ; elapsed = 00:00:00.017 . Memory (MB): peak = 758.605 ; gain = 0.000
INFO: [Common 17-206] Exiting Vivado at Thu May  1 14:22:26 2025...
