#-----------------------------------------------------------
# Vivado v2017.4 (64-bit)
# SW Build 2086221 on Fri Dec 15 20:55:39 MST 2017
# IP Build 2085800 on Fri Dec 15 22:25:07 MST 2017
# Start of session at: Wed May 14 20:04:50 2025
# Process ID: 5264
# Current directory: D:/GitHub/Computer-Organization-Project/pipelineCPU
# Command line: vivado.exe -gui_launcher_event rodinguilauncherevent7396 D:\GitHub\Computer-Organization-Project\pipelineCPU\pipelineCPU.xpr
# Log file: D:/GitHub/Computer-Organization-Project/pipelineCPU/vivado.log
# Journal file: D:/GitHub/Computer-Organization-Project/pipelineCPU\vivado.jou
#-----------------------------------------------------------
start_gui
open_project D:/GitHub/Computer-Organization-Project/pipelineCPU/pipelineCPU.xpr
INFO: [Project 1-313] Project file moved from 'C:/Users/48946/Documents/GitHub/Computer-Organization-Project/pipelineCPU' since last save.
Scanning sources...
Finished scanning sources
INFO: [IP_Flow 19-234] Refreshing IP repositories
INFO: [IP_Flow 19-1704] No user IP repositories specified
INFO: [IP_Flow 19-2313] Loaded Vivado IP repository 'D:/Xilinx/Vivado/2017.4/data/ip'.
update_compile_order -fileset sources_1
update_compile_order -fileset sources_1
update_compile_order -fileset sources_1
update_compile_order -fileset sources_1
update_compile_order -fileset sources_1
update_compile_order -fileset sources_1
update_compile_order -fileset sources_1
exit
INFO: [Common 17-206] Exiting Vivado at Wed May 14 23:15:06 2025...
