#-----------------------------------------------------------
# Vivado v2017.4 (64-bit)
# SW Build 2086221 on Fri Dec 15 20:55:39 MST 2017
# IP Build 2085800 on Fri Dec 15 22:25:07 MST 2017
# Start of session at: Fri May 16 21:48:26 2025
# Process ID: 2492
# Current directory: D:/GitHub/Computer-Organization-Project/pipelineCPU
# Command line: vivado.exe -gui_launcher_event rodinguilauncherevent4432 D:\GitHub\Computer-Organization-Project\pipelineCPU\pipelineCPU.xpr
# Log file: D:/GitHub/Computer-Organization-Project/pipelineCPU/vivado.log
# Journal file: D:/GitHub/Computer-Organization-Project/pipelineCPU\vivado.jou
#-----------------------------------------------------------
start_gui
open_project D:/GitHub/Computer-Organization-Project/pipelineCPU/pipelineCPU.xpr
INFO: [Project 1-313] Project file moved from 'C:/Users/48946/Documents/GitHub/Computer-Organization-Project/pipelineCPU' since last save.
Scanning sources...
Finished scanning sources
INFO: [IP_Flow 19-234] Refreshing IP repositories
INFO: [IP_Flow 19-1704] No user IP repositories specified
INFO: [IP_Flow 19-2313] Loaded Vivado IP repository 'D:/Xilinx/Vivado/2017.4/data/ip'.
update_compile_order -fileset sources_1
update_compile_order -fileset sources_1
update_compile_order -fileset sources_1
update_compile_order -fileset sources_1
generate_target Simulation [get_files D:/GitHub/Computer-Organization-Project/pipelineCPU/pipelineCPU.srcs/sources_1/ip/pgrom/pgrom.xci]
INFO: [IP_Flow 19-1686] Generating 'Simulation' target for IP 'pgrom'...
export_ip_user_files -of_objects [get_files D:/GitHub/Computer-Organization-Project/pipelineCPU/pipelineCPU.srcs/sources_1/ip/pgrom/pgrom.xci] -no_script -sync -force -quiet
export_simulation -of_objects [get_files D:/GitHub/Computer-Organization-Project/pipelineCPU/pipelineCPU.srcs/sources_1/ip/pgrom/pgrom.xci] -directory D:/GitHub/Computer-Organization-Project/pipelineCPU/pipelineCPU.ip_user_files/sim_scripts -ip_user_files_dir D:/GitHub/Computer-Organization-Project/pipelineCPU/pipelineCPU.ip_user_files -ipstatic_source_dir D:/GitHub/Computer-Organization-Project/pipelineCPU/pipelineCPU.ip_user_files/ipstatic -lib_map_path [list {modelsim=D:/GitHub/Computer-Organization-Project/pipelineCPU/pipelineCPU.cache/compile_simlib/modelsim} {questa=D:/GitHub/Computer-Organization-Project/pipelineCPU/pipelineCPU.cache/compile_simlib/questa} {riviera=D:/GitHub/Computer-Organization-Project/pipelineCPU/pipelineCPU.cache/compile_simlib/riviera} {activehdl=D:/GitHub/Computer-Organization-Project/pipelineCPU/pipelineCPU.cache/compile_simlib/activehdl}] -use_ip_compiled_libs -force -quiet
launch_simulation
INFO: [Vivado 12-5698] Checking validity of IPs in the design for the 'XSim' simulator...
INFO: [Vivado 12-5682] Launching behavioral simulation in 'D:/GitHub/Computer-Organization-Project/pipelineCPU/pipelineCPU.sim/sim_1/behav/xsim'
INFO: [Vivado 12-4795] Using compiled simulation libraries for IPs
INFO: [SIM-utils-51] Simulation object is 'sim_1'
INFO: [USF-XSim-7] Finding pre-compiled libraries...
INFO: [USF-XSim-11] File 'D:/Xilinx/Vivado/2017.4/data/xsim/ip/xsim_ip.ini' copied to run dir:'D:/GitHub/Computer-Organization-Project/pipelineCPU/pipelineCPU.sim/sim_1/behav/xsim'
INFO: [SIM-utils-54] Inspecting design source files for 'tb_pipeline' in fileset 'sim_1'...
INFO: [SIM-utils-43] Exported 'D:/GitHub/Computer-Organization-Project/pipelineCPU/pipelineCPU.sim/sim_1/behav/xsim/pgrom.mif'
INFO: [SIM-utils-43] Exported 'D:/GitHub/Computer-Organization-Project/pipelineCPU/pipelineCPU.sim/sim_1/behav/xsim/BaseTest1ROM.coe'
INFO: [SIM-utils-43] Exported 'D:/GitHub/Computer-Organization-Project/pipelineCPU/pipelineCPU.sim/sim_1/behav/xsim/test1ROM.coe'
INFO: [SIM-utils-43] Exported 'D:/GitHub/Computer-Organization-Project/pipelineCPU/pipelineCPU.sim/sim_1/behav/xsim/test9ROM.coe'
INFO: [SIM-utils-43] Exported 'D:/GitHub/Computer-Organization-Project/pipelineCPU/pipelineCPU.sim/sim_1/behav/xsim/test_jbc_1.coe'
INFO: [SIM-utils-43] Exported 'D:/GitHub/Computer-Organization-Project/pipelineCPU/pipelineCPU.sim/sim_1/behav/xsim/test_jbc_2.coe'
INFO: [USF-XSim-97] Finding global include files...
INFO: [USF-XSim-98] Fetching design files from 'sim_1'...
INFO: [USF-XSim-2] XSim::Compile design
INFO: [USF-XSim-61] Executing 'COMPILE and ANALYZE' step in 'D:/GitHub/Computer-Organization-Project/pipelineCPU/pipelineCPU.sim/sim_1/behav/xsim'
"xvlog --incr --relax -L xil_defaultlib -prj tb_pipeline_vlog.prj"
INFO: [VRFC 10-2263] Analyzing Verilog file "D:/GitHub/Computer-Organization-Project/pipelineCPU/pipelineCPU.srcs/sources_1/ip/pgram/sim/pgram.v" into library xil_defaultlib
INFO: [VRFC 10-311] analyzing module pgram
INFO: [VRFC 10-2263] Analyzing Verilog file "D:/GitHub/Computer-Organization-Project/pipelineCPU/pipelineCPU.srcs/sources_1/ip/pgrom/sim/pgrom.v" into library xil_defaultlib
INFO: [VRFC 10-311] analyzing module pgrom
INFO: [VRFC 10-2263] Analyzing Verilog file "D:/GitHub/Computer-Organization-Project/pipelineCPU/pipelineCPU.srcs/sources_1/new/ClockDivider.v" into library xil_defaultlib
INFO: [VRFC 10-311] analyzing module ClockDivider
INFO: [VRFC 10-2263] Analyzing Verilog file "D:/GitHub/Computer-Organization-Project/pipelineCPU/pipelineCPU.srcs/sources_1/new/EXE.v" into library xil_defaultlib
INFO: [VRFC 10-311] analyzing module EXE
INFO: [VRFC 10-2263] Analyzing Verilog file "D:/GitHub/Computer-Organization-Project/pipelineCPU/pipelineCPU.srcs/sources_1/new/HarzardDetection.v" into library xil_defaultlib
INFO: [VRFC 10-311] analyzing module HarzardDetection
INFO: [VRFC 10-2263] Analyzing Verilog file "D:/GitHub/Computer-Organization-Project/pipelineCPU/pipelineCPU.srcs/sources_1/new/IF.v" into library xil_defaultlib
INFO: [VRFC 10-311] analyzing module IF
INFO: [VRFC 10-2263] Analyzing Verilog file "D:/GitHub/Computer-Organization-Project/pipelineCPU/pipelineCPU.srcs/sources_1/new/InputModule.v" into library xil_defaultlib
INFO: [VRFC 10-311] analyzing module InputModule
INFO: [VRFC 10-2263] Analyzing Verilog file "D:/GitHub/Computer-Organization-Project/pipelineCPU/pipelineCPU.srcs/sources_1/new/MEM.v" into library xil_defaultlib
INFO: [VRFC 10-311] analyzing module MEM
INFO: [VRFC 10-2263] Analyzing Verilog file "D:/GitHub/Computer-Organization-Project/pipelineCPU/pipelineCPU.srcs/sources_1/new/OutputModule.v" into library xil_defaultlib
INFO: [VRFC 10-311] analyzing module OutputModule
INFO: [VRFC 10-2263] Analyzing Verilog file "D:/GitHub/Computer-Organization-Project/pipelineCPU/pipelineCPU.srcs/sources_1/new/SegDisplay.v" into library xil_defaultlib
INFO: [VRFC 10-311] analyzing module SegDisplay
INFO: [VRFC 10-2263] Analyzing Verilog file "D:/GitHub/Computer-Organization-Project/pipelineCPU/pipelineCPU.srcs/sources_1/new/SegGenerator.v" into library xil_defaultlib
INFO: [VRFC 10-311] analyzing module SegGenerator
INFO: [VRFC 10-2263] Analyzing SystemVerilog file "D:/GitHub/Computer-Organization-Project/pipelineCPU/pipelineCPU.srcs/sources_1/new/ID.v" into library xil_defaultlib
INFO: [VRFC 10-311] analyzing module ID
INFO: [VRFC 10-2263] Analyzing SystemVerilog file "D:/GitHub/Computer-Organization-Project/pipelineCPU/pipelineCPU.srcs/sources_1/new/WB.v" into library xil_defaultlib
INFO: [VRFC 10-311] analyzing module WB
INFO: [VRFC 10-2263] Analyzing SystemVerilog file "D:/GitHub/Computer-Organization-Project/pipelineCPU/pipelineCPU.srcs/sources_1/new/top_module.v" into library xil_defaultlib
INFO: [VRFC 10-311] analyzing module top_module
INFO: [VRFC 10-2263] Analyzing Verilog file "D:/GitHub/Computer-Organization-Project/pipelineCPU/pipelineCPU.srcs/sim_1/new/tb_pipeline.v" into library xil_defaultlib
INFO: [VRFC 10-311] analyzing module tb_pipeline
INFO: [VRFC 10-2263] Analyzing Verilog file "D:/GitHub/Computer-Organization-Project/pipelineCPU/pipelineCPU.sim/sim_1/behav/xsim/glbl.v" into library xil_defaultlib
INFO: [VRFC 10-311] analyzing module glbl
INFO: [USF-XSim-69] 'compile' step finished in '1' seconds
INFO: [USF-XSim-3] XSim::Elaborate design
INFO: [USF-XSim-61] Executing 'ELABORATE' step in 'D:/GitHub/Computer-Organization-Project/pipelineCPU/pipelineCPU.sim/sim_1/behav/xsim'
Vivado Simulator 2017.4
Copyright 1986-1999, 2001-2016 Xilinx, Inc. All Rights Reserved.
Running: D:/Xilinx/Vivado/2017.4/bin/unwrapped/win64.o/xelab.exe -wto 374ad2d08ccb4635b2dbbca0a3224143 --incr --debug typical --relax --mt 2 -L blk_mem_gen_v8_4_1 -L xil_defaultlib -L unisims_ver -L unimacro_ver -L secureip -L xpm --snapshot tb_pipeline_behav xil_defaultlib.tb_pipeline xil_defaultlib.glbl -log elaborate.log 
Using 2 slave threads.
Starting static elaboration
WARNING: [VRFC 10-1783] select index 62 into current_contents is out of bounds [/wrk/2017.4/nightly/2017_12_15_2086221/packages/customer/vivado/data/ip/xilinx/blk_mem_gen_v8_4/simulation/blk_mem_gen_v8_4.v:2420]
Completed static elaboration
Starting simulation data flow analysis
WARNING: [XSIM 43-4100] "D:/GitHub/Computer-Organization-Project/pipelineCPU/pipelineCPU.srcs/sources_1/new/top_module.v" Line 2. Module top_module has a timescale but at least one module in design doesn't have timescale.
WARNING: [XSIM 43-4100] "D:/GitHub/Computer-Organization-Project/pipelineCPU/pipelineCPU.srcs/sources_1/new/ClockDivider.v" Line 1. Module ClockDivider has a timescale but at least one module in design doesn't have timescale.
WARNING: [XSIM 43-4100] "D:/GitHub/Computer-Organization-Project/pipelineCPU/pipelineCPU.srcs/sources_1/new/ClockDivider.v" Line 1. Module ClockDivider has a timescale but at least one module in design doesn't have timescale.
WARNING: [XSIM 43-4100] "D:/GitHub/Computer-Organization-Project/pipelineCPU/pipelineCPU.srcs/sources_1/new/HarzardDetection.v" Line 3. Module HarzardDetection has a timescale but at least one module in design doesn't have timescale.
WARNING: [XSIM 43-4100] "D:/GitHub/Computer-Organization-Project/pipelineCPU/pipelineCPU.srcs/sources_1/new/IF.v" Line 23. Module IF has a timescale but at least one module in design doesn't have timescale.
WARNING: [XSIM 43-4100] "D:/GitHub/Computer-Organization-Project/pipelineCPU/pipelineCPU.srcs/sources_1/ip/pgrom/sim/pgrom.v" Line 55. Module pgrom has a timescale but at least one module in design doesn't have timescale.
WARNING: [XSIM 43-4100] "/wrk/2017.4/nightly/2017_12_15_2086221/packages/customer/vivado/data/ip/xilinx/blk_mem_gen_v8_4/simulation/blk_mem_gen_v8_4.v" Line 3412. Module blk_mem_gen_v8_4_1(C_FAMILY="artix7",C_XDEVICEFAMILY="artix7",C_ELABORATION_DIR="./",C_AXI_TYPE=1,C_MEM_TYPE=3,C_PRIM_TYPE=1,C_LOAD_INIT_FILE=1,C_INIT_FILE_NAME="pgrom.mif",C_INIT_FILE="pgrom.mem",C_HAS_ENA=0,C_WRITE_DEPTH_A=16384,C_READ_DEPTH_A=16384,C_ADDRA_WIDTH=14,C_INITB_VAL="0",C_HAS_ENB=0,C_WRITE_DEPTH_B=16384,C_READ_DEPTH_B=16384,C_ADDRB_WIDTH=14,C_SIM_COLLISION_CHECK="ALL",C_COMMON_CLK=0,C_COUNT_36K_BRAM="14",C_COUNT_18K_BRAM="1",C_EST_POWER_SUMMARY="Estimated_Power_for_IP_____:_____12.7204_mW") has a timescale but at least one module in design doesn't have timescale.
WARNING: [XSIM 43-4100] "/wrk/2017.4/nightly/2017_12_15_2086221/packages/customer/vivado/data/ip/xilinx/blk_mem_gen_v8_4/simulation/blk_mem_gen_v8_4.v" Line 1951. Module blk_mem_gen_v8_4_1_mem_module(C_FAMILY="artix7",C_XDEVICEFAMILY="artix7",C_MEM_TYPE=3,C_PRIM_TYPE=1,C_LOAD_INIT_FILE=1,C_INIT_FILE_NAME="pgrom.mif",C_INIT_FILE="pgrom.mem",C_HAS_ENA=0,C_WRITE_DEPTH_A=16384,C_READ_DEPTH_A=16384,C_ADDRA_WIDTH=14,C_INITB_VAL="0",C_HAS_ENB=0,C_WRITE_DEPTH_B=16384,C_READ_DEPTH_B=16384,C_ADDRB_WIDTH=14,C_SIM_COLLISION_CHECK="ALL",C_COMMON_CLK=0) has a timescale but at least one module in design doesn't have timescale.
WARNING: [XSIM 43-4100] "/wrk/2017.4/nightly/2017_12_15_2086221/packages/customer/vivado/data/ip/xilinx/blk_mem_gen_v8_4/simulation/blk_mem_gen_v8_4.v" Line 1563. Module blk_mem_gen_v8_4_1_output_stage(C_FAMILY="artix7",C_XDEVICEFAMILY="artix7",C_ADDRB_WIDTH=14,NUM_STAGES=0) has a timescale but at least one module in design doesn't have timescale.
WARNING: [XSIM 43-4100] "/wrk/2017.4/nightly/2017_12_15_2086221/packages/customer/vivado/data/ip/xilinx/blk_mem_gen_v8_4/simulation/blk_mem_gen_v8_4.v" Line 1563. Module blk_mem_gen_v8_4_1_output_stage(C_FAMILY="artix7",C_XDEVICEFAMILY="artix7",C_ADDRB_WIDTH=14,NUM_STAGES=0) has a timescale but at least one module in design doesn't have timescale.
WARNING: [XSIM 43-4100] "/wrk/2017.4/nightly/2017_12_15_2086221/packages/customer/vivado/data/ip/xilinx/blk_mem_gen_v8_4/simulation/blk_mem_gen_v8_4.v" Line 1859. Module blk_mem_gen_v8_4_1_softecc_output_reg_stage(C_ADDRB_WIDTH=14) has a timescale but at least one module in design doesn't have timescale.
WARNING: [XSIM 43-4100] "D:/GitHub/Computer-Organization-Project/pipelineCPU/pipelineCPU.srcs/sources_1/new/ID.v" Line 23. Module ID has a timescale but at least one module in design doesn't have timescale.
WARNING: [XSIM 43-4100] "D:/GitHub/Computer-Organization-Project/pipelineCPU/pipelineCPU.srcs/sources_1/new/EXE.v" Line 23. Module EXE has a timescale but at least one module in design doesn't have timescale.
WARNING: [XSIM 43-4100] "D:/GitHub/Computer-Organization-Project/pipelineCPU/pipelineCPU.srcs/sources_1/new/MEM.v" Line 23. Module MEM has a timescale but at least one module in design doesn't have timescale.
WARNING: [XSIM 43-4100] "D:/GitHub/Computer-Organization-Project/pipelineCPU/pipelineCPU.srcs/sources_1/ip/pgram/sim/pgram.v" Line 55. Module pgram has a timescale but at least one module in design doesn't have timescale.
WARNING: [XSIM 43-4100] "/wrk/2017.4/nightly/2017_12_15_2086221/packages/customer/vivado/data/ip/xilinx/blk_mem_gen_v8_4/simulation/blk_mem_gen_v8_4.v" Line 3412. Module blk_mem_gen_v8_4_1(C_FAMILY="artix7",C_XDEVICEFAMILY="artix7",C_ELABORATION_DIR="./",C_AXI_TYPE=1,C_MEM_TYPE=0,C_BYTE_SIZE=8,C_PRIM_TYPE=1,C_INIT_FILE_NAME="no_coe_file_loaded",C_INIT_FILE="pgram.mem",C_HAS_ENA=0,C_USE_BYTE_WEA=1,C_WEA_WIDTH=4,C_WRITE_DEPTH_A=16384,C_READ_DEPTH_A=16384,C_ADDRA_WIDTH=14,C_INITB_VAL="0",C_HAS_ENB=0,C_USE_BYTE_WEB=1,C_WEB_WIDTH=4,C_WRITE_DEPTH_B=16384,C_READ_DEPTH_B=16384,C_ADDRB_WIDTH=14,C_SIM_COLLISION_CHECK="ALL",C_COMMON_CLK=0,C_COUNT_36K_BRAM="16",C_COUNT_18K_BRAM="0",C_EST_POWER_SUMMARY="Estimated_Power_for_IP_____:_____10.194_mW") has a timescale but at least one module in design doesn't have timescale.
WARNING: [XSIM 43-4100] "/wrk/2017.4/nightly/2017_12_15_2086221/packages/customer/vivado/data/ip/xilinx/blk_mem_gen_v8_4/simulation/blk_mem_gen_v8_4.v" Line 1951. Module blk_mem_gen_v8_4_1_mem_module(C_FAMILY="artix7",C_XDEVICEFAMILY="artix7",C_MEM_TYPE=0,C_BYTE_SIZE=8,C_PRIM_TYPE=1,C_INIT_FILE_NAME="no_coe_file_loaded",C_INIT_FILE="pgram.mem",C_HAS_ENA=0,C_USE_BYTE_WEA=1,C_WEA_WIDTH=4,C_WRITE_DEPTH_A=16384,C_READ_DEPTH_A=16384,C_ADDRA_WIDTH=14,C_INITB_VAL="0",C_HAS_ENB=0,C_USE_BYTE_WEB=1,C_WEB_WIDTH=4,C_WRITE_DEPTH_B=16384,C_READ_DEPTH_B=16384,C_ADDRB_WIDTH=14,C_SIM_COLLISION_CHECK="ALL",C_COMMON_CLK=0) has a timescale but at least one module in design doesn't have timescale.
WARNING: [XSIM 43-4100] "/wrk/2017.4/nightly/2017_12_15_2086221/packages/customer/vivado/data/ip/xilinx/blk_mem_gen_v8_4/simulation/blk_mem_gen_v8_4.v" Line 1563. Module blk_mem_gen_v8_4_1_output_stage(C_FAMILY="artix7",C_XDEVICEFAMILY="artix7",C_ADDRB_WIDTH=14,NUM_STAGES=0) has a timescale but at least one module in design doesn't have timescale.
WARNING: [XSIM 43-4100] "/wrk/2017.4/nightly/2017_12_15_2086221/packages/customer/vivado/data/ip/xilinx/blk_mem_gen_v8_4/simulation/blk_mem_gen_v8_4.v" Line 1563. Module blk_mem_gen_v8_4_1_output_stage(C_FAMILY="artix7",C_XDEVICEFAMILY="artix7",C_ADDRB_WIDTH=14,NUM_STAGES=0) has a timescale but at least one module in design doesn't have timescale.
WARNING: [XSIM 43-4100] "/wrk/2017.4/nightly/2017_12_15_2086221/packages/customer/vivado/data/ip/xilinx/blk_mem_gen_v8_4/simulation/blk_mem_gen_v8_4.v" Line 1859. Module blk_mem_gen_v8_4_1_softecc_output_reg_stage(C_ADDRB_WIDTH=14) has a timescale but at least one module in design doesn't have timescale.
WARNING: [XSIM 43-4100] "D:/GitHub/Computer-Organization-Project/pipelineCPU/pipelineCPU.srcs/sources_1/new/WB.v" Line 1. Module WB has a timescale but at least one module in design doesn't have timescale.
WARNING: [XSIM 43-4100] "D:/GitHub/Computer-Organization-Project/pipelineCPU/pipelineCPU.srcs/sources_1/new/InputModule.v" Line 3. Module InputModule has a timescale but at least one module in design doesn't have timescale.
WARNING: [XSIM 43-4100] "D:/GitHub/Computer-Organization-Project/pipelineCPU/pipelineCPU.srcs/sources_1/new/OutputModule.v" Line 1. Module OutputModule has a timescale but at least one module in design doesn't have timescale.
WARNING: [XSIM 43-4100] "D:/GitHub/Computer-Organization-Project/pipelineCPU/pipelineCPU.srcs/sources_1/new/SegGenerator.v" Line 1. Module SegGenerator has a timescale but at least one module in design doesn't have timescale.
WARNING: [XSIM 43-4100] "D:/GitHub/Computer-Organization-Project/pipelineCPU/pipelineCPU.srcs/sources_1/new/ClockDivider.v" Line 1. Module ClockDivider has a timescale but at least one module in design doesn't have timescale.
WARNING: [XSIM 43-4100] "D:/GitHub/Computer-Organization-Project/pipelineCPU/pipelineCPU.srcs/sources_1/new/SegDisplay.v" Line 1. Module SegDisplay has a timescale but at least one module in design doesn't have timescale.
WARNING: [XSIM 43-4100] "D:/GitHub/Computer-Organization-Project/pipelineCPU/pipelineCPU.sim/sim_1/behav/xsim/glbl.v" Line 6. Module glbl has a timescale but at least one module in design doesn't have timescale.
Completed simulation data flow analysis
Time Resolution for simulation is 1ps
Compiling module xil_defaultlib.ClockDivider
Compiling module xil_defaultlib.HarzardDetection
Compiling module blk_mem_gen_v8_4_1.blk_mem_gen_v8_4_1_output_stage(...
Compiling module blk_mem_gen_v8_4_1.blk_mem_gen_v8_4_1_softecc_outpu...
Compiling module blk_mem_gen_v8_4_1.blk_mem_gen_v8_4_1_mem_module(C_...
Compiling module blk_mem_gen_v8_4_1.blk_mem_gen_v8_4_1(C_FAMILY="art...
Compiling module xil_defaultlib.pgrom
Compiling module xil_defaultlib.IF
Compiling module xil_defaultlib.ID
Compiling module xil_defaultlib.EXE
Compiling module blk_mem_gen_v8_4_1.blk_mem_gen_v8_4_1_mem_module(C_...
Compiling module blk_mem_gen_v8_4_1.blk_mem_gen_v8_4_1(C_FAMILY="art...
Compiling module xil_defaultlib.pgram
Compiling module xil_defaultlib.MEM
Compiling module xil_defaultlib.WB
Compiling module xil_defaultlib.InputModule
Compiling module xil_defaultlib.SegGenerator
Compiling module xil_defaultlib.SegDisplay
Compiling module xil_defaultlib.OutputModule
Compiling module xil_defaultlib.top_module
Compiling module xil_defaultlib.tb_pipeline
Compiling module xil_defaultlib.glbl
Built simulation snapshot tb_pipeline_behav
INFO: [USF-XSim-69] 'elaborate' step finished in '3' seconds
INFO: [USF-XSim-4] XSim::Simulate design
INFO: [USF-XSim-61] Executing 'SIMULATE' step in 'D:/GitHub/Computer-Organization-Project/pipelineCPU/pipelineCPU.sim/sim_1/behav/xsim'
INFO: [USF-XSim-98] *** Running xsim
   with args "tb_pipeline_behav -key {Behavioral:sim_1:Functional:tb_pipeline} -tclbatch {tb_pipeline.tcl} -view {D:/GitHub/Computer-Organization-Project/pipelineCPU/tb_pipeline_behav.wcfg} -log {simulate.log}"
INFO: [USF-XSim-8] Loading simulator feature
Vivado Simulator 2017.4
Time resolution is 1 ps
open_wave_config D:/GitHub/Computer-Organization-Project/pipelineCPU/tb_pipeline_behav.wcfg
source tb_pipeline.tcl
# set curr_wave [current_wave_config]
# if { [string length $curr_wave] == 0 } {
#   if { [llength [get_objects]] > 0} {
#     add_wave /
#     set_property needs_save false [current_wave_config]
#   } else {
#      send_msg_id Add_Wave-1 WARNING "No top level signals found. Simulator will start without a wave window. If you want to open a wave window go to 'File->New Waveform Configuration' or type 'create_wave_config' in the TCL console."
#   }
# }
# run 1000ns
 Block Memory Generator module loading initial data...
 Block Memory Generator data initialization complete.
Block Memory Generator module tb_pipeline.uut_tm.if_uut.urom.inst.native_mem_module.blk_mem_gen_v8_4_1_inst is using a behavioral model for simulation which will not precisely model memory collision behavior.
Block Memory Generator module tb_pipeline.uut_tm.mem_uut.udram.inst.native_mem_module.blk_mem_gen_v8_4_1_inst is using a behavioral model for simulation which will not precisely model memory collision behavior.
INFO: [USF-XSim-96] XSim completed. Design snapshot 'tb_pipeline_behav' loaded.
INFO: [USF-XSim-97] XSim simulation ran for 1000ns
launch_simulation: Time (s): cpu = 00:00:03 ; elapsed = 00:00:07 . Memory (MB): peak = 1023.594 ; gain = 82.707
close_sim
INFO: [Simtcl 6-16] Simulation closed
launch_simulation
INFO: [Vivado 12-5698] Checking validity of IPs in the design for the 'XSim' simulator...
INFO: [Vivado 12-5682] Launching behavioral simulation in 'D:/GitHub/Computer-Organization-Project/pipelineCPU/pipelineCPU.sim/sim_1/behav/xsim'
INFO: [Vivado 12-4795] Using compiled simulation libraries for IPs
INFO: [SIM-utils-51] Simulation object is 'sim_1'
INFO: [USF-XSim-7] Finding pre-compiled libraries...
INFO: [USF-XSim-11] File 'D:/Xilinx/Vivado/2017.4/data/xsim/ip/xsim_ip.ini' copied to run dir:'D:/GitHub/Computer-Organization-Project/pipelineCPU/pipelineCPU.sim/sim_1/behav/xsim'
INFO: [SIM-utils-54] Inspecting design source files for 'tb_pipeline' in fileset 'sim_1'...
INFO: [SIM-utils-43] Exported 'D:/GitHub/Computer-Organization-Project/pipelineCPU/pipelineCPU.sim/sim_1/behav/xsim/pgrom.mif'
INFO: [SIM-utils-43] Exported 'D:/GitHub/Computer-Organization-Project/pipelineCPU/pipelineCPU.sim/sim_1/behav/xsim/BaseTest1ROM.coe'
INFO: [SIM-utils-43] Exported 'D:/GitHub/Computer-Organization-Project/pipelineCPU/pipelineCPU.sim/sim_1/behav/xsim/test1ROM.coe'
INFO: [SIM-utils-43] Exported 'D:/GitHub/Computer-Organization-Project/pipelineCPU/pipelineCPU.sim/sim_1/behav/xsim/test9ROM.coe'
INFO: [SIM-utils-43] Exported 'D:/GitHub/Computer-Organization-Project/pipelineCPU/pipelineCPU.sim/sim_1/behav/xsim/test_jbc_1.coe'
INFO: [SIM-utils-43] Exported 'D:/GitHub/Computer-Organization-Project/pipelineCPU/pipelineCPU.sim/sim_1/behav/xsim/test_jbc_2.coe'
INFO: [USF-XSim-97] Finding global include files...
INFO: [USF-XSim-98] Fetching design files from 'sim_1'...
INFO: [USF-XSim-2] XSim::Compile design
INFO: [USF-XSim-61] Executing 'COMPILE and ANALYZE' step in 'D:/GitHub/Computer-Organization-Project/pipelineCPU/pipelineCPU.sim/sim_1/behav/xsim'
"xvlog --incr --relax -L xil_defaultlib -prj tb_pipeline_vlog.prj"
INFO: [VRFC 10-2263] Analyzing SystemVerilog file "D:/GitHub/Computer-Organization-Project/pipelineCPU/pipelineCPU.srcs/sources_1/new/ID.v" into library xil_defaultlib
INFO: [VRFC 10-311] analyzing module ID
INFO: [VRFC 10-2263] Analyzing SystemVerilog file "D:/GitHub/Computer-Organization-Project/pipelineCPU/pipelineCPU.srcs/sources_1/new/WB.v" into library xil_defaultlib
INFO: [VRFC 10-311] analyzing module WB
INFO: [VRFC 10-2263] Analyzing SystemVerilog file "D:/GitHub/Computer-Organization-Project/pipelineCPU/pipelineCPU.srcs/sources_1/new/top_module.v" into library xil_defaultlib
INFO: [VRFC 10-311] analyzing module top_module
INFO: [USF-XSim-69] 'compile' step finished in '1' seconds
INFO: [USF-XSim-3] XSim::Elaborate design
INFO: [USF-XSim-61] Executing 'ELABORATE' step in 'D:/GitHub/Computer-Organization-Project/pipelineCPU/pipelineCPU.sim/sim_1/behav/xsim'
Vivado Simulator 2017.4
Copyright 1986-1999, 2001-2016 Xilinx, Inc. All Rights Reserved.
Running: D:/Xilinx/Vivado/2017.4/bin/unwrapped/win64.o/xelab.exe -wto 374ad2d08ccb4635b2dbbca0a3224143 --incr --debug typical --relax --mt 2 -L blk_mem_gen_v8_4_1 -L xil_defaultlib -L unisims_ver -L unimacro_ver -L secureip -L xpm --snapshot tb_pipeline_behav xil_defaultlib.tb_pipeline xil_defaultlib.glbl -log elaborate.log 
Using 2 slave threads.
Starting static elaboration
WARNING: [VRFC 10-1783] select index 62 into current_contents is out of bounds [/wrk/2017.4/nightly/2017_12_15_2086221/packages/customer/vivado/data/ip/xilinx/blk_mem_gen_v8_4/simulation/blk_mem_gen_v8_4.v:2420]
Completed static elaboration
Starting simulation data flow analysis
WARNING: [XSIM 43-4100] "D:/GitHub/Computer-Organization-Project/pipelineCPU/pipelineCPU.srcs/sources_1/new/top_module.v" Line 2. Module top_module has a timescale but at least one module in design doesn't have timescale.
WARNING: [XSIM 43-4100] "D:/GitHub/Computer-Organization-Project/pipelineCPU/pipelineCPU.srcs/sources_1/new/ClockDivider.v" Line 1. Module ClockDivider has a timescale but at least one module in design doesn't have timescale.
WARNING: [XSIM 43-4100] "D:/GitHub/Computer-Organization-Project/pipelineCPU/pipelineCPU.srcs/sources_1/new/ClockDivider.v" Line 1. Module ClockDivider has a timescale but at least one module in design doesn't have timescale.
WARNING: [XSIM 43-4100] "D:/GitHub/Computer-Organization-Project/pipelineCPU/pipelineCPU.srcs/sources_1/new/HarzardDetection.v" Line 3. Module HarzardDetection has a timescale but at least one module in design doesn't have timescale.
WARNING: [XSIM 43-4100] "D:/GitHub/Computer-Organization-Project/pipelineCPU/pipelineCPU.srcs/sources_1/new/IF.v" Line 23. Module IF has a timescale but at least one module in design doesn't have timescale.
WARNING: [XSIM 43-4100] "D:/GitHub/Computer-Organization-Project/pipelineCPU/pipelineCPU.srcs/sources_1/ip/pgrom/sim/pgrom.v" Line 55. Module pgrom has a timescale but at least one module in design doesn't have timescale.
WARNING: [XSIM 43-4100] "/wrk/2017.4/nightly/2017_12_15_2086221/packages/customer/vivado/data/ip/xilinx/blk_mem_gen_v8_4/simulation/blk_mem_gen_v8_4.v" Line 3412. Module blk_mem_gen_v8_4_1(C_FAMILY="artix7",C_XDEVICEFAMILY="artix7",C_ELABORATION_DIR="./",C_AXI_TYPE=1,C_MEM_TYPE=3,C_PRIM_TYPE=1,C_LOAD_INIT_FILE=1,C_INIT_FILE_NAME="pgrom.mif",C_INIT_FILE="pgrom.mem",C_HAS_ENA=0,C_WRITE_DEPTH_A=16384,C_READ_DEPTH_A=16384,C_ADDRA_WIDTH=14,C_INITB_VAL="0",C_HAS_ENB=0,C_WRITE_DEPTH_B=16384,C_READ_DEPTH_B=16384,C_ADDRB_WIDTH=14,C_SIM_COLLISION_CHECK="ALL",C_COMMON_CLK=0,C_COUNT_36K_BRAM="14",C_COUNT_18K_BRAM="1",C_EST_POWER_SUMMARY="Estimated_Power_for_IP_____:_____12.7204_mW") has a timescale but at least one module in design doesn't have timescale.
WARNING: [XSIM 43-4100] "/wrk/2017.4/nightly/2017_12_15_2086221/packages/customer/vivado/data/ip/xilinx/blk_mem_gen_v8_4/simulation/blk_mem_gen_v8_4.v" Line 1951. Module blk_mem_gen_v8_4_1_mem_module(C_FAMILY="artix7",C_XDEVICEFAMILY="artix7",C_MEM_TYPE=3,C_PRIM_TYPE=1,C_LOAD_INIT_FILE=1,C_INIT_FILE_NAME="pgrom.mif",C_INIT_FILE="pgrom.mem",C_HAS_ENA=0,C_WRITE_DEPTH_A=16384,C_READ_DEPTH_A=16384,C_ADDRA_WIDTH=14,C_INITB_VAL="0",C_HAS_ENB=0,C_WRITE_DEPTH_B=16384,C_READ_DEPTH_B=16384,C_ADDRB_WIDTH=14,C_SIM_COLLISION_CHECK="ALL",C_COMMON_CLK=0) has a timescale but at least one module in design doesn't have timescale.
WARNING: [XSIM 43-4100] "/wrk/2017.4/nightly/2017_12_15_2086221/packages/customer/vivado/data/ip/xilinx/blk_mem_gen_v8_4/simulation/blk_mem_gen_v8_4.v" Line 1563. Module blk_mem_gen_v8_4_1_output_stage(C_FAMILY="artix7",C_XDEVICEFAMILY="artix7",C_ADDRB_WIDTH=14,NUM_STAGES=0) has a timescale but at least one module in design doesn't have timescale.
WARNING: [XSIM 43-4100] "/wrk/2017.4/nightly/2017_12_15_2086221/packages/customer/vivado/data/ip/xilinx/blk_mem_gen_v8_4/simulation/blk_mem_gen_v8_4.v" Line 1563. Module blk_mem_gen_v8_4_1_output_stage(C_FAMILY="artix7",C_XDEVICEFAMILY="artix7",C_ADDRB_WIDTH=14,NUM_STAGES=0) has a timescale but at least one module in design doesn't have timescale.
WARNING: [XSIM 43-4100] "/wrk/2017.4/nightly/2017_12_15_2086221/packages/customer/vivado/data/ip/xilinx/blk_mem_gen_v8_4/simulation/blk_mem_gen_v8_4.v" Line 1859. Module blk_mem_gen_v8_4_1_softecc_output_reg_stage(C_ADDRB_WIDTH=14) has a timescale but at least one module in design doesn't have timescale.
WARNING: [XSIM 43-4100] "D:/GitHub/Computer-Organization-Project/pipelineCPU/pipelineCPU.srcs/sources_1/new/ID.v" Line 23. Module ID has a timescale but at least one module in design doesn't have timescale.
WARNING: [XSIM 43-4100] "D:/GitHub/Computer-Organization-Project/pipelineCPU/pipelineCPU.srcs/sources_1/new/EXE.v" Line 23. Module EXE has a timescale but at least one module in design doesn't have timescale.
WARNING: [XSIM 43-4100] "D:/GitHub/Computer-Organization-Project/pipelineCPU/pipelineCPU.srcs/sources_1/new/MEM.v" Line 23. Module MEM has a timescale but at least one module in design doesn't have timescale.
WARNING: [XSIM 43-4100] "D:/GitHub/Computer-Organization-Project/pipelineCPU/pipelineCPU.srcs/sources_1/ip/pgram/sim/pgram.v" Line 55. Module pgram has a timescale but at least one module in design doesn't have timescale.
WARNING: [XSIM 43-4100] "/wrk/2017.4/nightly/2017_12_15_2086221/packages/customer/vivado/data/ip/xilinx/blk_mem_gen_v8_4/simulation/blk_mem_gen_v8_4.v" Line 3412. Module blk_mem_gen_v8_4_1(C_FAMILY="artix7",C_XDEVICEFAMILY="artix7",C_ELABORATION_DIR="./",C_AXI_TYPE=1,C_MEM_TYPE=0,C_BYTE_SIZE=8,C_PRIM_TYPE=1,C_INIT_FILE_NAME="no_coe_file_loaded",C_INIT_FILE="pgram.mem",C_HAS_ENA=0,C_USE_BYTE_WEA=1,C_WEA_WIDTH=4,C_WRITE_DEPTH_A=16384,C_READ_DEPTH_A=16384,C_ADDRA_WIDTH=14,C_INITB_VAL="0",C_HAS_ENB=0,C_USE_BYTE_WEB=1,C_WEB_WIDTH=4,C_WRITE_DEPTH_B=16384,C_READ_DEPTH_B=16384,C_ADDRB_WIDTH=14,C_SIM_COLLISION_CHECK="ALL",C_COMMON_CLK=0,C_COUNT_36K_BRAM="16",C_COUNT_18K_BRAM="0",C_EST_POWER_SUMMARY="Estimated_Power_for_IP_____:_____10.194_mW") has a timescale but at least one module in design doesn't have timescale.
WARNING: [XSIM 43-4100] "/wrk/2017.4/nightly/2017_12_15_2086221/packages/customer/vivado/data/ip/xilinx/blk_mem_gen_v8_4/simulation/blk_mem_gen_v8_4.v" Line 1951. Module blk_mem_gen_v8_4_1_mem_module(C_FAMILY="artix7",C_XDEVICEFAMILY="artix7",C_MEM_TYPE=0,C_BYTE_SIZE=8,C_PRIM_TYPE=1,C_INIT_FILE_NAME="no_coe_file_loaded",C_INIT_FILE="pgram.mem",C_HAS_ENA=0,C_USE_BYTE_WEA=1,C_WEA_WIDTH=4,C_WRITE_DEPTH_A=16384,C_READ_DEPTH_A=16384,C_ADDRA_WIDTH=14,C_INITB_VAL="0",C_HAS_ENB=0,C_USE_BYTE_WEB=1,C_WEB_WIDTH=4,C_WRITE_DEPTH_B=16384,C_READ_DEPTH_B=16384,C_ADDRB_WIDTH=14,C_SIM_COLLISION_CHECK="ALL",C_COMMON_CLK=0) has a timescale but at least one module in design doesn't have timescale.
WARNING: [XSIM 43-4100] "/wrk/2017.4/nightly/2017_12_15_2086221/packages/customer/vivado/data/ip/xilinx/blk_mem_gen_v8_4/simulation/blk_mem_gen_v8_4.v" Line 1563. Module blk_mem_gen_v8_4_1_output_stage(C_FAMILY="artix7",C_XDEVICEFAMILY="artix7",C_ADDRB_WIDTH=14,NUM_STAGES=0) has a timescale but at least one module in design doesn't have timescale.
WARNING: [XSIM 43-4100] "/wrk/2017.4/nightly/2017_12_15_2086221/packages/customer/vivado/data/ip/xilinx/blk_mem_gen_v8_4/simulation/blk_mem_gen_v8_4.v" Line 1563. Module blk_mem_gen_v8_4_1_output_stage(C_FAMILY="artix7",C_XDEVICEFAMILY="artix7",C_ADDRB_WIDTH=14,NUM_STAGES=0) has a timescale but at least one module in design doesn't have timescale.
WARNING: [XSIM 43-4100] "/wrk/2017.4/nightly/2017_12_15_2086221/packages/customer/vivado/data/ip/xilinx/blk_mem_gen_v8_4/simulation/blk_mem_gen_v8_4.v" Line 1859. Module blk_mem_gen_v8_4_1_softecc_output_reg_stage(C_ADDRB_WIDTH=14) has a timescale but at least one module in design doesn't have timescale.
WARNING: [XSIM 43-4100] "D:/GitHub/Computer-Organization-Project/pipelineCPU/pipelineCPU.srcs/sources_1/new/WB.v" Line 1. Module WB has a timescale but at least one module in design doesn't have timescale.
WARNING: [XSIM 43-4100] "D:/GitHub/Computer-Organization-Project/pipelineCPU/pipelineCPU.srcs/sources_1/new/InputModule.v" Line 3. Module InputModule has a timescale but at least one module in design doesn't have timescale.
WARNING: [XSIM 43-4100] "D:/GitHub/Computer-Organization-Project/pipelineCPU/pipelineCPU.srcs/sources_1/new/OutputModule.v" Line 1. Module OutputModule has a timescale but at least one module in design doesn't have timescale.
WARNING: [XSIM 43-4100] "D:/GitHub/Computer-Organization-Project/pipelineCPU/pipelineCPU.srcs/sources_1/new/SegGenerator.v" Line 1. Module SegGenerator has a timescale but at least one module in design doesn't have timescale.
WARNING: [XSIM 43-4100] "D:/GitHub/Computer-Organization-Project/pipelineCPU/pipelineCPU.srcs/sources_1/new/ClockDivider.v" Line 1. Module ClockDivider has a timescale but at least one module in design doesn't have timescale.
WARNING: [XSIM 43-4100] "D:/GitHub/Computer-Organization-Project/pipelineCPU/pipelineCPU.srcs/sources_1/new/SegDisplay.v" Line 1. Module SegDisplay has a timescale but at least one module in design doesn't have timescale.
WARNING: [XSIM 43-4100] "D:/GitHub/Computer-Organization-Project/pipelineCPU/pipelineCPU.sim/sim_1/behav/xsim/glbl.v" Line 6. Module glbl has a timescale but at least one module in design doesn't have timescale.
Completed simulation data flow analysis
Time Resolution for simulation is 1ps
Compiling module xil_defaultlib.ClockDivider
Compiling module xil_defaultlib.HarzardDetection
Compiling module blk_mem_gen_v8_4_1.blk_mem_gen_v8_4_1_output_stage(...
Compiling module blk_mem_gen_v8_4_1.blk_mem_gen_v8_4_1_softecc_outpu...
Compiling module blk_mem_gen_v8_4_1.blk_mem_gen_v8_4_1_mem_module(C_...
Compiling module blk_mem_gen_v8_4_1.blk_mem_gen_v8_4_1(C_FAMILY="art...
Compiling module xil_defaultlib.pgrom
Compiling module xil_defaultlib.IF
Compiling module xil_defaultlib.ID
Compiling module xil_defaultlib.EXE
Compiling module blk_mem_gen_v8_4_1.blk_mem_gen_v8_4_1_mem_module(C_...
Compiling module blk_mem_gen_v8_4_1.blk_mem_gen_v8_4_1(C_FAMILY="art...
Compiling module xil_defaultlib.pgram
Compiling module xil_defaultlib.MEM
Compiling module xil_defaultlib.WB
Compiling module xil_defaultlib.InputModule
Compiling module xil_defaultlib.SegGenerator
Compiling module xil_defaultlib.SegDisplay
Compiling module xil_defaultlib.OutputModule
Compiling module xil_defaultlib.top_module
Compiling module xil_defaultlib.tb_pipeline
Compiling module xil_defaultlib.glbl
Built simulation snapshot tb_pipeline_behav
INFO: [USF-XSim-69] 'elaborate' step finished in '4' seconds
INFO: [USF-XSim-4] XSim::Simulate design
INFO: [USF-XSim-61] Executing 'SIMULATE' step in 'D:/GitHub/Computer-Organization-Project/pipelineCPU/pipelineCPU.sim/sim_1/behav/xsim'
INFO: [USF-XSim-98] *** Running xsim
   with args "tb_pipeline_behav -key {Behavioral:sim_1:Functional:tb_pipeline} -tclbatch {tb_pipeline.tcl} -view {D:/GitHub/Computer-Organization-Project/pipelineCPU/tb_pipeline_behav.wcfg} -log {simulate.log}"
INFO: [USF-XSim-8] Loading simulator feature
Vivado Simulator 2017.4
Time resolution is 1 ps
open_wave_config D:/GitHub/Computer-Organization-Project/pipelineCPU/tb_pipeline_behav.wcfg
source tb_pipeline.tcl
# set curr_wave [current_wave_config]
# if { [string length $curr_wave] == 0 } {
#   if { [llength [get_objects]] > 0} {
#     add_wave /
#     set_property needs_save false [current_wave_config]
#   } else {
#      send_msg_id Add_Wave-1 WARNING "No top level signals found. Simulator will start without a wave window. If you want to open a wave window go to 'File->New Waveform Configuration' or type 'create_wave_config' in the TCL console."
#   }
# }
# run 1000ns
 Block Memory Generator module loading initial data...
 Block Memory Generator data initialization complete.
Block Memory Generator module tb_pipeline.uut_tm.if_uut.urom.inst.native_mem_module.blk_mem_gen_v8_4_1_inst is using a behavioral model for simulation which will not precisely model memory collision behavior.
Block Memory Generator module tb_pipeline.uut_tm.mem_uut.udram.inst.native_mem_module.blk_mem_gen_v8_4_1_inst is using a behavioral model for simulation which will not precisely model memory collision behavior.
INFO: [USF-XSim-96] XSim completed. Design snapshot 'tb_pipeline_behav' loaded.
INFO: [USF-XSim-97] XSim simulation ran for 1000ns
launch_simulation: Time (s): cpu = 00:00:04 ; elapsed = 00:00:07 . Memory (MB): peak = 1054.125 ; gain = 13.719
update_compile_order -fileset sources_1
update_compile_order -fileset sources_1
close_sim
INFO: [Simtcl 6-16] Simulation closed
exit
INFO: [Common 17-206] Exiting Vivado at Sat May 17 00:42:26 2025...
