#-----------------------------------------------------------
# Vivado v2017.4 (64-bit)
# SW Build 2086221 on Fri Dec 15 20:55:39 MST 2017
# IP Build 2085800 on Fri Dec 15 22:25:07 MST 2017
# Start of session at: Sat May 24 22:00:08 2025
# Process ID: 10428
# Current directory: D:/GitHub/pipelineCPU
# Command line: vivado.exe -gui_launcher_event rodinguilauncherevent16712 D:\GitHub\pipelineCPU\pipelineCPU.xpr
# Log file: D:/GitHub/pipelineCPU/vivado.log
# Journal file: D:/GitHub/pipelineCPU\vivado.jou
#-----------------------------------------------------------
start_gui
open_project D:/GitHub/pipelineCPU/pipelineCPU.xpr
Scanning sources...
Finished scanning sources
WARNING: [Project 1-509] GeneratedRun file for 'synth_1' not found
WARNING: [Project 1-509] GeneratedRun file for 'pgram_synth_1' not found
WARNING: [Project 1-509] GeneratedRun file for 'pgrom_synth_1' not found
WARNING: [Project 1-509] GeneratedRun file for 'cpuclk_synth_1' not found
WARNING: [Project 1-509] GeneratedRun file for 'impl_1' not found
WARNING: [filemgmt 56-3] IPUserFilesDir: Could not find the directory 'D:/GitHub/pipelineCPU/pipelineCPU.ip_user_files'.
INFO: [IP_Flow 19-234] Refreshing IP repositories
INFO: [IP_Flow 19-1704] No user IP repositories specified
INFO: [IP_Flow 19-2313] Loaded Vivado IP repository 'D:/Xilinx/Vivado/2017.4/data/ip'.
update_compile_order -fileset sources_1
launch_runs impl_1 -to_step write_bitstream -jobs 8
[Sat May 24 22:00:38 2025] Launched pgram_synth_1, pgrom_synth_1, cpuclk_synth_1, synth_1...
Run output will be captured here:
pgram_synth_1: D:/GitHub/pipelineCPU/pipelineCPU.runs/pgram_synth_1/runme.log
pgrom_synth_1: D:/GitHub/pipelineCPU/pipelineCPU.runs/pgrom_synth_1/runme.log
cpuclk_synth_1: D:/GitHub/pipelineCPU/pipelineCPU.runs/cpuclk_synth_1/runme.log
synth_1: D:/GitHub/pipelineCPU/pipelineCPU.runs/synth_1/runme.log
[Sat May 24 22:00:38 2025] Launched impl_1...
Run output will be captured here: D:/GitHub/pipelineCPU/pipelineCPU.runs/impl_1/runme.log
reset_run synth_1
launch_runs impl_1 -to_step write_bitstream -jobs 8
[Sat May 24 22:05:05 2025] Launched synth_1...
Run output will be captured here: D:/GitHub/pipelineCPU/pipelineCPU.runs/synth_1/runme.log
[Sat May 24 22:05:05 2025] Launched impl_1...
Run output will be captured here: D:/GitHub/pipelineCPU/pipelineCPU.runs/impl_1/runme.log
open_run impl_1
INFO: [Netlist 29-17] Analyzing 1524 Unisim elements for replacement
INFO: [Netlist 29-28] Unisim Transformation completed in 0 CPU seconds
INFO: [Project 1-479] Netlist was created with Vivado 2017.4
INFO: [Device 21-403] Loading part xc7a35tcsg324-1
INFO: [Project 1-570] Preparing netlist for logic optimization
WARNING: [Constraints 18-550] Could not create 'IBUF_LOW_PWR' constraint because net 'uut_clk/clk_in1' is not directly connected to top level port. 'IBUF_LOW_PWR' is ignored by Vivado but preserved for implementation tool. [D:/GitHub/pipelineCPU/pipelineCPU.runs/impl_1/.Xil/Vivado-14968-DESKTOP-TB8HVUN/dcp5/cpuclk.edf:276]
Parsing XDC File [D:/GitHub/pipelineCPU/.Xil/Vivado-10428-DESKTOP-TB8HVUN/dcp3/top_module_board.xdc]
Finished Parsing XDC File [D:/GitHub/pipelineCPU/.Xil/Vivado-10428-DESKTOP-TB8HVUN/dcp3/top_module_board.xdc]
Parsing XDC File [D:/GitHub/pipelineCPU/.Xil/Vivado-10428-DESKTOP-TB8HVUN/dcp3/top_module_early.xdc]
INFO: [Timing 38-35] Done setting XDC timing constraints. [D:/GitHub/pipelineCPU/pipelineCPU.srcs/sources_1/ip/cpuclk/cpuclk.xdc:57]
INFO: [Timing 38-2] Deriving generated clocks [D:/GitHub/pipelineCPU/pipelineCPU.srcs/sources_1/ip/cpuclk/cpuclk.xdc:57]
get_clocks: Time (s): cpu = 00:00:09 ; elapsed = 00:00:08 . Memory (MB): peak = 1786.859 ; gain = 567.020
Finished Parsing XDC File [D:/GitHub/pipelineCPU/.Xil/Vivado-10428-DESKTOP-TB8HVUN/dcp3/top_module_early.xdc]
Parsing XDC File [D:/GitHub/pipelineCPU/.Xil/Vivado-10428-DESKTOP-TB8HVUN/dcp3/top_module.xdc]
Finished Parsing XDC File [D:/GitHub/pipelineCPU/.Xil/Vivado-10428-DESKTOP-TB8HVUN/dcp3/top_module.xdc]
Reading XDEF placement.
Reading placer database...
Reading XDEF routing.
Read XDEF File: Time (s): cpu = 00:00:01 ; elapsed = 00:00:00.943 . Memory (MB): peak = 1807.266 ; gain = 20.406
Restored from archive | CPU: 1.000000 secs | Memory: 0.000000 MB |
Finished XDEF File Restore: Time (s): cpu = 00:00:01 ; elapsed = 00:00:00.944 . Memory (MB): peak = 1807.266 ; gain = 20.406
INFO: [Project 1-111] Unisim Transformation Summary:
No Unisim elements were transformed.

open_run: Time (s): cpu = 00:00:22 ; elapsed = 00:00:18 . Memory (MB): peak = 1891.555 ; gain = 1017.586
CRITICAL WARNING: [Timing 38-282] The design failed to meet the timing requirements. Please see the timing summary report for details on the timing violations.
open_hw
connect_hw_server
INFO: [Labtools 27-2285] Connecting to hw_server url TCP:localhost:3121
INFO: [Labtools 27-2222] Launching hw_server...
INFO: [Labtools 27-2221] Launch Output:

****** Xilinx hw_server v2017.4
  **** Build date : Dec 15 2017-21:08:27
    ** Copyright 1986-2017 Xilinx, Inc. All Rights Reserved.


open_hw_target
INFO: [Labtoolstcl 44-466] Opening hw_target localhost:3121/xilinx_tcf/Xilinx/1234-tulA
set_property PROGRAM.FILE {D:/GitHub/pipelineCPU/pipelineCPU.runs/impl_1/top_module.bit} [get_hw_devices xc7a35t_0]
current_hw_device [get_hw_devices xc7a35t_0]
refresh_hw_device -update_hw_probes false [lindex [get_hw_devices xc7a35t_0] 0]
INFO: [Labtools 27-1434] Device xc7a35t (JTAG device index = 0) is programmed with a design that has no supported debug core(s) in it.
WARNING: [Labtools 27-3361] The debug hub core was not detected.
Resolution: 
1. Make sure the clock connected to the debug hub (dbg_hub) core is a free running clock and is active.
2. Make sure the BSCAN_SWITCH_USER_MASK device property in Vivado Hardware Manager reflects the user scan chain setting in the design and refresh the device.  To determine the user scan chain setting in the design, open the implemented design and use 'get_property C_USER_SCAN_CHAIN [get_debug_cores dbg_hub]'.
For more details on setting the scan chain property, consult the Vivado Debug and Programming User Guide (UG908).
set_property PROBES.FILE {} [get_hw_devices xc7a35t_0]
set_property FULL_PROBES.FILE {} [get_hw_devices xc7a35t_0]
set_property PROGRAM.FILE {D:/GitHub/pipelineCPU/pipelineCPU.runs/impl_1/top_module.bit} [get_hw_devices xc7a35t_0]
program_hw_devices [get_hw_devices xc7a35t_0]
INFO: [Labtools 27-3164] End of startup status: HIGH
refresh_hw_device [lindex [get_hw_devices xc7a35t_0] 0]
INFO: [Labtools 27-1434] Device xc7a35t (JTAG device index = 0) is programmed with a design that has no supported debug core(s) in it.
WARNING: [Labtools 27-3361] The debug hub core was not detected.
Resolution: 
1. Make sure the clock connected to the debug hub (dbg_hub) core is a free running clock and is active.
2. Make sure the BSCAN_SWITCH_USER_MASK device property in Vivado Hardware Manager reflects the user scan chain setting in the design and refresh the device.  To determine the user scan chain setting in the design, open the implemented design and use 'get_property C_USER_SCAN_CHAIN [get_debug_cores dbg_hub]'.
For more details on setting the scan chain property, consult the Vivado Debug and Programming User Guide (UG908).
reset_run synth_1
launch_runs impl_1 -to_step write_bitstream -jobs 8
[Sat May 24 22:22:11 2025] Launched synth_1...
Run output will be captured here: D:/GitHub/pipelineCPU/pipelineCPU.runs/synth_1/runme.log
[Sat May 24 22:22:11 2025] Launched impl_1...
Run output will be captured here: D:/GitHub/pipelineCPU/pipelineCPU.runs/impl_1/runme.log
set_property PROBES.FILE {} [get_hw_devices xc7a35t_0]
set_property FULL_PROBES.FILE {} [get_hw_devices xc7a35t_0]
set_property PROGRAM.FILE {D:/GitHub/pipelineCPU/pipelineCPU.runs/impl_1/top_module.bit} [get_hw_devices xc7a35t_0]
program_hw_devices [get_hw_devices xc7a35t_0]
INFO: [Labtools 27-3164] End of startup status: HIGH
refresh_hw_device [lindex [get_hw_devices xc7a35t_0] 0]
INFO: [Labtools 27-1434] Device xc7a35t (JTAG device index = 0) is programmed with a design that has no supported debug core(s) in it.
WARNING: [Labtools 27-3361] The debug hub core was not detected.
Resolution: 
1. Make sure the clock connected to the debug hub (dbg_hub) core is a free running clock and is active.
2. Make sure the BSCAN_SWITCH_USER_MASK device property in Vivado Hardware Manager reflects the user scan chain setting in the design and refresh the device.  To determine the user scan chain setting in the design, open the implemented design and use 'get_property C_USER_SCAN_CHAIN [get_debug_cores dbg_hub]'.
For more details on setting the scan chain property, consult the Vivado Debug and Programming User Guide (UG908).
reset_run synth_1
launch_runs impl_1 -to_step write_bitstream -jobs 8
[Sat May 24 22:39:30 2025] Launched synth_1...
Run output will be captured here: D:/GitHub/pipelineCPU/pipelineCPU.runs/synth_1/runme.log
[Sat May 24 22:39:30 2025] Launched impl_1...
Run output will be captured here: D:/GitHub/pipelineCPU/pipelineCPU.runs/impl_1/runme.log
set_property PROBES.FILE {} [get_hw_devices xc7a35t_0]
set_property FULL_PROBES.FILE {} [get_hw_devices xc7a35t_0]
set_property PROGRAM.FILE {D:/GitHub/pipelineCPU/pipelineCPU.runs/impl_1/top_module.bit} [get_hw_devices xc7a35t_0]
program_hw_devices [get_hw_devices xc7a35t_0]
INFO: [Labtools 27-3164] End of startup status: HIGH
refresh_hw_device [lindex [get_hw_devices xc7a35t_0] 0]
INFO: [Labtools 27-1434] Device xc7a35t (JTAG device index = 0) is programmed with a design that has no supported debug core(s) in it.
WARNING: [Labtools 27-3361] The debug hub core was not detected.
Resolution: 
1. Make sure the clock connected to the debug hub (dbg_hub) core is a free running clock and is active.
2. Make sure the BSCAN_SWITCH_USER_MASK device property in Vivado Hardware Manager reflects the user scan chain setting in the design and refresh the device.  To determine the user scan chain setting in the design, open the implemented design and use 'get_property C_USER_SCAN_CHAIN [get_debug_cores dbg_hub]'.
For more details on setting the scan chain property, consult the Vivado Debug and Programming User Guide (UG908).
report_timing_summary -delay_type min_max -report_unconstrained -check_timing_verbose -max_paths 10 -input_pins -routable_nets -name timing_1
INFO: [Timing 38-91] UpdateTimingParams: Speed grade: -1, Delay Type: min_max.
INFO: [Timing 38-191] Multithreading enabled for timing update using a maximum of 2 CPUs
refresh_design
INFO: [Netlist 29-17] Analyzing 1524 Unisim elements for replacement
INFO: [Netlist 29-28] Unisim Transformation completed in 0 CPU seconds
INFO: [Project 1-479] Netlist was created with Vivado 2017.4
INFO: [Project 1-570] Preparing netlist for logic optimization
WARNING: [Constraints 18-550] Could not create 'IBUF_LOW_PWR' constraint because net 'uut_clk/clk_in1' is not directly connected to top level port. 'IBUF_LOW_PWR' is ignored by Vivado but preserved for implementation tool. [D:/GitHub/pipelineCPU/pipelineCPU.runs/impl_1/.Xil/Vivado-16768-DESKTOP-TB8HVUN/dcp5/cpuclk.edf:276]
Parsing XDC File [D:/GitHub/pipelineCPU/.Xil/Vivado-10428-DESKTOP-TB8HVUN/dcp10/top_module_board.xdc]
Finished Parsing XDC File [D:/GitHub/pipelineCPU/.Xil/Vivado-10428-DESKTOP-TB8HVUN/dcp10/top_module_board.xdc]
Parsing XDC File [D:/GitHub/pipelineCPU/.Xil/Vivado-10428-DESKTOP-TB8HVUN/dcp10/top_module_early.xdc]
INFO: [Timing 38-35] Done setting XDC timing constraints. [D:/GitHub/pipelineCPU/pipelineCPU.srcs/sources_1/ip/cpuclk/cpuclk.xdc:57]
INFO: [Timing 38-2] Deriving generated clocks [D:/GitHub/pipelineCPU/pipelineCPU.srcs/sources_1/ip/cpuclk/cpuclk.xdc:57]
Finished Parsing XDC File [D:/GitHub/pipelineCPU/.Xil/Vivado-10428-DESKTOP-TB8HVUN/dcp10/top_module_early.xdc]
Parsing XDC File [D:/GitHub/pipelineCPU/.Xil/Vivado-10428-DESKTOP-TB8HVUN/dcp10/top_module.xdc]
Finished Parsing XDC File [D:/GitHub/pipelineCPU/.Xil/Vivado-10428-DESKTOP-TB8HVUN/dcp10/top_module.xdc]
Reading XDEF placement.
Reading placer database...
Reading XDEF routing.
Read XDEF File: Time (s): cpu = 00:00:01 ; elapsed = 00:00:00.954 . Memory (MB): peak = 2602.336 ; gain = 0.000
Restored from archive | CPU: 1.000000 secs | Memory: 0.000000 MB |
Finished XDEF File Restore: Time (s): cpu = 00:00:01 ; elapsed = 00:00:00.955 . Memory (MB): peak = 2602.336 ; gain = 0.000
refresh_design: Time (s): cpu = 00:00:13 ; elapsed = 00:00:08 . Memory (MB): peak = 2602.336 ; gain = 32.359
CRITICAL WARNING: [Timing 38-282] The design failed to meet the timing requirements. Please see the timing summary report for details on the timing violations.
exit
INFO: [Common 17-206] Exiting Vivado at Sat May 24 23:01:47 2025...
